Archive member included because of file (symbol)

C:\Users\david\AppData\Local\arduino15\packages\arduino\hardware\sam\1.6.11\variants\arduino_due_x/libsam_sam3x8e_gcc_rel.a(pio.o)
                              C:\Users\david\AppData\Local\Temp\VMBuilds\Rhino\arduino_due_x_dbg\Debug\SPI\SPI.cpp.o (PIO_Configure)
C:\Users\david\AppData\Local\arduino15\packages\arduino\hardware\sam\1.6.11\variants\arduino_due_x/libsam_sam3x8e_gcc_rel.a(pmc.o)
                              C:\Users\david\AppData\Local\Temp\VMBuilds\Rhino\arduino_due_x_dbg\Debug\variant\variant.cpp.o (pmc_enable_periph_clk)
C:\Users\david\AppData\Local\arduino15\packages\arduino\hardware\sam\1.6.11\variants\arduino_due_x/libsam_sam3x8e_gcc_rel.a(spi.o)
                              C:\Users\david\AppData\Local\Temp\VMBuilds\Rhino\arduino_due_x_dbg\Debug\SPI\SPI.cpp.o (SPI_Enable)
C:\Users\david\AppData\Local\arduino15\packages\arduino\hardware\sam\1.6.11\variants\arduino_due_x/libsam_sam3x8e_gcc_rel.a(system_sam3xa.o)
                              C:\Users\david\AppData\Local\Temp\VMBuilds\Rhino\arduino_due_x_dbg\Debug\variant\variant.cpp.o (SystemInit)
C:\Users\david\AppData\Local\arduino15\packages\arduino\hardware\sam\1.6.11\variants\arduino_due_x/libsam_sam3x8e_gcc_rel.a(startup_sam3xa.o)
                              (Reset_Handler)
C:\Users\david\AppData\Local\arduino15\packages\arduino\hardware\sam\1.6.11\variants\arduino_due_x/libsam_sam3x8e_gcc_rel.a(adc.o)
                              C:\Users\david\AppData\Local\Temp\VMBuilds\Rhino\arduino_due_x_dbg\Debug\variant\variant.cpp.o (adc_init)
C:\Users\david\AppData\Local\arduino15\packages\arduino\hardware\sam\1.6.11\variants\arduino_due_x/libsam_sam3x8e_gcc_rel.a(uotghs.o)
                              C:\Users\david\AppData\Local\arduino15\packages\arduino\hardware\sam\1.6.11\variants\arduino_due_x/libsam_sam3x8e_gcc_rel.a(startup_sam3xa.o) (UOTGHS_Handler)
C:\Users\david\AppData\Local\Temp\VMBuilds\Rhino\arduino_due_x_dbg\Debug/core.a(cortex_handlers.c.o)
                              C:\Users\david\AppData\Local\arduino15\packages\arduino\hardware\sam\1.6.11\variants\arduino_due_x/libsam_sam3x8e_gcc_rel.a(startup_sam3xa.o) (NMI_Handler)
C:\Users\david\AppData\Local\Temp\VMBuilds\Rhino\arduino_due_x_dbg\Debug/core.a(hooks.c.o)
                              C:\Users\david\AppData\Local\Temp\VMBuilds\Rhino\arduino_due_x_dbg\Debug/core.a(cortex_handlers.c.o) (sysTickHook)
C:\Users\david\AppData\Local\Temp\VMBuilds\Rhino\arduino_due_x_dbg\Debug/core.a(syscalls_sam3.c.o)
                              (_sbrk)
C:\Users\david\AppData\Local\Temp\VMBuilds\Rhino\arduino_due_x_dbg\Debug/core.a(wiring.c.o)
                              C:\Users\david\AppData\Local\Temp\VMBuilds\Rhino\arduino_due_x_dbg\Debug\Rhino.cpp.o (millis)
C:\Users\david\AppData\Local\Temp\VMBuilds\Rhino\arduino_due_x_dbg\Debug/core.a(wiring_analog.c.o)
                              C:\Users\david\AppData\Local\Temp\VMBuilds\Rhino\arduino_due_x_dbg\Debug\IcarusCelle\IcarusCelle.cpp.o (analogRead)
C:\Users\david\AppData\Local\Temp\VMBuilds\Rhino\arduino_due_x_dbg\Debug/core.a(wiring_digital.c.o)
                              C:\Users\david\AppData\Local\Temp\VMBuilds\Rhino\arduino_due_x_dbg\Debug\Rhino.cpp.o (pinMode)
C:\Users\david\AppData\Local\Temp\VMBuilds\Rhino\arduino_due_x_dbg\Debug/core.a(abi.cpp.o)
                              C:\Users\david\AppData\Local\Temp\VMBuilds\Rhino\arduino_due_x_dbg\Debug\SD\File.cpp.o (__cxa_pure_virtual)
C:\Users\david\AppData\Local\Temp\VMBuilds\Rhino\arduino_due_x_dbg\Debug/core.a(main.cpp.o)
                              c:/users/david/appdata/local/arduino15/packages/arduino/tools/arm-none-eabi-gcc/4.8.3-2014q1/bin/../lib/gcc/arm-none-eabi/4.8.3/../../../../arm-none-eabi/lib/armv7-m/crt0.o (main)
C:\Users\david\AppData\Local\Temp\VMBuilds\Rhino\arduino_due_x_dbg\Debug/core.a(Print.cpp.o)
                              C:\Users\david\AppData\Local\Temp\VMBuilds\Rhino\arduino_due_x_dbg\Debug\SD\File.cpp.o (Print::write(unsigned char const*, unsigned int))
C:\Users\david\AppData\Local\Temp\VMBuilds\Rhino\arduino_due_x_dbg\Debug/core.a(Reset.cpp.o)
                              C:\Users\david\AppData\Local\Temp\VMBuilds\Rhino\arduino_due_x_dbg\Debug/core.a(cortex_handlers.c.o) (tickReset)
C:\Users\david\AppData\Local\Temp\VMBuilds\Rhino\arduino_due_x_dbg\Debug/core.a(RingBuffer.cpp.o)
                              C:\Users\david\AppData\Local\Temp\VMBuilds\Rhino\arduino_due_x_dbg\Debug\variant\variant.cpp.o (RingBuffer::RingBuffer())
C:\Users\david\AppData\Local\Temp\VMBuilds\Rhino\arduino_due_x_dbg\Debug/core.a(UARTClass.cpp.o)
                              C:\Users\david\AppData\Local\Temp\VMBuilds\Rhino\arduino_due_x_dbg\Debug\variant\variant.cpp.o (UARTClass::available())
C:\Users\david\AppData\Local\Temp\VMBuilds\Rhino\arduino_due_x_dbg\Debug/core.a(USARTClass.cpp.o)
[...]
Memory Configuration

Name             Origin             Length             Attributes
rom              0x00080000         0x00080000         xr
sram0            0x20000000         0x00010000         xrw
sram1            0x20080000         0x00008000         xrw
ram              0x20070000         0x00018000         xrw
*default*        0x00000000         0xffffffff

Linker script and memory map

LOAD c:/users/david/appdata/local/arduino15/packages/arduino/tools/arm-none-eabi-gcc/4.8.3-2014q1/bin/../lib/gcc/arm-none-eabi/4.8.3/armv7-m/crti.o
LOAD c:/users/david/appdata/local/arduino15/packages/arduino/tools/arm-none-eabi-gcc/4.8.3-2014q1/bin/../lib/gcc/arm-none-eabi/4.8.3/armv7-m/crtbegin.o
LOAD c:/users/david/appdata/local/arduino15/packages/arduino/tools/arm-none-eabi-gcc/4.8.3-2014q1/bin/../lib/gcc/arm-none-eabi/4.8.3/../../../../arm-none-eabi/lib/armv7-m/crt0.o
START GROUP
LOAD C:\Users\david\AppData\Local\Temp\VMBuilds\Rhino\arduino_due_x_dbg\Debug\Rhino.cpp.o
LOAD C:\Users\david\AppData\Local\Temp\VMBuilds\Rhino\arduino_due_x_dbg\Debug\SPI\SPI.cpp.o
LOAD C:\Users\david\AppData\Local\Temp\VMBuilds\Rhino\arduino_due_x_dbg\Debug\SD\File.cpp.o
LOAD C:\Users\david\AppData\Local\Temp\VMBuilds\Rhino\arduino_due_x_dbg\Debug\SD\SD.cpp.o
LOAD C:\Users\david\AppData\Local\Temp\VMBuilds\Rhino\arduino_due_x_dbg\Debug\SD\utility\Sd2Card.cpp.o
LOAD C:\Users\david\AppData\Local\Temp\VMBuilds\Rhino\arduino_due_x_dbg\Debug\SD\utility\SdFile.cpp.o
LOAD C:\Users\david\AppData\Local\Temp\VMBuilds\Rhino\arduino_due_x_dbg\Debug\SD\utility\SdVolume.cpp.o
LOAD C:\Users\david\AppData\Local\Temp\VMBuilds\Rhino\arduino_due_x_dbg\Debug\IcarusCelle\IcarusCelle.cpp.o
LOAD C:\Users\david\AppData\Local\Temp\VMBuilds\Rhino\arduino_due_x_dbg\Debug\IcarusIO\IcarusIO.cpp.o
LOAD C:\Users\david\AppData\Local\Temp\VMBuilds\Rhino\arduino_due_x_dbg\Debug\IcarusXbee\IcarusXbee.cpp.o
LOAD C:\Users\david\AppData\Local\Temp\VMBuilds\Rhino\arduino_due_x_dbg\Debug\xbee-arduino-master\Printers.cpp.o
LOAD C:\Users\david\AppData\Local\Temp\VMBuilds\Rhino\arduino_due_x_dbg\Debug\xbee-arduino-master\XBee.cpp.o
LOAD C:\Users\david\AppData\Local\Temp\VMBuilds\Rhino\arduino_due_x_dbg\Debug\variant\variant.cpp.o
LOAD C:\Users\david\AppData\Local\arduino15\packages\arduino\hardware\sam\1.6.11\variants\arduino_due_x/libsam_sam3x8e_gcc_rel.a
LOAD C:\Users\david\AppData\Local\Temp\VMBuilds\Rhino\arduino_due_x_dbg\Debug/core.a
END GROUP
LOAD c:/users/david/appdata/local/arduino15/packages/arduino/tools/arm-none-eabi-gcc/4.8.3-2014q1/bin/../lib/gcc/arm-none-eabi/4.8.3/../../../../arm-none-eabi/lib/armv7-m\libm.a
START GROUP
LOAD c:/users/david/appdata/local/arduino15/packages/arduino/tools/arm-none-eabi-gcc/4.8.3-2014q1/bin/../lib/gcc/arm-none-eabi/4.8.3/armv7-m\libgcc.a
LOAD c:/users/david/appdata/local/arduino15/packages/arduino/tools/arm-none-eabi-gcc/4.8.3-2014q1/bin/../lib/gcc/arm-none-eabi/4.8.3/../../../../arm-none-eabi/lib/armv7-m\libg.a
LOAD c:/users/david/appdata/local/arduino15/packages/arduino/tools/arm-none-eabi-gcc/4.8.3-2014q1/bin/../lib/gcc/arm-none-eabi/4.8.3/../../../../arm-none-eabi/lib/armv7-m\libc.a
END GROUP
LOAD c:/users/david/appdata/local/arduino15/packages/arduino/tools/arm-none-eabi-gcc/4.8.3-2014q1/bin/../lib/gcc/arm-none-eabi/4.8.3/armv7-m/crtend.o
LOAD c:/users/david/appdata/local/arduino15/packages/arduino/tools/arm-none-eabi-gcc/4.8.3-2014q1/bin/../lib/gcc/arm-none-eabi/4.8.3/armv7-m/crtn.o

.text           0x00080000     0x9ee4
                0x00080000                . = ALIGN (0x4)
                0x00080000                _sfixed = .
 *(.vectors .vectors.*)
 .vectors       0x00080000       0xf4 C:\Users\david\AppData\Local\arduino15\packages\arduino\hardware\sam\1.6.11\variants\arduino_due_x/libsam_sam3x8e_gcc_rel.a(startup_sam3xa.o)
                0x00080000                exception_table
 *(.text .text.* .gnu.linkonce.t.*)
 .text          0x000800f4       0x54 c:/users/david/appdata/local/arduino15/packages/arduino/tools/arm-none-eabi-gcc/4.8.3-2014q1/bin/../lib/gcc/arm-none-eabi/4.8.3/armv7-m/crtbegin.o
 .text._Z10setupPinIOv
                0x00080148       0x7e C:\Users\david\AppData\Local\Temp\VMBuilds\Rhino\arduino_due_x_dbg\Debug\Rhino.cpp.o
                0x00080148                setupPinIO()
 .text._Z5blinkhPmmt
                0x000801c6       0x26 C:\Users\david\AppData\Local\Temp\VMBuilds\Rhino\arduino_due_x_dbg\Debug\Rhino.cpp.o
                0x000801c6                blink(unsigned char, unsigned long*, unsigned long, unsigned short)
 .text._Z11setupSDCardv
                0x000801ec      0x154 C:\Users\david\AppData\Local\Temp\VMBuilds\Rhino\arduino_due_x_dbg\Debug\Rhino.cpp.o
                0x000801ec                setupSDCard()
 .text._Z4beepmt
                0x00080340       0x74 C:\Users\david\AppData\Local\Temp\VMBuilds\Rhino\arduino_due_x_dbg\Debug\Rhino.cpp.o
                0x00080340                beep(unsigned long, unsigned short)
 .text.startup._GLOBAL__sub_I_IO
                0x000803b4       0x54 C:\Users\david\AppData\Local\Temp\VMBuilds\Rhino\arduino_due_x_dbg\Debug\Rhino.cpp.o
 .text.loop     0x00080408      0x82c C:\Users\david\AppData\Local\Temp\VMBuilds\Rhino\arduino_due_x_dbg\Debug\Rhino.cpp.o
                0x00080408                loop
 .text._Z9setupXbeev
                0x00080c34       0x88 C:\Users\david\AppData\Local\Temp\VMBuilds\Rhino\arduino_due_x_dbg\Debug\Rhino.cpp.o
                0x00080c34                setupXbee()
 .text.setup    0x00080cbc       0x60 C:\Users\david\AppData\Local\Temp\VMBuilds\Rhino\arduino_due_x_dbg\Debug\Rhino.cpp.o
                0x00080cbc                setup
 .text._ZL10SPI_0_Initv
                0x00080d1c       0x48 C:\Users\david\AppData\Local\Temp\VMBuilds\Rhino\arduino_due_x_dbg\Debug\SPI\SPI.cpp.o
 .text._ZN8SPIClass4initEv
                0x00080d64       0x36 C:\Users\david\AppData\Local\Temp\VMBuilds\Rhino\arduino_due_x_dbg\Debug\SPI\SPI.cpp.o
                0x00080d64                SPIClass::init()
 *fill*         0x00080d9a        0x2 
 .text._ZN8SPIClass16beginTransactionEh11SPISettings
                0x00080d9c       0x98 C:\Users\david\AppData\Local\Temp\VMBuilds\Rhino\arduino_due_x_dbg\Debug\SPI\SPI.cpp.o
                0x00080d9c                SPIClass::beginTransaction(unsigned char, SPISettings)
 .text._ZN8SPIClass14endTransactionEv
                0x00080e34       0x50 C:\Users\david\AppData\Local\Temp\VMBuilds\Rhino\arduino_due_x_dbg\Debug\SPI\SPI.cpp.o
                0x00080e34                SPIClass::endTransaction()
 .text._ZN8SPIClass11setDataModeEhh
                0x00080e84       0x34 C:\Users\david\AppData\Local\Temp\VMBuilds\Rhino\arduino_due_x_dbg\Debug\SPI\SPI.cpp.o
                0x00080e84                SPIClass::setDataMode(unsigned char, unsigned char)
 .text._ZN8SPIClass15setClockDividerEhh
                0x00080eb8       0x2e C:\Users\david\AppData\Local\Temp\VMBuilds\Rhino\arduino_due_x_dbg\Debug\SPI\SPI.cpp.o
                0x00080eb8                SPIClass::setClockDivider(unsigned char, unsigned char)
 .text._ZN8SPIClass5beginEv
                0x00080ee6       0x22 C:\Users\david\AppData\Local\Temp\VMBuilds\Rhino\arduino_due_x_dbg\Debug\SPI\SPI.cpp.o
                0x00080ee6                SPIClass::begin()
 .text._ZN8SPIClass8transferEhh15SPITransferMode
                0x00080f08       0x5e C:\Users\david\AppData\Local\Temp\VMBuilds\Rhino\arduino_due_x_dbg\Debug\SPI\SPI.cpp.o
                0x00080f08                SPIClass::transfer(unsigned char, unsigned char, SPITransferMode)
 *fill*         0x00080f66        0x2 
 .text.startup._GLOBAL__sub_I__ZN8SPIClassC2EP3SpimPFvvE
                0x00080f68       0x24 C:\Users\david\AppData\Local\Temp\VMBuilds\Rhino\arduino_due_x_dbg\Debug\SPI\SPI.cpp.o
 .text._ZN5SDLib4File5writeEh
                0x00080f8c       0x16 C:\Users\david\AppData\Local\Temp\VMBuilds\Rhino\arduino_due_x_dbg\Debug\SD\File.cpp.o
                0x00080f8c                SDLib::File::write(unsigned char)
 .text._ZN5SDLib4File5writeEPKhj
                0x00080fa2       0x26 C:\Users\david\AppData\Local\Temp\VMBuilds\Rhino\arduino_due_x_dbg\Debug\SD\File.cpp.o
                0x00080fa2                SDLib::File::write(unsigned char const*, unsigned int)
 .text._ZN5SDLib4File5flushEv
                0x00080fc8        0xa C:\Users\david\AppData\Local\Temp\VMBuilds\Rhino\arduino_due_x_dbg\Debug\SD\File.cpp.o
                0x00080fc8                SDLib::File::flush()
 .text._ZN6SdFile4readEv
                0x00080fd2       0x20 C:\Users\david\AppData\Local\Temp\VMBuilds\Rhino\arduino_due_x_dbg\Debug\SD\File.cpp.o
                0x00080fd2                SdFile::read()
 .text._ZN5SDLib4File4readEv
                0x00080ff2       0x12 C:\Users\david\AppData\Local\Temp\VMBuilds\Rhino\arduino_due_x_dbg\Debug\SD\File.cpp.o
                0x00080ff2                SDLib::File::read()
 .text._ZN5SDLib4File4peekEv
                0x00081004       0x20 C:\Users\david\AppData\Local\Temp\VMBuilds\Rhino\arduino_due_x_dbg\Debug\SD\File.cpp.o
                0x00081004                SDLib::File::peek()
 .text._ZN5SDLib4FileC2E6SdFilePKc
                0x00081024       0x50 C:\Users\david\AppData\Local\Temp\VMBuilds\Rhino\arduino_due_x_dbg\Debug\SD\File.cpp.o
                0x00081024                SDLib::File::File(SdFile, char const*)
                0x00081024                SDLib::File::File(SdFile, char const*)
 .text._ZN5SDLib4FileC2Ev
                0x00081074       0x18 C:\Users\david\AppData\Local\Temp\VMBuilds\Rhino\arduino_due_x_dbg\Debug\SD\File.cpp.o
                0x00081074                SDLib::File::File()
                0x00081074                SDLib::File::File()
 .text._ZN5SDLib4File8positionEv
                0x0008108c        0xe C:\Users\david\AppData\Local\Temp\VMBuilds\Rhino\arduino_due_x_dbg\Debug\SD\File.cpp.o
                0x0008108c                SDLib::File::position()
 .text._ZN5SDLib4File4sizeEv
                0x0008109a        0x8 C:\Users\david\AppData\Local\Temp\VMBuilds\Rhino\arduino_due_x_dbg\Debug\SD\File.cpp.o
                0x0008109a                SDLib::File::size()
 .text._ZN5SDLib4File9availableEv
                0x000810a2       0x26 C:\Users\david\AppData\Local\Temp\VMBuilds\Rhino\arduino_due_x_dbg\Debug\SD\File.cpp.o
                0x000810a2                SDLib::File::available()
 .text._ZN5SDLib19callback_pathExistsER6SdFilePKcbPv
                0x000810c8       0x38 C:\Users\david\AppData\Local\Temp\VMBuilds\Rhino\arduino_due_x_dbg\Debug\SD\SD.cpp.o
                0x000810c8                SDLib::callback_pathExists(SdFile&, char const*, bool, void*)
 .text._ZN8SdVolume4initEP7Sd2Card
                0x00081100       0x20 C:\Users\david\AppData\Local\Temp\VMBuilds\Rhino\arduino_due_x_dbg\Debug\SD\SD.cpp.o
                0x00081100                SdVolume::init(Sd2Card*)
 .text._ZN5SDLib20getNextPathComponentEPKcPjPc
                0x00081120       0x40 C:\Users\david\AppData\Local\Temp\VMBuilds\Rhino\arduino_due_x_dbg\Debug\SD\SD.cpp.o
                0x00081120                SDLib::getNextPathComponent(char const*, unsigned int*, char*)
 .text._ZN5SDLib8walkPathEPKcR6SdFilePFbS3_S1_bPvES4_
                0x00081160       0x9c C:\Users\david\AppData\Local\Temp\VMBuilds\Rhino\arduino_due_x_dbg\Debug\SD\SD.cpp.o
                0x00081160                SDLib::walkPath(char const*, SdFile&, bool (*)(SdFile&, char const*, bool, void*), void*)
 .text._ZN5SDLib7SDClass5beginEh
                0x000811fc       0x34 C:\Users\david\AppData\Local\Temp\VMBuilds\Rhino\arduino_due_x_dbg\Debug\SD\SD.cpp.o
                0x000811fc                SDLib::SDClass::begin(unsigned char)
 .text._ZN6SdFileC2ERKS_
                0x00081230       0x34 C:\Users\david\AppData\Local\Temp\VMBuilds\Rhino\arduino_due_x_dbg\Debug\SD\SD.cpp.o
                0x00081230                SdFile::SdFile(SdFile const&)
                0x00081230                SdFile::SdFile(SdFile const&)
 .text._ZN5SDLib7SDClass12getParentDirEPKcPi
                0x00081264       0xac C:\Users\david\AppData\Local\Temp\VMBuilds\Rhino\arduino_due_x_dbg\Debug\SD\SD.cpp.o
                0x00081264                SDLib::SDClass::getParentDir(char const*, int*)
 .text._ZN5SDLib7SDClass4openEPKch
                0x00081310       0xa4 C:\Users\david\AppData\Local\Temp\VMBuilds\Rhino\arduino_due_x_dbg\Debug\SD\SD.cpp.o
                0x00081310                SDLib::SDClass::open(char const*, unsigned char)
 .text._ZN5SDLib7SDClass6existsEPKc
                0x000813b4       0x14 C:\Users\david\AppData\Local\Temp\VMBuilds\Rhino\arduino_due_x_dbg\Debug\SD\SD.cpp.o
                0x000813b4                SDLib::SDClass::exists(char const*)
 .text.startup._GLOBAL__sub_I__ZN5SDLib20getNextPathComponentEPKcPjPc
                0x000813c8       0x28 C:\Users\david\AppData\Local\Temp\VMBuilds\Rhino\arduino_due_x_dbg\Debug\SD\SD.cpp.o
 .text._ZL7spiSendh
                0x000813f0       0x10 C:\Users\david\AppData\Local\Temp\VMBuilds\Rhino\arduino_due_x_dbg\Debug\SD\utility\Sd2Card.cpp.o
 .text._ZL6spiRecv
                0x00081400       0x10 C:\Users\david\AppData\Local\Temp\VMBuilds\Rhino\arduino_due_x_dbg\Debug\SD\utility\Sd2Card.cpp.o
 .text._ZN7Sd2Card14chipSelectHighEv
                0x00081410       0x28 C:\Users\david\AppData\Local\Temp\VMBuilds\Rhino\arduino_due_x_dbg\Debug\SD\utility\Sd2Card.cpp.o
                0x00081410                Sd2Card::chipSelectHigh()
 .text._ZN7Sd2Card13chipSelectLowEv
                0x00081438       0x40 C:\Users\david\AppData\Local\Temp\VMBuilds\Rhino\arduino_due_x_dbg\Debug\SD\utility\Sd2Card.cpp.o
                0x00081438                Sd2Card::chipSelectLow()
 .text._ZN7Sd2Card7readEndEv
                0x00081478       0x2a C:\Users\david\AppData\Local\Temp\VMBuilds\Rhino\arduino_due_x_dbg\Debug\SD\utility\Sd2Card.cpp.o
                0x00081478                Sd2Card::readEnd()
 *fill*         0x000814a2        0x2 
 .text._ZN7Sd2Card10setSckRateEh
                0x000814a4       0x58 C:\Users\david\AppData\Local\Temp\VMBuilds\Rhino\arduino_due_x_dbg\Debug\SD\utility\Sd2Card.cpp.o
                0x000814a4                Sd2Card::setSckRate(unsigned char)
 .text._ZN7Sd2Card11waitNotBusyEt
                0x000814fc       0x28 C:\Users\david\AppData\Local\Temp\VMBuilds\Rhino\arduino_due_x_dbg\Debug\SD\utility\Sd2Card.cpp.o
                0x000814fc                Sd2Card::waitNotBusy(unsigned short)
 .text._ZN7Sd2Card11cardCommandEhm
                0x00081524       0x60 C:\Users\david\AppData\Local\Temp\VMBuilds\Rhino\arduino_due_x_dbg\Debug\SD\utility\Sd2Card.cpp.o
                0x00081524                Sd2Card::cardCommand(unsigned char, unsigned long)
 .text._ZN7Sd2Card4initEhh
                0x00081584      0x150 C:\Users\david\AppData\Local\Temp\VMBuilds\Rhino\arduino_due_x_dbg\Debug\SD\utility\Sd2Card.cpp.o
                0x00081584                Sd2Card::init(unsigned char, unsigned char)
 .text._ZN7Sd2Card14waitStartBlockEv
                0x000816d4       0x3e C:\Users\david\AppData\Local\Temp\VMBuilds\Rhino\arduino_due_x_dbg\Debug\SD\utility\Sd2Card.cpp.o
                0x000816d4                Sd2Card::waitStartBlock()
 .text._ZN7Sd2Card8readDataEmttPh
                0x00081712       0xa4 C:\Users\david\AppData\Local\Temp\VMBuilds\Rhino\arduino_due_x_dbg\Debug\SD\utility\Sd2Card.cpp.o
                0x00081712                Sd2Card::readData(unsigned long, unsigned short, unsigned short, unsigned char*)
 .text._ZN7Sd2Card9readBlockEmPh
                0x000817b6       0x14 C:\Users\david\AppData\Local\Temp\VMBuilds\Rhino\arduino_due_x_dbg\Debug\SD\utility\Sd2Card.cpp.o
                0x000817b6                Sd2Card::readBlock(unsigned long, unsigned char*)
 .text._ZN7Sd2Card9writeDataEhPKh
                0x000817ca       0x48 C:\Users\david\AppData\Local\Temp\VMBuilds\Rhino\arduino_due_x_dbg\Debug\SD\utility\Sd2Card.cpp.o
                0x000817ca                Sd2Card::writeData(unsigned char, unsigned char const*)
 .text._ZN7Sd2Card10writeBlockEmPKh
                0x00081812       0x6c C:\Users\david\AppData\Local\Temp\VMBuilds\Rhino\arduino_due_x_dbg\Debug\SD\utility\Sd2Card.cpp.o
                0x00081812                Sd2Card::writeBlock(unsigned long, unsigned char const*)
 *fill*         0x0008187e        0x2 
 .text.startup._GLOBAL__sub_I__ZN7Sd2Card11cardCommandEhm
                0x00081880       0x14 C:\Users\david\AppData\Local\Temp\VMBuilds\Rhino\arduino_due_x_dbg\Debug\SD\utility\Sd2Card.cpp.o
 .text._ZN6SdFile10addClusterEv
                0x00081894       0x26 C:\Users\david\AppData\Local\Temp\VMBuilds\Rhino\arduino_due_x_dbg\Debug\SD\utility\SdFile.cpp.o
                0x00081894                SdFile::addCluster()
 .text._ZN6SdFile13addDirClusterEv
                0x000818ba       0x46 C:\Users\david\AppData\Local\Temp\VMBuilds\Rhino\arduino_due_x_dbg\Debug\SD\utility\SdFile.cpp.o
                0x000818ba                SdFile::addDirCluster()
 .text._ZN6SdFile13cacheDirEntryEh
                0x00081900       0x1c C:\Users\david\AppData\Local\Temp\VMBuilds\Rhino\arduino_due_x_dbg\Debug\SD\utility\SdFile.cpp.o
                0x00081900                SdFile::cacheDirEntry(unsigned char)
 .text._ZN6SdFile10make83NameEPKcPh
                0x0008191c       0x98 C:\Users\david\AppData\Local\Temp\VMBuilds\Rhino\arduino_due_x_dbg\Debug\SD\utility\SdFile.cpp.o
                0x0008191c                SdFile::make83Name(char const*, unsigned char*)
 .text._ZN6SdFile8openRootEP8SdVolume
                0x000819b4       0x50 C:\Users\david\AppData\Local\Temp\VMBuilds\Rhino\arduino_due_x_dbg\Debug\SD\utility\SdFile.cpp.o
                0x000819b4                SdFile::openRoot(SdVolume*)
 .text._ZN6SdFile4readEPvt
                0x00081a04      0x104 C:\Users\david\AppData\Local\Temp\VMBuilds\Rhino\arduino_due_x_dbg\Debug\SD\utility\SdFile.cpp.o
                0x00081a04                SdFile::read(void*, unsigned short)
 .text._ZN6SdFile12readDirCacheEv
                0x00081b08       0x44 C:\Users\david\AppData\Local\Temp\VMBuilds\Rhino\arduino_due_x_dbg\Debug\SD\utility\SdFile.cpp.o
                0x00081b08                SdFile::readDirCache()
 .text._ZN6SdFile7seekSetEm
                0x00081b4c       0x5e C:\Users\david\AppData\Local\Temp\VMBuilds\Rhino\arduino_due_x_dbg\Debug\SD\utility\SdFile.cpp.o
                0x00081b4c                SdFile::seekSet(unsigned long)
 *fill*         0x00081baa        0x2 
 .text._ZN6SdFile4syncEv
                0x00081bac       0x58 C:\Users\david\AppData\Local\Temp\VMBuilds\Rhino\arduino_due_x_dbg\Debug\SD\utility\SdFile.cpp.o
                0x00081bac                SdFile::sync()
 .text._ZN6SdFile5closeEv
                0x00081c04       0x12 C:\Users\david\AppData\Local\Temp\VMBuilds\Rhino\arduino_due_x_dbg\Debug\SD\utility\SdFile.cpp.o
                0x00081c04                SdFile::close()
 *fill*         0x00081c16        0x2 
 .text._ZN6SdFile8truncateEm
                0x00081c18       0xb0 C:\Users\david\AppData\Local\Temp\VMBuilds\Rhino\arduino_due_x_dbg\Debug\SD\utility\SdFile.cpp.o
                0x00081c18                SdFile::truncate(unsigned long)
 .text._ZN6SdFile15openCachedEntryEhh
                0x00081cc8       0x7c C:\Users\david\AppData\Local\Temp\VMBuilds\Rhino\arduino_due_x_dbg\Debug\SD\utility\SdFile.cpp.o
                0x00081cc8                SdFile::openCachedEntry(unsigned char, unsigned char)
 .text._ZN6SdFile4openEPS_PKch
                0x00081d44      0x110 C:\Users\david\AppData\Local\Temp\VMBuilds\Rhino\arduino_due_x_dbg\Debug\SD\utility\SdFile.cpp.o
                0x00081d44                SdFile::open(SdFile*, char const*, unsigned char)
 .text._ZN6SdFile5writeEPKvt
                0x00081e54      0x194 C:\Users\david\AppData\Local\Temp\VMBuilds\Rhino\arduino_due_x_dbg\Debug\SD\utility\SdFile.cpp.o
                0x00081e54                SdFile::write(void const*, unsigned short)
 .text._ZN6SdFile5writeEh
                0x00081fe8       0x16 C:\Users\david\AppData\Local\Temp\VMBuilds\Rhino\arduino_due_x_dbg\Debug\SD\utility\SdFile.cpp.o
                0x00081fe8                SdFile::write(unsigned char)
 *fill*         0x00081ffe        0x2 
 .text._ZN8SdVolume10cacheFlushEv
                0x00082000       0x4c C:\Users\david\AppData\Local\Temp\VMBuilds\Rhino\arduino_due_x_dbg\Debug\SD\utility\SdVolume.cpp.o
                0x00082000                SdVolume::cacheFlush()
 .text._ZN8SdVolume13cacheRawBlockEmh
                0x0008204c       0x48 C:\Users\david\AppData\Local\Temp\VMBuilds\Rhino\arduino_due_x_dbg\Debug\SD\utility\SdVolume.cpp.o
                0x0008204c                SdVolume::cacheRawBlock(unsigned long, unsigned char)
 .text._ZN8SdVolume14cacheZeroBlockEm
                0x00082094       0x38 C:\Users\david\AppData\Local\Temp\VMBuilds\Rhino\arduino_due_x_dbg\Debug\SD\utility\SdVolume.cpp.o
                0x00082094                SdVolume::cacheZeroBlock(unsigned long)
 .text._ZNK8SdVolume6fatGetEmPm
                0x000820cc       0x64 C:\Users\david\AppData\Local\Temp\VMBuilds\Rhino\arduino_due_x_dbg\Debug\SD\utility\SdVolume.cpp.o
                0x000820cc                SdVolume::fatGet(unsigned long, unsigned long*) const
 .text._ZNK8SdVolume9chainSizeEmPm
                0x00082130       0x44 C:\Users\david\AppData\Local\Temp\VMBuilds\Rhino\arduino_due_x_dbg\Debug\SD\utility\SdVolume.cpp.o
                0x00082130                SdVolume::chainSize(unsigned long, unsigned long*) const
 .text._ZN8SdVolume6fatPutEmm
                0x00082174       0x84 C:\Users\david\AppData\Local\Temp\VMBuilds\Rhino\arduino_due_x_dbg\Debug\SD\utility\SdVolume.cpp.o
                0x00082174                SdVolume::fatPut(unsigned long, unsigned long)
 .text._ZN8SdVolume15allocContiguousEmPm
                0x000821f8       0xb4 C:\Users\david\AppData\Local\Temp\VMBuilds\Rhino\arduino_due_x_dbg\Debug\SD\utility\SdVolume.cpp.o
                0x000821f8                SdVolume::allocContiguous(unsigned long, unsigned long*)
 .text._ZN8SdVolume9freeChainEm
                0x000822ac       0x48 C:\Users\david\AppData\Local\Temp\VMBuilds\Rhino\arduino_due_x_dbg\Debug\SD\utility\SdVolume.cpp.o
                0x000822ac                SdVolume::freeChain(unsigned long)
 .text._ZN8SdVolume4initEP7Sd2Cardh
                0x000822f4       0xf4 C:\Users\david\AppData\Local\Temp\VMBuilds\Rhino\arduino_due_x_dbg\Debug\SD\utility\SdVolume.cpp.o
                0x000822f4                SdVolume::init(Sd2Card*, unsigned char)
 .text._ZN11IcarusCelleC2Eh5celle
                0x000823e8       0x46 C:\Users\david\AppData\Local\Temp\VMBuilds\Rhino\arduino_due_x_dbg\Debug\IcarusCelle\IcarusCelle.cpp.o
                0x000823e8                IcarusCelle::IcarusCelle(unsigned char, celle)
                0x000823e8                IcarusCelle::IcarusCelle(unsigned char, celle)
 .text._ZN11IcarusCelle12measureForceEv
                0x0008242e        0xc C:\Users\david\AppData\Local\Temp\VMBuilds\Rhino\arduino_due_x_dbg\Debug\IcarusCelle\IcarusCelle.cpp.o
                0x0008242e                IcarusCelle::measureForce()
 .text._ZN8IcarusIOC2EP6Stream
                0x0008243a        0x4 C:\Users\david\AppData\Local\Temp\VMBuilds\Rhino\arduino_due_x_dbg\Debug\IcarusIO\IcarusIO.cpp.o
                0x0008243a                IcarusIO::IcarusIO(Stream*)
                0x0008243a                IcarusIO::IcarusIO(Stream*)
 *fill*         0x0008243e        0x2 
 .text._ZN10IcarusXbeeC2EP8IcarusIO13IcarusAddressP6Stream
                0x00082440      0x2b0 C:\Users\david\AppData\Local\Temp\VMBuilds\Rhino\arduino_due_x_dbg\Debug\IcarusXbee\IcarusXbee.cpp.o
                0x00082440                IcarusXbee::IcarusXbee(IcarusIO*, IcarusAddress, Stream*)
                0x00082440                IcarusXbee::IcarusXbee(IcarusIO*, IcarusAddress, Stream*)
 .text._ZN10IcarusXbee12addToPayloadE8dataType
                0x000826f0      0x3f4 C:\Users\david\AppData\Local\Temp\VMBuilds\Rhino\arduino_due_x_dbg\Debug\IcarusXbee\IcarusXbee.cpp.o
                0x000826f0                IcarusXbee::addToPayload(dataType)
 .text._ZN10IcarusXbee4SendEv
                0x00082ae4       0x70 C:\Users\david\AppData\Local\Temp\VMBuilds\Rhino\arduino_due_x_dbg\Debug\IcarusXbee\IcarusXbee.cpp.o
                0x00082ae4                IcarusXbee::Send()
 .text._ZN10IcarusXbee19handleXbeeRxMessageEPhh
                0x00082b54      0x28a C:\Users\david\AppData\Local\Temp\VMBuilds\Rhino\arduino_due_x_dbg\Debug\IcarusXbee\IcarusXbee.cpp.o
                0x00082b54                IcarusXbee::handleXbeeRxMessage(unsigned char*, unsigned char)
 .text._ZN10IcarusXbee11SendCmdFireE11typeCmdFire
                0x00082dde       0x44 C:\Users\david\AppData\Local\Temp\VMBuilds\Rhino\arduino_due_x_dbg\Debug\IcarusXbee\IcarusXbee.cpp.o
                0x00082dde                IcarusXbee::SendCmdFire(typeCmdFire)
 .text._ZN10IcarusXbee11readCmdFireEv
                0x00082e22       0x2e C:\Users\david\AppData\Local\Temp\VMBuilds\Rhino\arduino_due_x_dbg\Debug\IcarusXbee\IcarusXbee.cpp.o
                0x00082e22                IcarusXbee::readCmdFire()
 .text._ZN10IcarusXbee6getCmdEv
                0x00082e50        0xe C:\Users\david\AppData\Local\Temp\VMBuilds\Rhino\arduino_due_x_dbg\Debug\IcarusXbee\IcarusXbee.cpp.o
                0x00082e50                IcarusXbee::getCmd()
 *fill*         0x00082e5e        0x2 
 .text._ZN10IcarusXbee4ReadEv
                0x00082e60       0x8c C:\Users\david\AppData\Local\Temp\VMBuilds\Rhino\arduino_due_x_dbg\Debug\IcarusXbee\IcarusXbee.cpp.o
                0x00082e60                IcarusXbee::Read()
 .text._ZN12ZBRxResponse13getDataOffsetEv
                0x00082eec        0x4 C:\Users\david\AppData\Local\Temp\VMBuilds\Rhino\arduino_due_x_dbg\Debug\xbee-arduino-master\XBee.cpp.o
                0x00082eec                ZBRxResponse::getDataOffset()
 .text._ZN12ZBRxResponse13getDataLengthEv
                0x00082ef0       0x12 C:\Users\david\AppData\Local\Temp\VMBuilds\Rhino\arduino_due_x_dbg\Debug\xbee-arduino-master\XBee.cpp.o
                0x00082ef0                ZBRxResponse::getDataLength()
 .text._ZN11ZBTxRequest18getFrameDataLengthEv
                0x00082f02        0x8 C:\Users\david\AppData\Local\Temp\VMBuilds\Rhino\arduino_due_x_dbg\Debug\xbee-arduino-master\XBee.cpp.o
                0x00082f02                ZBTxRequest::getFrameDataLength()
 .text._ZN11ZBTxRequest12getFrameDataEh
                0x00082f0a       0x68 C:\Users\david\AppData\Local\Temp\VMBuilds\Rhino\arduino_due_x_dbg\Debug\xbee-arduino-master\XBee.cpp.o
                0x00082f0a                ZBTxRequest::getFrameData(unsigned char)
 .text._ZN12XBeeResponseC2Ev
                0x00082f72        0x2 C:\Users\david\AppData\Local\Temp\VMBuilds\Rhino\arduino_due_x_dbg\Debug\xbee-arduino-master\XBee.cpp.o
                0x00082f72                XBeeResponse::XBeeResponse()
                0x00082f72                XBeeResponse::XBeeResponse()
 .text._ZN12XBeeResponse8getApiIdEv
                0x00082f74        0x4 C:\Users\david\AppData\Local\Temp\VMBuilds\Rhino\arduino_due_x_dbg\Debug\xbee-arduino-master\XBee.cpp.o
                0x00082f74                XBeeResponse::getApiId()
 .text._ZN12XBeeResponse11isAvailableEv
                0x00082f78        0x4 C:\Users\david\AppData\Local\Temp\VMBuilds\Rhino\arduino_due_x_dbg\Debug\xbee-arduino-master\XBee.cpp.o
                0x00082f78                XBeeResponse::isAvailable()
 .text._ZN12XBeeResponse7isErrorEv
                0x00082f7c        0xa C:\Users\david\AppData\Local\Temp\VMBuilds\Rhino\arduino_due_x_dbg\Debug\xbee-arduino-master\XBee.cpp.o
                0x00082f7c                XBeeResponse::isError()
 .text._ZN12XBeeResponse12getErrorCodeEv
                0x00082f86        0x4 C:\Users\david\AppData\Local\Temp\VMBuilds\Rhino\arduino_due_x_dbg\Debug\xbee-arduino-master\XBee.cpp.o
                0x00082f86                XBeeResponse::getErrorCode()
 .text._ZN12XBeeResponse9setCommonERS_
                0x00082f8a       0x1e C:\Users\david\AppData\Local\Temp\VMBuilds\Rhino\arduino_due_x_dbg\Debug\xbee-arduino-master\XBee.cpp.o
                0x00082f8a                XBeeResponse::setCommon(XBeeResponse&)
 .text._ZN18ZBTxStatusResponseC2Ev
                0x00082fa8        0x2 C:\Users\david\AppData\Local\Temp\VMBuilds\Rhino\arduino_due_x_dbg\Debug\xbee-arduino-master\XBee.cpp.o
                0x00082fa8                ZBTxStatusResponse::ZBTxStatusResponse()
                0x00082fa8                ZBTxStatusResponse::ZBTxStatusResponse()
 *fill*         0x00082faa        0x2 
 .text._ZN12ZBRxResponseC2Ev
                0x00082fac       0x10 C:\Users\david\AppData\Local\Temp\VMBuilds\Rhino\arduino_due_x_dbg\Debug\xbee-arduino-master\XBee.cpp.o
                0x00082fac                ZBRxResponse::ZBRxResponse()
                0x00082fac                ZBRxResponse::ZBRxResponse()
 .text._ZN12XBeeResponse15getZBRxResponseERS_
                0x00082fbc       0x3e C:\Users\david\AppData\Local\Temp\VMBuilds\Rhino\arduino_due_x_dbg\Debug\xbee-arduino-master\XBee.cpp.o
                0x00082fbc                XBeeResponse::getZBRxResponse(XBeeResponse&)
 .text._ZN14RxDataResponse7getDataEv
                0x00082ffa        0xe C:\Users\david\AppData\Local\Temp\VMBuilds\Rhino\arduino_due_x_dbg\Debug\xbee-arduino-master\XBee.cpp.o
                0x00082ffa                RxDataResponse::getData()
 .text._ZN12XBeeResponse5resetEv
                0x00083008       0x12 C:\Users\david\AppData\Local\Temp\VMBuilds\Rhino\arduino_due_x_dbg\Debug\xbee-arduino-master\XBee.cpp.o
                0x00083008                XBeeResponse::reset()
 .text._ZN4XBee13resetResponseEv
                0x0008301a        0xc C:\Users\david\AppData\Local\Temp\VMBuilds\Rhino\arduino_due_x_dbg\Debug\xbee-arduino-master\XBee.cpp.o
                0x0008301a                XBee::resetResponse()
 *fill*         0x00083026        0x2 
 .text._ZN4XBeeC2Ev
                0x00083028       0x24 C:\Users\david\AppData\Local\Temp\VMBuilds\Rhino\arduino_due_x_dbg\Debug\xbee-arduino-master\XBee.cpp.o
                0x00083028                XBee::XBee()
                0x00083028                XBee::XBee()
 .text._ZN4XBee9setSerialER6Stream
                0x0008304c        0x6 C:\Users\david\AppData\Local\Temp\VMBuilds\Rhino\arduino_due_x_dbg\Debug\xbee-arduino-master\XBee.cpp.o
                0x0008304c                XBee::setSerial(Stream&)
 .text._ZN4XBee9availableEv
                0x00083052       0x14 C:\Users\david\AppData\Local\Temp\VMBuilds\Rhino\arduino_due_x_dbg\Debug\xbee-arduino-master\XBee.cpp.o
                0x00083052                XBee::available()
 .text._ZN4XBee4readEv
                0x00083066       0x10 C:\Users\david\AppData\Local\Temp\VMBuilds\Rhino\arduino_due_x_dbg\Debug\xbee-arduino-master\XBee.cpp.o
                0x00083066                XBee::read()
 .text._ZN4XBee5writeEh
                0x00083076        0xe C:\Users\david\AppData\Local\Temp\VMBuilds\Rhino\arduino_due_x_dbg\Debug\xbee-arduino-master\XBee.cpp.o
                0x00083076                XBee::write(unsigned char)
 .text._ZN4XBee11getResponseEv
                0x00083084        0x2 C:\Users\david\AppData\Local\Temp\VMBuilds\Rhino\arduino_due_x_dbg\Debug\xbee-arduino-master\XBee.cpp.o
                0x00083084                XBee::getResponse()
 .text._ZN4XBee10readPacketEv
                0x00083086       0xe6 C:\Users\david\AppData\Local\Temp\VMBuilds\Rhino\arduino_due_x_dbg\Debug\xbee-arduino-master\XBee.cpp.o
                0x00083086                XBee::readPacket()
 .text._ZN11ZBTxRequestC2Ev
                0x0008316c       0x28 C:\Users\david\AppData\Local\Temp\VMBuilds\Rhino\arduino_due_x_dbg\Debug\xbee-arduino-master\XBee.cpp.o
                0x0008316c                ZBTxRequest::ZBTxRequest()
                0x0008316c                ZBTxRequest::ZBTxRequest()
 .text._ZN11ZBTxRequestC2ERK13XBeeAddress64Phh
                0x00083194       0x38 C:\Users\david\AppData\Local\Temp\VMBuilds\Rhino\arduino_due_x_dbg\Debug\xbee-arduino-master\XBee.cpp.o
                0x00083194                ZBTxRequest::ZBTxRequest(XBeeAddress64 const&, unsigned char*, unsigned char)
                0x00083194                ZBTxRequest::ZBTxRequest(XBeeAddress64 const&, unsigned char*, unsigned char)
 .text._ZN4XBee8sendByteEhb
                0x000831cc       0x34 C:\Users\david\AppData\Local\Temp\VMBuilds\Rhino\arduino_due_x_dbg\Debug\xbee-arduino-master\XBee.cpp.o
                0x000831cc                XBee::sendByte(unsigned char, bool)
 .text._ZN4XBee4sendER11XBeeRequest
                0x00083200       0xa0 C:\Users\david\AppData\Local\Temp\VMBuilds\Rhino\arduino_due_x_dbg\Debug\xbee-arduino-master\XBee.cpp.o
                0x00083200                XBee::send(XBeeRequest&)
 .text._Z11serialEventv
                0x000832a0        0x2 C:\Users\david\AppData\Local\Temp\VMBuilds\Rhino\arduino_due_x_dbg\Debug\variant\variant.cpp.o
                0x000832a0                serialEvent()
 *fill*         0x000832a2        0x2 
 .text.UART_Handler
                0x000832a4        0xc C:\Users\david\AppData\Local\Temp\VMBuilds\Rhino\arduino_due_x_dbg\Debug\variant\variant.cpp.o
                0x000832a4                UART_Handler
 .text._Z12serialEvent1v
                0x000832b0        0x2 C:\Users\david\AppData\Local\Temp\VMBuilds\Rhino\arduino_due_x_dbg\Debug\variant\variant.cpp.o
                0x000832b0                serialEvent1()
 .text._Z12serialEvent2v
                0x000832b2        0x2 C:\Users\david\AppData\Local\Temp\VMBuilds\Rhino\arduino_due_x_dbg\Debug\variant\variant.cpp.o
                0x000832b2                serialEvent2()
 .text._Z12serialEvent3v
                0x000832b4        0x2 C:\Users\david\AppData\Local\Temp\VMBuilds\Rhino\arduino_due_x_dbg\Debug\variant\variant.cpp.o
                0x000832b4                serialEvent3()
 *fill*         0x000832b6        0x2 
 .text.USART0_Handler
                0x000832b8        0xc C:\Users\david\AppData\Local\Temp\VMBuilds\Rhino\arduino_due_x_dbg\Debug\variant\variant.cpp.o
                0x000832b8                USART0_Handler
 .text.USART1_Handler
                0x000832c4        0xc C:\Users\david\AppData\Local\Temp\VMBuilds\Rhino\arduino_due_x_dbg\Debug\variant\variant.cpp.o
                0x000832c4                USART1_Handler
 .text.USART3_Handler
                0x000832d0        0xc C:\Users\david\AppData\Local\Temp\VMBuilds\Rhino\arduino_due_x_dbg\Debug\variant\variant.cpp.o
                0x000832d0                USART3_Handler
 .text.init     0x000832dc      0x128 C:\Users\david\AppData\Local\Temp\VMBuilds\Rhino\arduino_due_x_dbg\Debug\variant\variant.cpp.o
                0x000832dc                init
 .text.startup._GLOBAL__sub_I_g_APinDescription
                0x00083404       0xd4 C:\Users\david\AppData\Local\Temp\VMBuilds\Rhino\arduino_due_x_dbg\Debug\variant\variant.cpp.o
 .text._Z14serialEventRunv
                0x000834d8       0x44 C:\Users\david\AppData\Local\Temp\VMBuilds\Rhino\arduino_due_x_dbg\Debug\variant\variant.cpp.o
                0x000834d8                serialEventRun()
 .text.PIO_PullUp
                0x0008351c        0xa C:\Users\david\AppData\Local\arduino15\packages\arduino\hardware\sam\1.6.11\variants\arduino_due_x/libsam_sam3x8e_gcc_rel.a(pio.o)
                0x0008351c                PIO_PullUp
 .text.PIO_Get  0x00083526       0x14 C:\Users\david\AppData\Local\arduino15\packages\arduino\hardware\sam\1.6.11\variants\arduino_due_x/libsam_sam3x8e_gcc_rel.a(pio.o)
                0x00083526                PIO_Get
 .text.PIO_SetPeripheral
                0x0008353a       0x26 C:\Users\david\AppData\Local\arduino15\packages\arduino\hardware\sam\1.6.11\variants\arduino_due_x/libsam_sam3x8e_gcc_rel.a(pio.o)
                0x0008353a                PIO_SetPeripheral
 .text.PIO_SetInput
                0x00083560       0x26 C:\Users\david\AppData\Local\arduino15\packages\arduino\hardware\sam\1.6.11\variants\arduino_due_x/libsam_sam3x8e_gcc_rel.a(pio.o)
                0x00083560                PIO_SetInput
 .text.PIO_SetOutput
                0x00083586       0x24 C:\Users\david\AppData\Local\arduino15\packages\arduino\hardware\sam\1.6.11\variants\arduino_due_x/libsam_sam3x8e_gcc_rel.a(pio.o)
                0x00083586                PIO_SetOutput
 *fill*         0x000835aa        0x2 
 .text.PIO_Configure
                0x000835ac       0x64 C:\Users\david\AppData\Local\arduino15\packages\arduino\hardware\sam\1.6.11\variants\arduino_due_x/libsam_sam3x8e_gcc_rel.a(pio.o)
                0x000835ac                PIO_Configure
 .text.PIO_GetOutputDataStatus
                0x00083610       0x14 C:\Users\david\AppData\Local\arduino15\packages\arduino\hardware\sam\1.6.11\variants\arduino_due_x/libsam_sam3x8e_gcc_rel.a(pio.o)
                0x00083610                PIO_GetOutputDataStatus
 .text.pmc_enable_upll_clock
                0x00083624       0x14 C:\Users\david\AppData\Local\arduino15\packages\arduino\hardware\sam\1.6.11\variants\arduino_due_x/libsam_sam3x8e_gcc_rel.a(pmc.o)
                0x00083624                pmc_enable_upll_clock
 .text.pmc_enable_periph_clk
                0x00083638       0x44 C:\Users\david\AppData\Local\arduino15\packages\arduino\hardware\sam\1.6.11\variants\arduino_due_x/libsam_sam3x8e_gcc_rel.a(pmc.o)
                0x00083638                pmc_enable_periph_clk
 .text.pmc_disable_periph_clk
                0x0008367c       0x40 C:\Users\david\AppData\Local\arduino15\packages\arduino\hardware\sam\1.6.11\variants\arduino_due_x/libsam_sam3x8e_gcc_rel.a(pmc.o)
                0x0008367c                pmc_disable_periph_clk
 .text.pmc_switch_udpck_to_upllck
                0x000836bc       0x14 C:\Users\david\AppData\Local\arduino15\packages\arduino\hardware\sam\1.6.11\variants\arduino_due_x/libsam_sam3x8e_gcc_rel.a(pmc.o)
                0x000836bc                pmc_switch_udpck_to_upllck
 .text.pmc_enable_udpck
                0x000836d0        0xc C:\Users\david\AppData\Local\arduino15\packages\arduino\hardware\sam\1.6.11\variants\arduino_due_x/libsam_sam3x8e_gcc_rel.a(pmc.o)
                0x000836d0                pmc_enable_udpck
 .text.SPI_Enable
                0x000836dc        0x6 C:\Users\david\AppData\Local\arduino15\packages\arduino\hardware\sam\1.6.11\variants\arduino_due_x/libsam_sam3x8e_gcc_rel.a(spi.o)
                0x000836dc                SPI_Enable
 *fill*         0x000836e2        0x2 
 .text.SPI_Configure
                0x000836e4       0x20 C:\Users\david\AppData\Local\arduino15\packages\arduino\hardware\sam\1.6.11\variants\arduino_due_x/libsam_sam3x8e_gcc_rel.a(spi.o)
                0x000836e4                SPI_Configure
 .text.SPI_ConfigureNPCS
                0x00083704        0x8 C:\Users\david\AppData\Local\arduino15\packages\arduino\hardware\sam\1.6.11\variants\arduino_due_x/libsam_sam3x8e_gcc_rel.a(spi.o)
                0x00083704                SPI_ConfigureNPCS
 .text.SystemInit
                0x0008370c       0x88 C:\Users\david\AppData\Local\arduino15\packages\arduino\hardware\sam\1.6.11\variants\arduino_due_x/libsam_sam3x8e_gcc_rel.a(system_sam3xa.o)
                0x0008370c                SystemInit
 .text.Reset_Handler
                0x00083794       0x78 C:\Users\david\AppData\Local\arduino15\packages\arduino\hardware\sam\1.6.11\variants\arduino_due_x/libsam_sam3x8e_gcc_rel.a(startup_sam3xa.o)
                0x00083794                Reset_Handler
 .text.adc_init
                0x0008380c       0x98 C:\Users\david\AppData\Local\arduino15\packages\arduino\hardware\sam\1.6.11\variants\arduino_due_x/libsam_sam3x8e_gcc_rel.a(adc.o)
                0x0008380c                adc_init
 .text.adc_configure_trigger
                0x000838a4        0xe C:\Users\david\AppData\Local\arduino15\packages\arduino\hardware\sam\1.6.11\variants\arduino_due_x/libsam_sam3x8e_gcc_rel.a(adc.o)
                0x000838a4                adc_configure_trigger
 .text.adc_configure_timing
                0x000838b2       0x1a C:\Users\david\AppData\Local\arduino15\packages\arduino\hardware\sam\1.6.11\variants\arduino_due_x/libsam_sam3x8e_gcc_rel.a(adc.o)
                0x000838b2                adc_configure_timing
 .text.adc_start
                0x000838cc        0x6 C:\Users\david\AppData\Local\arduino15\packages\arduino\hardware\sam\1.6.11\variants\arduino_due_x/libsam_sam3x8e_gcc_rel.a(adc.o)
                0x000838cc                adc_start
 .text.adc_enable_channel
                0x000838d2        0xa C:\Users\david\AppData\Local\arduino15\packages\arduino\hardware\sam\1.6.11\variants\arduino_due_x/libsam_sam3x8e_gcc_rel.a(adc.o)
                0x000838d2                adc_enable_channel
 .text.adc_disable_channel
                0x000838dc        0xa C:\Users\david\AppData\Local\arduino15\packages\arduino\hardware\sam\1.6.11\variants\arduino_due_x/libsam_sam3x8e_gcc_rel.a(adc.o)
                0x000838dc                adc_disable_channel
 .text.adc_disable_all_channel
                0x000838e6        0x8 C:\Users\david\AppData\Local\arduino15\packages\arduino\hardware\sam\1.6.11\variants\arduino_due_x/libsam_sam3x8e_gcc_rel.a(adc.o)
                0x000838e6                adc_disable_all_channel
 .text.adc_get_channel_status
                0x000838ee        0xa C:\Users\david\AppData\Local\arduino15\packages\arduino\hardware\sam\1.6.11\variants\arduino_due_x/libsam_sam3x8e_gcc_rel.a(adc.o)
                0x000838ee                adc_get_channel_status
 .text.adc_get_latest_value
                0x000838f8        0x4 C:\Users\david\AppData\Local\arduino15\packages\arduino\hardware\sam\1.6.11\variants\arduino_due_x/libsam_sam3x8e_gcc_rel.a(adc.o)
                0x000838f8                adc_get_latest_value
 .text.adc_disable_interrupt
                0x000838fc        0x4 C:\Users\david\AppData\Local\arduino15\packages\arduino\hardware\sam\1.6.11\variants\arduino_due_x/libsam_sam3x8e_gcc_rel.a(adc.o)
                0x000838fc                adc_disable_interrupt
 .text.adc_get_status
                0x00083900        0x4 C:\Users\david\AppData\Local\arduino15\packages\arduino\hardware\sam\1.6.11\variants\arduino_due_x/libsam_sam3x8e_gcc_rel.a(adc.o)
                0x00083900                adc_get_status
 .text.UOTGHS_Handler
                0x00083904       0x10 C:\Users\david\AppData\Local\arduino15\packages\arduino\hardware\sam\1.6.11\variants\arduino_due_x/libsam_sam3x8e_gcc_rel.a(uotghs.o)
                0x00083904                UOTGHS_Handler
 .text.__halt   0x00083914        0x2 C:\Users\david\AppData\Local\Temp\VMBuilds\Rhino\arduino_due_x_dbg\Debug/core.a(cortex_handlers.c.o)
                0x00083914                DACC_Handler
                0x00083914                DebugMon_Handler
                0x00083914                DMAC_Handler
                0x00083914                TRNG_Handler
                0x00083914                HardFault_Handler
                0x00083914                TC2_Handler
                0x00083914                TWI1_Handler
                0x00083914                NMI_Handler
                0x00083914                TC7_Handler
                0x00083914                ADC_Handler
                0x00083914                SMC_Handler
                0x00083914                RTT_Handler
                0x00083914                EFC1_Handler
                0x00083914                PIOB_Handler
                0x00083914                RTC_Handler
                0x00083914                UsageFault_Handler
                0x00083914                TC6_Handler
                0x00083914                WDT_Handler
                0x00083914                CAN0_Handler
                0x00083914                TC4_Handler
                0x00083914                TC1_Handler
                0x00083914                HSMCI_Handler
                0x00083914                TC3_Handler
                0x00083914                TWI0_Handler
                0x00083914                PIOA_Handler
                0x00083914                SSC_Handler
                0x00083914                EFC0_Handler
                0x00083914                PMC_Handler
                0x00083914                PWM_Handler
                0x00083914                CAN1_Handler
                0x00083914                MemManage_Handler
                0x00083914                SUPC_Handler
                0x00083914                TC8_Handler
                0x00083914                USART2_Handler
                0x00083914                PIOD_Handler
                0x00083914                EMAC_Handler
                0x00083914                PIOC_Handler
                0x00083914                BusFault_Handler
                0x00083914                RSTC_Handler
                0x00083914                TC0_Handler
                0x00083914                TC5_Handler
                0x00083914                SPI0_Handler
 .text.SVC_Handler
                0x00083916        0x4 C:\Users\david\AppData\Local\Temp\VMBuilds\Rhino\arduino_due_x_dbg\Debug/core.a(cortex_handlers.c.o)
                0x00083916                SVC_Handler
 .text.PendSV_Handler
                0x0008391a        0x4 C:\Users\david\AppData\Local\Temp\VMBuilds\Rhino\arduino_due_x_dbg\Debug/core.a(cortex_handlers.c.o)
                0x0008391a                PendSV_Handler
 .text.SysTick_Handler
                0x0008391e       0x16 C:\Users\david\AppData\Local\Temp\VMBuilds\Rhino\arduino_due_x_dbg\Debug/core.a(cortex_handlers.c.o)
                0x0008391e                SysTick_Handler
 .text.__empty  0x00083934        0x2 C:\Users\david\AppData\Local\Temp\VMBuilds\Rhino\arduino_due_x_dbg\Debug/core.a(hooks.c.o)
                0x00083934                yield
 .text.__false  0x00083936        0x4 C:\Users\david\AppData\Local\Temp\VMBuilds\Rhino\arduino_due_x_dbg\Debug/core.a(hooks.c.o)
                0x00083936                sysTickHook
 .text.__halt   0x0008393a        0x2 C:\Users\david\AppData\Local\Temp\VMBuilds\Rhino\arduino_due_x_dbg\Debug/core.a(hooks.c.o)
                0x0008393a                svcHook
                0x0008393a                pendSVHook
 .text._sbrk    0x0008393c       0x1c C:\Users\david\AppData\Local\Temp\VMBuilds\Rhino\arduino_due_x_dbg\Debug/core.a(syscalls_sam3.c.o)
                0x0008393c                _sbrk
 .text.link     0x00083958        0x6 C:\Users\david\AppData\Local\Temp\VMBuilds\Rhino\arduino_due_x_dbg\Debug/core.a(syscalls_sam3.c.o)
                0x00083958                link
 .text._close   0x0008395e        0x6 C:\Users\david\AppData\Local\Temp\VMBuilds\Rhino\arduino_due_x_dbg\Debug/core.a(syscalls_sam3.c.o)
                0x0008395e                _close
 .text._fstat   0x00083964        0xa C:\Users\david\AppData\Local\Temp\VMBuilds\Rhino\arduino_due_x_dbg\Debug/core.a(syscalls_sam3.c.o)
                0x00083964                _fstat
 .text._isatty  0x0008396e        0x4 C:\Users\david\AppData\Local\Temp\VMBuilds\Rhino\arduino_due_x_dbg\Debug/core.a(syscalls_sam3.c.o)
                0x0008396e                _isatty
 .text._lseek   0x00083972        0x4 C:\Users\david\AppData\Local\Temp\VMBuilds\Rhino\arduino_due_x_dbg\Debug/core.a(syscalls_sam3.c.o)
                0x00083972                _lseek
 .text._read    0x00083976        0x4 C:\Users\david\AppData\Local\Temp\VMBuilds\Rhino\arduino_due_x_dbg\Debug/core.a(syscalls_sam3.c.o)
                0x00083976                _read
 *fill*         0x0008397a        0x2 
 .text._write   0x0008397c       0x24 C:\Users\david\AppData\Local\Temp\VMBuilds\Rhino\arduino_due_x_dbg\Debug/core.a(syscalls_sam3.c.o)
                0x0008397c                _write
 .text._exit    0x000839a0       0x10 C:\Users\david\AppData\Local\Temp\VMBuilds\Rhino\arduino_due_x_dbg\Debug/core.a(syscalls_sam3.c.o)
                0x000839a0                _exit
 .text._kill    0x000839b0        0x2 C:\Users\david\AppData\Local\Temp\VMBuilds\Rhino\arduino_due_x_dbg\Debug/core.a(syscalls_sam3.c.o)
                0x000839b0                _kill
 .text._getpid  0x000839b2        0x6 C:\Users\david\AppData\Local\Temp\VMBuilds\Rhino\arduino_due_x_dbg\Debug/core.a(syscalls_sam3.c.o)
                0x000839b2                _getpid
 .text.millis   0x000839b8        0x4 C:\Users\david\AppData\Local\Temp\VMBuilds\Rhino\arduino_due_x_dbg\Debug/core.a(wiring.c.o)
                0x000839b8                millis
 .text.delay    0x000839bc       0x1c C:\Users\david\AppData\Local\Temp\VMBuilds\Rhino\arduino_due_x_dbg\Debug/core.a(wiring.c.o)
                0x000839bc                delay
 .text.mapResolution
                0x000839d8       0x12 C:\Users\david\AppData\Local\Temp\VMBuilds\Rhino\arduino_due_x_dbg\Debug/core.a(wiring_analog.c.o)
 *fill*         0x000839ea        0x2 
 .text.analogRead
                0x000839ec       0x9c C:\Users\david\AppData\Local\Temp\VMBuilds\Rhino\arduino_due_x_dbg\Debug/core.a(wiring_analog.c.o)
                0x000839ec                analogRead
 .text.analogOutputInit
                0x00083a88        0x2 C:\Users\david\AppData\Local\Temp\VMBuilds\Rhino\arduino_due_x_dbg\Debug/core.a(wiring_analog.c.o)
                0x00083a88                analogOutputInit
 *fill*         0x00083a8a        0x2 
 .text.analogWrite
                0x00083a8c      0x2c0 C:\Users\david\AppData\Local\Temp\VMBuilds\Rhino\arduino_due_x_dbg\Debug/core.a(wiring_analog.c.o)
                0x00083a8c                analogWrite
 .text.pinMode  0x00083d4c      0x108 C:\Users\david\AppData\Local\Temp\VMBuilds\Rhino\arduino_due_x_dbg\Debug/core.a(wiring_digital.c.o)
                0x00083d4c                pinMode
 .text.digitalWrite
                0x00083e54       0x70 C:\Users\david\AppData\Local\Temp\VMBuilds\Rhino\arduino_due_x_dbg\Debug/core.a(wiring_digital.c.o)
                0x00083e54                digitalWrite
 .text.digitalRead
                0x00083ec4       0x44 C:\Users\david\AppData\Local\Temp\VMBuilds\Rhino\arduino_due_x_dbg\Debug/core.a(wiring_digital.c.o)
                0x00083ec4                digitalRead
 .text.initVariant
                0x00083f08        0x2 C:\Users\david\AppData\Local\Temp\VMBuilds\Rhino\arduino_due_x_dbg\Debug/core.a(main.cpp.o)
                0x00083f08                initVariant
 *fill*         0x00083f0a        0x2 
 .text.startup.main
                0x00083f0c       0x38 C:\Users\david\AppData\Local\Temp\VMBuilds\Rhino\arduino_due_x_dbg\Debug/core.a(main.cpp.o)
                0x00083f0c                main
 .text._ZN5Print5writeEPKhj
                0x00083f44       0x22 C:\Users\david\AppData\Local\Temp\VMBuilds\Rhino\arduino_due_x_dbg\Debug/core.a(Print.cpp.o)
                0x00083f44                Print::write(unsigned char const*, unsigned int)
 .text._ZN5Print5printEmi.part.3
                0x00083f66        0xc C:\Users\david\AppData\Local\Temp\VMBuilds\Rhino\arduino_due_x_dbg\Debug/core.a(Print.cpp.o)
 .text._ZN5Print5writeEPKc
                0x00083f72       0x1e C:\Users\david\AppData\Local\Temp\VMBuilds\Rhino\arduino_due_x_dbg\Debug/core.a(Print.cpp.o)
                0x00083f72                Print::write(char const*)
 .text._ZN5Print5printERK6String
                0x00083f90       0x10 C:\Users\david\AppData\Local\Temp\VMBuilds\Rhino\arduino_due_x_dbg\Debug/core.a(Print.cpp.o)
                0x00083f90                Print::print(String const&)
 .text._ZN5Print5printEPKc
                0x00083fa0        0x8 C:\Users\david\AppData\Local\Temp\VMBuilds\Rhino\arduino_due_x_dbg\Debug/core.a(Print.cpp.o)
                0x00083fa0                Print::print(char const*)
 .text._ZN5Print5printEc
                0x00083fa8        0xa C:\Users\david\AppData\Local\Temp\VMBuilds\Rhino\arduino_due_x_dbg\Debug/core.a(Print.cpp.o)
                0x00083fa8                Print::print(char)
 *fill*         0x00083fb2        0x2 
 .text._ZN5Print7printlnEv
                0x00083fb4       0x10 C:\Users\david\AppData\Local\Temp\VMBuilds\Rhino\arduino_due_x_dbg\Debug/core.a(Print.cpp.o)
                0x00083fb4                Print::println()
 .text._ZN5Print7printlnERK6String
                0x00083fc4       0x14 C:\Users\david\AppData\Local\Temp\VMBuilds\Rhino\arduino_due_x_dbg\Debug/core.a(Print.cpp.o)
                0x00083fc4                Print::println(String const&)
 .text._ZN5Print7printlnEPKc
                0x00083fd8       0x14 C:\Users\david\AppData\Local\Temp\VMBuilds\Rhino\arduino_due_x_dbg\Debug/core.a(Print.cpp.o)
                0x00083fd8                Print::println(char const*)
 .text._ZN5Print11printNumberEmh
                0x00083fec       0x3e C:\Users\david\AppData\Local\Temp\VMBuilds\Rhino\arduino_due_x_dbg\Debug/core.a(Print.cpp.o)
                0x00083fec                Print::printNumber(unsigned long, unsigned char)
 .text._ZN5Print5printEli
                0x0008402a       0x3c C:\Users\david\AppData\Local\Temp\VMBuilds\Rhino\arduino_due_x_dbg\Debug/core.a(Print.cpp.o)
                0x0008402a                Print::print(long, int)
 .text._ZN5Print7printlnEii
                0x00084066       0x14 C:\Users\david\AppData\Local\Temp\VMBuilds\Rhino\arduino_due_x_dbg\Debug/core.a(Print.cpp.o)
                0x00084066                Print::println(int, int)
 .text._ZN5Print5printEmi
                0x0008407a        0xc C:\Users\david\AppData\Local\Temp\VMBuilds\Rhino\arduino_due_x_dbg\Debug/core.a(Print.cpp.o)
                0x0008407a                Print::print(unsigned long, int)
 .text._ZN5Print7printlnEhi
                0x00084086       0x14 C:\Users\david\AppData\Local\Temp\VMBuilds\Rhino\arduino_due_x_dbg\Debug/core.a(Print.cpp.o)
                0x00084086                Print::println(unsigned char, int)
 *fill*         0x0008409a        0x2 
 .text.initiateReset
                0x0008409c        0xc C:\Users\david\AppData\Local\Temp\VMBuilds\Rhino\arduino_due_x_dbg\Debug/core.a(Reset.cpp.o)
                0x0008409c                initiateReset
 .text.cancelReset
                0x000840a8       0x10 C:\Users\david\AppData\Local\Temp\VMBuilds\Rhino\arduino_due_x_dbg\Debug/core.a(Reset.cpp.o)
                0x000840a8                cancelReset
 .text.tickReset
                0x000840b8       0x20 C:\Users\david\AppData\Local\Temp\VMBuilds\Rhino\arduino_due_x_dbg\Debug/core.a(Reset.cpp.o)
                0x000840b8                tickReset
 .text._ZN10RingBufferC2Ev
                0x000840d8       0x1a C:\Users\david\AppData\Local\Temp\VMBuilds\Rhino\arduino_due_x_dbg\Debug/core.a(RingBuffer.cpp.o)
                0x000840d8                RingBuffer::RingBuffer()
                0x000840d8                RingBuffer::RingBuffer()
 .text._ZN10RingBuffer10store_charEh
                0x000840f2       0x1e C:\Users\david\AppData\Local\Temp\VMBuilds\Rhino\arduino_due_x_dbg\Debug/core.a(RingBuffer.cpp.o)
                0x000840f2                RingBuffer::store_char(unsigned char)
 .text._ZN9UARTClasscvbEv
                0x00084110        0x4 C:\Users\david\AppData\Local\Temp\VMBuilds\Rhino\arduino_due_x_dbg\Debug/core.a(UARTClass.cpp.o)
                0x00084110                UARTClass::operator bool()
 .text._ZN9UARTClass9availableEv
                0x00084114       0x12 C:\Users\david\AppData\Local\Temp\VMBuilds\Rhino\arduino_due_x_dbg\Debug/core.a(UARTClass.cpp.o)
                0x00084114                UARTClass::available()
 .text._ZN9UARTClass4peekEv
                0x00084126       0x1c C:\Users\david\AppData\Local\Temp\VMBuilds\Rhino\arduino_due_x_dbg\Debug/core.a(UARTClass.cpp.o)
                0x00084126                UARTClass::peek()
 .text._ZN9UARTClass4readEv
                0x00084142       0x2a C:\Users\david\AppData\Local\Temp\VMBuilds\Rhino\arduino_due_x_dbg\Debug/core.a(UARTClass.cpp.o)
                0x00084142                UARTClass::read()
 .text._ZN9UARTClass5flushEv
                0x0008416c       0x18 C:\Users\david\AppData\Local\Temp\VMBuilds\Rhino\arduino_due_x_dbg\Debug/core.a(UARTClass.cpp.o)
                0x0008416c                UARTClass::flush()
 .text._ZN9UARTClass5writeEh
                0x00084184       0x54 C:\Users\david\AppData\Local\Temp\VMBuilds\Rhino\arduino_due_x_dbg\Debug/core.a(UARTClass.cpp.o)
                0x00084184                UARTClass::write(unsigned char)
 .text._ZN9UARTClass3endEv
                0x000841d8       0x3c C:\Users\david\AppData\Local\Temp\VMBuilds\Rhino\arduino_due_x_dbg\Debug/core.a(UARTClass.cpp.o)
                0x000841d8                UARTClass::end()
 .text._ZN9UARTClassC2EP4Uart4IRQnmP10RingBufferS4_
                0x00084214       0x24 C:\Users\david\AppData\Local\Temp\VMBuilds\Rhino\arduino_due_x_dbg\Debug/core.a(UARTClass.cpp.o)
                0x00084214                UARTClass::UARTClass(Uart*, IRQn, unsigned long, RingBuffer*, RingBuffer*)
                0x00084214                UARTClass::UARTClass(Uart*, IRQn, unsigned long, RingBuffer*, RingBuffer*)
 .text._ZN9UARTClass4initEmm
                0x00084238       0x70 C:\Users\david\AppData\Local\Temp\VMBuilds\Rhino\arduino_due_x_dbg\Debug/core.a(UARTClass.cpp.o)
                0x00084238                UARTClass::init(unsigned long, unsigned long)
 .text._ZN9UARTClass5beginEm
                0x000842a8        0x8 C:\Users\david\AppData\Local\Temp\VMBuilds\Rhino\arduino_due_x_dbg\Debug/core.a(UARTClass.cpp.o)
                0x000842a8                UARTClass::begin(unsigned long)
 .text._ZN9UARTClass10IrqHandlerEv
                0x000842b0       0x5a C:\Users\david\AppData\Local\Temp\VMBuilds\Rhino\arduino_due_x_dbg\Debug/core.a(UARTClass.cpp.o)
                0x000842b0                UARTClass::IrqHandler()
 .text._ZN10USARTClass5beginEm
                0x0008430a        0x8 C:\Users\david\AppData\Local\Temp\VMBuilds\Rhino\arduino_due_x_dbg\Debug/core.a(USARTClass.cpp.o)
                0x0008430a                USARTClass::begin(unsigned long)
 *fill*         0x00084312        0x2 
 .text._ZN10USARTClassC2EP5Usart4IRQnmP10RingBufferS4_
                0x00084314       0x24 C:\Users\david\AppData\Local\Temp\VMBuilds\Rhino\arduino_due_x_dbg\Debug/core.a(USARTClass.cpp.o)
                0x00084314                USARTClass::USARTClass(Usart*, IRQn, unsigned long, RingBuffer*, RingBuffer*)
                0x00084314                USARTClass::USARTClass(Usart*, IRQn, unsigned long, RingBuffer*, RingBuffer*)
 .text._watchdogDefaultSetup
                0x00084338        0xc C:\Users\david\AppData\Local\Temp\VMBuilds\Rhino\arduino_due_x_dbg\Debug/core.a(watchdog.cpp.o)
                0x00084338                _watchdogDefaultSetup
                0x00084338                watchdogSetup()
 .text._ZN6StringD2Ev
                0x00084344        0xe C:\Users\david\AppData\Local\Temp\VMBuilds\Rhino\arduino_due_x_dbg\Debug/core.a(WString.cpp.o)
                0x00084344                String::~String()
                0x00084344                String::~String()
 .text._ZN6String10invalidateEv
                0x00084352       0x16 C:\Users\david\AppData\Local\Temp\VMBuilds\Rhino\arduino_due_x_dbg\Debug/core.a(WString.cpp.o)
                0x00084352                String::invalidate()
 .text._ZN6String12changeBufferEj
                0x00084368       0x18 C:\Users\david\AppData\Local\Temp\VMBuilds\Rhino\arduino_due_x_dbg\Debug/core.a(WString.cpp.o)
                0x00084368                String::changeBuffer(unsigned int)
 .text._ZN6String7reserveEj
                0x00084380       0x22 C:\Users\david\AppData\Local\Temp\VMBuilds\Rhino\arduino_due_x_dbg\Debug/core.a(WString.cpp.o)
                0x00084380                String::reserve(unsigned int)
 .text._ZN6String4copyEPKcj
                0x000843a2       0x26 C:\Users\david\AppData\Local\Temp\VMBuilds\Rhino\arduino_due_x_dbg\Debug/core.a(WString.cpp.o)
                0x000843a2                String::copy(char const*, unsigned int)
 .text._ZN6StringC2EPKc
                0x000843c8       0x24 C:\Users\david\AppData\Local\Temp\VMBuilds\Rhino\arduino_due_x_dbg\Debug/core.a(WString.cpp.o)
                0x000843c8                String::String(char const*)
                0x000843c8                String::String(char const*)
 .text._ZN6StringaSERKS_
                0x000843ec       0x1e C:\Users\david\AppData\Local\Temp\VMBuilds\Rhino\arduino_due_x_dbg\Debug/core.a(WString.cpp.o)
                0x000843ec                String::operator=(String const&)
 .text._ZN6StringC2ERKS_
                0x0008440a       0x14 C:\Users\david\AppData\Local\Temp\VMBuilds\Rhino\arduino_due_x_dbg\Debug/core.a(WString.cpp.o)
                0x0008440a                String::String(String const&)
                0x0008440a                String::String(String const&)
 .text._ZN6StringaSEPKc
                0x0008441e       0x22 C:\Users\david\AppData\Local\Temp\VMBuilds\Rhino\arduino_due_x_dbg\Debug/core.a(WString.cpp.o)
                0x0008441e                String::operator=(char const*)
 .text._ZN6StringC2Eih
                0x00084440       0x24 C:\Users\david\AppData\Local\Temp\VMBuilds\Rhino\arduino_due_x_dbg\Debug/core.a(WString.cpp.o)
                0x00084440                String::String(int, unsigned char)
                0x00084440                String::String(int, unsigned char)
 .text._ZN6StringC2Emh
                0x00084464       0x24 C:\Users\david\AppData\Local\Temp\VMBuilds\Rhino\arduino_due_x_dbg\Debug/core.a(WString.cpp.o)
                0x00084464                String::String(unsigned long, unsigned char)
                0x00084464                String::String(unsigned long, unsigned char)
 .text._ZN6String6concatEPKcj
                0x00084488       0x2e C:\Users\david\AppData\Local\Temp\VMBuilds\Rhino\arduino_due_x_dbg\Debug/core.a(WString.cpp.o)
                0x00084488                String::concat(char const*, unsigned int)
 .text._ZplRK15StringSumHelperRK6String
                0x000844b6       0x1a C:\Users\david\AppData\Local\Temp\VMBuilds\Rhino\arduino_due_x_dbg\Debug/core.a(WString.cpp.o)
                0x000844b6                operator+(StringSumHelper const&, String const&)
 .text._ZplRK15StringSumHelperPKc
                0x000844d0       0x24 C:\Users\david\AppData\Local\Temp\VMBuilds\Rhino\arduino_due_x_dbg\Debug/core.a(WString.cpp.o)
                0x000844d0                operator+(StringSumHelper const&, char const*)
 .text.unlikely._ZL11USB_SendZlpv
                0x000844f4       0x20 C:\Users\david\AppData\Local\Temp\VMBuilds\Rhino\arduino_due_x_dbg\Debug/core.a(USBCore.cpp.o)
 .text._Z14USBD_Availablem
                0x00084514       0x2c C:\Users\david\AppData\Local\Temp\VMBuilds\Rhino\arduino_due_x_dbg\Debug/core.a(USBCore.cpp.o)
                0x00084514                USBD_Available(unsigned long)
 .text._Z9USBD_RecvmPvm
                0x00084540       0x7c C:\Users\david\AppData\Local\Temp\VMBuilds\Rhino\arduino_due_x_dbg\Debug/core.a(USBCore.cpp.o)
                0x00084540                USBD_Recv(unsigned long, void*, unsigned long)
 .text._Z9USBD_Recvm
                0x000845bc       0x22 C:\Users\david\AppData\Local\Temp\VMBuilds\Rhino\arduino_due_x_dbg\Debug/core.a(USBCore.cpp.o)
                0x000845bc                USBD_Recv(unsigned long)
 *fill*         0x000845de        0x2 
 .text._Z9USBD_SendmPKvm
                0x000845e0       0x4c C:\Users\david\AppData\Local\Temp\VMBuilds\Rhino\arduino_due_x_dbg\Debug/core.a(USBCore.cpp.o)
                0x000845e0                USBD_Send(unsigned long, void const*, unsigned long)
 .text._Z16USBD_SendControlhPKvm
                0x0008462c       0x40 C:\Users\david\AppData\Local\Temp\VMBuilds\Rhino\arduino_due_x_dbg\Debug/core.a(USBCore.cpp.o)
                0x0008462c                USBD_SendControl(unsigned char, void const*, unsigned long)
 .text.unlikely._ZL24USB_SendStringDescriptorPKhi
                0x0008466c       0x64 C:\Users\david\AppData\Local\Temp\VMBuilds\Rhino\arduino_due_x_dbg\Debug/core.a(USBCore.cpp.o)
 .text._Z16USBD_RecvControlPvm
                0x000846d0       0x1c C:\Users\david\AppData\Local\Temp\VMBuilds\Rhino\arduino_due_x_dbg\Debug/core.a(USBCore.cpp.o)
                0x000846d0                USBD_RecvControl(void*, unsigned long)
 .text._Z26USBD_ClassInterfaceRequestR8USBSetup
                0x000846ec       0x1e C:\Users\david\AppData\Local\Temp\VMBuilds\Rhino\arduino_due_x_dbg\Debug/core.a(USBCore.cpp.o)
                0x000846ec                USBD_ClassInterfaceRequest(USBSetup&)
 .text._Z19USBD_SendInterfacesv
                0x0008470a       0x22 C:\Users\david\AppData\Local\Temp\VMBuilds\Rhino\arduino_due_x_dbg\Debug/core.a(USBCore.cpp.o)
                0x0008470a                USBD_SendInterfaces()
 .text._Z24USBD_SendOtherInterfacesv
                0x0008472c       0x22 C:\Users\david\AppData\Local\Temp\VMBuilds\Rhino\arduino_due_x_dbg\Debug/core.a(USBCore.cpp.o)
                0x0008472c                USBD_SendOtherInterfaces()
 .text._Z10USBD_Flushm
                0x0008474e       0x16 C:\Users\david\AppData\Local\Temp\VMBuilds\Rhino\arduino_due_x_dbg\Debug/core.a(USBCore.cpp.o)
                0x0008474e                USBD_Flush(unsigned long)
 .text._ZN10USBDevice_C2Ev
                0x00084764       0x24 C:\Users\david\AppData\Local\Temp\VMBuilds\Rhino\arduino_due_x_dbg\Debug/core.a(USBCore.cpp.o)
                0x00084764                USBDevice_::USBDevice_()
                0x00084764                USBDevice_::USBDevice_()
 .text._ZN10USBDevice_6attachEv
                0x00084788       0x20 C:\Users\david\AppData\Local\Temp\VMBuilds\Rhino\arduino_due_x_dbg\Debug/core.a(USBCore.cpp.o)
                0x00084788                USBDevice_::attach()
 .text.startup._GLOBAL__sub_I_EndPoints
                0x000847a8        0xc C:\Users\david\AppData\Local\Temp\VMBuilds\Rhino\arduino_due_x_dbg\Debug/core.a(USBCore.cpp.o)
 .text._ZL7USB_ISRv
                0x000847b4      0x454 C:\Users\david\AppData\Local\Temp\VMBuilds\Rhino\arduino_due_x_dbg\Debug/core.a(USBCore.cpp.o)
 .text.ltoa     0x00084c08       0x6e C:\Users\david\AppData\Local\Temp\VMBuilds\Rhino\arduino_due_x_dbg\Debug/core.a(itoa.c.o)
                0x00084c08                ltoa
 .text.itoa     0x00084c76        0x4 C:\Users\david\AppData\Local\Temp\VMBuilds\Rhino\arduino_due_x_dbg\Debug/core.a(itoa.c.o)
                0x00084c76                itoa
 .text.ultoa    0x00084c7a       0x52 C:\Users\david\AppData\Local\Temp\VMBuilds\Rhino\arduino_due_x_dbg\Debug/core.a(itoa.c.o)
                0x00084c7a                ultoa
 .text._ZN7Serial_9availableEv
                0x00084ccc       0x18 C:\Users\david\AppData\Local\Temp\VMBuilds\Rhino\arduino_due_x_dbg\Debug/core.a(CDC.cpp.o)
                0x00084ccc                Serial_::available()
 .text._ZN7Serial_17availableForWriteEv
                0x00084ce4        0x6 C:\Users\david\AppData\Local\Temp\VMBuilds\Rhino\arduino_due_x_dbg\Debug/core.a(CDC.cpp.o)
                0x00084ce4                Serial_::availableForWrite()
 *fill*         0x00084cea        0x2 
 .text._ZN7Serial_4peekEv
                0x00084cec       0x20 C:\Users\david\AppData\Local\Temp\VMBuilds\Rhino\arduino_due_x_dbg\Debug/core.a(CDC.cpp.o)
                0x00084cec                Serial_::peek()
 .text._ZN7Serial_5writeEh
                0x00084d0c       0x16 C:\Users\david\AppData\Local\Temp\VMBuilds\Rhino\arduino_due_x_dbg\Debug/core.a(CDC.cpp.o)
                0x00084d0c                Serial_::write(unsigned char)
 *fill*         0x00084d22        0x2 
 .text._ZN7Serial_4readEv
                0x00084d24       0x44 C:\Users\david\AppData\Local\Temp\VMBuilds\Rhino\arduino_due_x_dbg\Debug/core.a(CDC.cpp.o)
                0x00084d24                Serial_::read()
 .text._ZN7Serial_5flushEv
                0x00084d68        0x6 C:\Users\david\AppData\Local\Temp\VMBuilds\Rhino\arduino_due_x_dbg\Debug/core.a(CDC.cpp.o)
                0x00084d68                Serial_::flush()
 *fill*         0x00084d6e        0x2 
 .text._ZN7Serial_6acceptEv
                0x00084d70       0x70 C:\Users\david\AppData\Local\Temp\VMBuilds\Rhino\arduino_due_x_dbg\Debug/core.a(CDC.cpp.o)
                0x00084d70                Serial_::accept()
 .text._ZN7Serial_5writeEPKhj
                0x00084de0       0x2c C:\Users\david\AppData\Local\Temp\VMBuilds\Rhino\arduino_due_x_dbg\Debug/core.a(CDC.cpp.o)
                0x00084de0                Serial_::write(unsigned char const*, unsigned int)
 .text._Z16CDC_GetInterfacePh
                0x00084e0c       0x14 C:\Users\david\AppData\Local\Temp\VMBuilds\Rhino\arduino_due_x_dbg\Debug/core.a(CDC.cpp.o)
                0x00084e0c                CDC_GetInterface(unsigned char*)
 .text._Z21CDC_GetOtherInterfacePh
                0x00084e20       0x14 C:\Users\david\AppData\Local\Temp\VMBuilds\Rhino\arduino_due_x_dbg\Debug/core.a(CDC.cpp.o)
                0x00084e20                CDC_GetOtherInterface(unsigned char*)
 .text._Z9CDC_SetupR8USBSetup
                0x00084e34       0x78 C:\Users\david\AppData\Local\Temp\VMBuilds\Rhino\arduino_due_x_dbg\Debug/core.a(CDC.cpp.o)
                0x00084e34                CDC_Setup(USBSetup&)
 .text.startup._GLOBAL__sub_I_cdc_rx_buffer
                0x00084eac       0x1c C:\Users\david\AppData\Local\Temp\VMBuilds\Rhino\arduino_due_x_dbg\Debug/core.a(CDC.cpp.o)
 .text._ZN13PluggableUSB_12getInterfaceEPh
                0x00084ec8       0x28 C:\Users\david\AppData\Local\Temp\VMBuilds\Rhino\arduino_due_x_dbg\Debug/core.a(PluggableUSB.cpp.o)
                0x00084ec8                PluggableUSB_::getInterface(unsigned char*)
 .text._ZN13PluggableUSB_13getDescriptorER8USBSetup
                0x00084ef0       0x1c C:\Users\david\AppData\Local\Temp\VMBuilds\Rhino\arduino_due_x_dbg\Debug/core.a(PluggableUSB.cpp.o)
                0x00084ef0                PluggableUSB_::getDescriptor(USBSetup&)
 .text._ZN13PluggableUSB_12getShortNameEPc
                0x00084f0c       0x1c C:\Users\david\AppData\Local\Temp\VMBuilds\Rhino\arduino_due_x_dbg\Debug/core.a(PluggableUSB.cpp.o)
                0x00084f0c                PluggableUSB_::getShortName(char*)
 .text._ZN13PluggableUSB_5setupER8USBSetup
                0x00084f28       0x20 C:\Users\david\AppData\Local\Temp\VMBuilds\Rhino\arduino_due_x_dbg\Debug/core.a(PluggableUSB.cpp.o)
                0x00084f28                PluggableUSB_::setup(USBSetup&)
 .text._Z12PluggableUSBv
                0x00084f48       0x28 C:\Users\david\AppData\Local\Temp\VMBuilds\Rhino\arduino_due_x_dbg\Debug/core.a(PluggableUSB.cpp.o)
                0x00084f48                PluggableUSB()
 .text.FindClockConfiguration
                0x00084f70       0x7c C:\Users\david\AppData\Local\arduino15\packages\arduino\hardware\sam\1.6.11\variants\arduino_due_x/libsam_sam3x8e_gcc_rel.a(pwmc.o)
 .text.PWMC_ConfigureChannel
                0x00084fec       0x60 C:\Users\david\AppData\Local\arduino15\packages\arduino\hardware\sam\1.6.11\variants\arduino_due_x/libsam_sam3x8e_gcc_rel.a(pwmc.o)
                0x00084fec                PWMC_ConfigureChannel
 .text.PWMC_ConfigureClocks
                0x0008504c       0x54 C:\Users\david\AppData\Local\arduino15\packages\arduino\hardware\sam\1.6.11\variants\arduino_due_x/libsam_sam3x8e_gcc_rel.a(pwmc.o)
                0x0008504c                PWMC_ConfigureClocks
 .text.PWMC_SetPeriod
                0x000850a0       0x1a C:\Users\david\AppData\Local\arduino15\packages\arduino\hardware\sam\1.6.11\variants\arduino_due_x/libsam_sam3x8e_gcc_rel.a(pwmc.o)
                0x000850a0                PWMC_SetPeriod
 *fill*         0x000850ba        0x2 
 .text.PWMC_SetDutyCycle
                0x000850bc       0x44 C:\Users\david\AppData\Local\arduino15\packages\arduino\hardware\sam\1.6.11\variants\arduino_due_x/libsam_sam3x8e_gcc_rel.a(pwmc.o)
                0x000850bc                PWMC_SetDutyCycle
 .text.PWMC_EnableChannel
                0x00085100        0xa C:\Users\david\AppData\Local\arduino15\packages\arduino\hardware\sam\1.6.11\variants\arduino_due_x/libsam_sam3x8e_gcc_rel.a(pwmc.o)
                0x00085100                PWMC_EnableChannel
 *fill*         0x0008510a        0x2 
 .text.TC_Configure
                0x0008510c       0x38 C:\Users\david\AppData\Local\arduino15\packages\arduino\hardware\sam\1.6.11\variants\arduino_due_x/libsam_sam3x8e_gcc_rel.a(tc.o)
                0x0008510c                TC_Configure
 .text.TC_Start
                0x00085144       0x2c C:\Users\david\AppData\Local\arduino15\packages\arduino\hardware\sam\1.6.11\variants\arduino_due_x/libsam_sam3x8e_gcc_rel.a(tc.o)
                0x00085144                TC_Start
 .text.TC_SetRA
                0x00085170        0x8 C:\Users\david\AppData\Local\arduino15\packages\arduino\hardware\sam\1.6.11\variants\arduino_due_x/libsam_sam3x8e_gcc_rel.a(tc.o)
                0x00085170                TC_SetRA
 .text.TC_SetRB
                0x00085178        0x8 C:\Users\david\AppData\Local\arduino15\packages\arduino\hardware\sam\1.6.11\variants\arduino_due_x/libsam_sam3x8e_gcc_rel.a(tc.o)
                0x00085178                TC_SetRB
 .text.TC_SetRC
                0x00085180        0x8 C:\Users\david\AppData\Local\arduino15\packages\arduino\hardware\sam\1.6.11\variants\arduino_due_x/libsam_sam3x8e_gcc_rel.a(tc.o)
                0x00085180                TC_SetRC
 .text.TimeTick_Increment
                0x00085188       0x10 C:\Users\david\AppData\Local\arduino15\packages\arduino\hardware\sam\1.6.11\variants\arduino_due_x/libsam_sam3x8e_gcc_rel.a(timetick.o)
                0x00085188                TimeTick_Increment
 .text.GetTickCount
                0x00085198        0xc C:\Users\david\AppData\Local\arduino15\packages\arduino\hardware\sam\1.6.11\variants\arduino_due_x/libsam_sam3x8e_gcc_rel.a(timetick.o)
                0x00085198                GetTickCount
 .text.WDT_Disable
                0x000851a4        0x8 C:\Users\david\AppData\Local\arduino15\packages\arduino\hardware\sam\1.6.11\variants\arduino_due_x/libsam_sam3x8e_gcc_rel.a(wdt.o)
                0x000851a4                WDT_Disable
 .text.UDD_SetStack
                0x000851ac        0xc C:\Users\david\AppData\Local\arduino15\packages\arduino\hardware\sam\1.6.11\variants\arduino_due_x/libsam_sam3x8e_gcc_rel.a(uotghs_device.o)
                0x000851ac                UDD_SetStack
 .text.UDD_Init
                0x000851b8       0xd0 C:\Users\david\AppData\Local\arduino15\packages\arduino\hardware\sam\1.6.11\variants\arduino_due_x/libsam_sam3x8e_gcc_rel.a(uotghs_device.o)
                0x000851b8                UDD_Init
 .text.UDD_Attach
                0x00085288       0x50 C:\Users\david\AppData\Local\arduino15\packages\arduino\hardware\sam\1.6.11\variants\arduino_due_x/libsam_sam3x8e_gcc_rel.a(uotghs_device.o)
                0x00085288                UDD_Attach
 .text.UDD_InitEP
                0x000852d8       0x2c C:\Users\david\AppData\Local\arduino15\packages\arduino\hardware\sam\1.6.11\variants\arduino_due_x/libsam_sam3x8e_gcc_rel.a(uotghs_device.o)
                0x000852d8                UDD_InitEP
 .text.UDD_InitEndpoints
                0x00085304       0x3c C:\Users\david\AppData\Local\arduino15\packages\arduino\hardware\sam\1.6.11\variants\arduino_due_x/libsam_sam3x8e_gcc_rel.a(uotghs_device.o)
                0x00085304                UDD_InitEndpoints
 .text.UDD_WaitIN
                0x00085340       0x10 C:\Users\david\AppData\Local\arduino15\packages\arduino\hardware\sam\1.6.11\variants\arduino_due_x/libsam_sam3x8e_gcc_rel.a(uotghs_device.o)
                0x00085340                UDD_WaitIN
 .text.UDD_WaitOUT
                0x00085350       0x10 C:\Users\david\AppData\Local\arduino15\packages\arduino\hardware\sam\1.6.11\variants\arduino_due_x/libsam_sam3x8e_gcc_rel.a(uotghs_device.o)
                0x00085350                UDD_WaitOUT
 .text.UDD_ClearIN
                0x00085360       0x18 C:\Users\david\AppData\Local\arduino15\packages\arduino\hardware\sam\1.6.11\variants\arduino_due_x/libsam_sam3x8e_gcc_rel.a(uotghs_device.o)
                0x00085360                UDD_ClearIN
 .text.UDD_ClearOUT
                0x00085378       0x18 C:\Users\david\AppData\Local\arduino15\packages\arduino\hardware\sam\1.6.11\variants\arduino_due_x/libsam_sam3x8e_gcc_rel.a(uotghs_device.o)
                0x00085378                UDD_ClearOUT
 .text.UDD_ReceivedSetupInt
                0x00085390       0x10 C:\Users\david\AppData\Local\arduino15\packages\arduino\hardware\sam\1.6.11\variants\arduino_due_x/libsam_sam3x8e_gcc_rel.a(uotghs_device.o)
                0x00085390                UDD_ReceivedSetupInt
 .text.UDD_ClearSetupInt
                0x000853a0       0x10 C:\Users\david\AppData\Local\arduino15\packages\arduino\hardware\sam\1.6.11\variants\arduino_due_x/libsam_sam3x8e_gcc_rel.a(uotghs_device.o)
                0x000853a0                UDD_ClearSetupInt
 .text.UDD_Send
                0x000853b0       0x88 C:\Users\david\AppData\Local\arduino15\packages\arduino\hardware\sam\1.6.11\variants\arduino_due_x/libsam_sam3x8e_gcc_rel.a(uotghs_device.o)
                0x000853b0                UDD_Send
 .text.UDD_Send8
                0x00085438       0x24 C:\Users\david\AppData\Local\arduino15\packages\arduino\hardware\sam\1.6.11\variants\arduino_due_x/libsam_sam3x8e_gcc_rel.a(uotghs_device.o)
                0x00085438                UDD_Send8
 .text.UDD_Recv8
                0x0008545c       0x28 C:\Users\david\AppData\Local\arduino15\packages\arduino\hardware\sam\1.6.11\variants\arduino_due_x/libsam_sam3x8e_gcc_rel.a(uotghs_device.o)
                0x0008545c                UDD_Recv8
 .text.UDD_Recv
                0x00085484       0x34 C:\Users\david\AppData\Local\arduino15\packages\arduino\hardware\sam\1.6.11\variants\arduino_due_x/libsam_sam3x8e_gcc_rel.a(uotghs_device.o)
                0x00085484                UDD_Recv
 .text.UDD_Stall
                0x000854b8       0x14 C:\Users\david\AppData\Local\arduino15\packages\arduino\hardware\sam\1.6.11\variants\arduino_due_x/libsam_sam3x8e_gcc_rel.a(uotghs_device.o)
                0x000854b8                UDD_Stall
 .text.UDD_FifoByteCount
                0x000854cc       0x14 C:\Users\david\AppData\Local\arduino15\packages\arduino\hardware\sam\1.6.11\variants\arduino_due_x/libsam_sam3x8e_gcc_rel.a(uotghs_device.o)
                0x000854cc                UDD_FifoByteCount
 .text.UDD_ReleaseRX
                0x000854e0       0x28 C:\Users\david\AppData\Local\arduino15\packages\arduino\hardware\sam\1.6.11\variants\arduino_due_x/libsam_sam3x8e_gcc_rel.a(uotghs_device.o)
                0x000854e0                UDD_ReleaseRX
 .text.UDD_ReleaseTX
                0x00085508       0x28 C:\Users\david\AppData\Local\arduino15\packages\arduino\hardware\sam\1.6.11\variants\arduino_due_x/libsam_sam3x8e_gcc_rel.a(uotghs_device.o)
                0x00085508                UDD_ReleaseTX
 .text.UDD_SetAddress
                0x00085530       0x20 C:\Users\david\AppData\Local\arduino15\packages\arduino\hardware\sam\1.6.11\variants\arduino_due_x/libsam_sam3x8e_gcc_rel.a(uotghs_device.o)
                0x00085530                UDD_SetAddress
 .text.dacc_reset
                0x00085550        0x6 C:\Users\david\AppData\Local\arduino15\packages\arduino\hardware\sam\1.6.11\variants\arduino_due_x/libsam_sam3x8e_gcc_rel.a(dacc.o)
                0x00085550                dacc_reset
 .text.dacc_set_transfer_mode
                0x00085556       0x14 C:\Users\david\AppData\Local\arduino15\packages\arduino\hardware\sam\1.6.11\variants\arduino_due_x/libsam_sam3x8e_gcc_rel.a(dacc.o)
                0x00085556                dacc_set_transfer_mode
 .text.dacc_get_interrupt_status
                0x0008556a        0x4 C:\Users\david\AppData\Local\arduino15\packages\arduino\hardware\sam\1.6.11\variants\arduino_due_x/libsam_sam3x8e_gcc_rel.a(dacc.o)
                0x0008556a                dacc_get_interrupt_status
 .text.dacc_write_conversion_data
                0x0008556e        0x4 C:\Users\david\AppData\Local\arduino15\packages\arduino\hardware\sam\1.6.11\variants\arduino_due_x/libsam_sam3x8e_gcc_rel.a(dacc.o)
                0x0008556e                dacc_write_conversion_data
 .text.dacc_set_channel_selection
                0x00085572       0x18 C:\Users\david\AppData\Local\arduino15\packages\arduino\hardware\sam\1.6.11\variants\arduino_due_x/libsam_sam3x8e_gcc_rel.a(dacc.o)
                0x00085572                dacc_set_channel_selection
 .text.dacc_set_power_save
                0x0008558a       0x24 C:\Users\david\AppData\Local\arduino15\packages\arduino\hardware\sam\1.6.11\variants\arduino_due_x/libsam_sam3x8e_gcc_rel.a(dacc.o)
                0x0008558a                dacc_set_power_save
 .text.dacc_set_timing
                0x000855ae       0x2c C:\Users\david\AppData\Local\arduino15\packages\arduino\hardware\sam\1.6.11\variants\arduino_due_x/libsam_sam3x8e_gcc_rel.a(dacc.o)
                0x000855ae                dacc_set_timing
 .text.dacc_enable_channel
                0x000855da       0x12 C:\Users\david\AppData\Local\arduino15\packages\arduino\hardware\sam\1.6.11\variants\arduino_due_x/libsam_sam3x8e_gcc_rel.a(dacc.o)
                0x000855da                dacc_enable_channel
 .text.dacc_get_channel_status
                0x000855ec        0x4 C:\Users\david\AppData\Local\arduino15\packages\arduino\hardware\sam\1.6.11\variants\arduino_due_x/libsam_sam3x8e_gcc_rel.a(dacc.o)
                0x000855ec                dacc_get_channel_status
 .text.dacc_set_analog_control
                0x000855f0        0x8 C:\Users\david\AppData\Local\arduino15\packages\arduino\hardware\sam\1.6.11\variants\arduino_due_x/libsam_sam3x8e_gcc_rel.a(dacc.o)
                0x000855f0                dacc_set_analog_control
 .text.__assert_func
                0x000855f8       0x3c c:/users/david/appdata/local/arduino15/packages/arduino/tools/arm-none-eabi-gcc/4.8.3-2014q1/bin/../lib/gcc/arm-none-eabi/4.8.3/../../../../arm-none-eabi/lib/armv7-m\libg.a(lib_a-assert.o)
                0x000855f8                __assert_func
 .text.fiprintf
                0x00085634       0x28 c:/users/david/appdata/local/arduino15/packages/arduino/tools/arm-none-eabi-gcc/4.8.3-2014q1/bin/../lib/gcc/arm-none-eabi/4.8.3/../../../../arm-none-eabi/lib/armv7-m\libg.a(lib_a-fiprintf.o)
                0x00085634                fiprintf
 .text.__libc_init_array
                0x0008565c       0x50 c:/users/david/appdata/local/arduino15/packages/arduino/tools/arm-none-eabi-gcc/4.8.3-2014q1/bin/../lib/gcc/arm-none-eabi/4.8.3/../../../../arm-none-eabi/lib/armv7-m\libg.a(lib_a-init.o)
                0x0008565c                __libc_init_array
 .text.iprintf  0x000856ac       0x28 c:/users/david/appdata/local/arduino15/packages/arduino/tools/arm-none-eabi-gcc/4.8.3-2014q1/bin/../lib/gcc/arm-none-eabi/4.8.3/../../../../arm-none-eabi/lib/armv7-m\libg.a(lib_a-iprintf.o)
                0x000856ac                iprintf
 .text.malloc   0x000856d4       0x10 c:/users/david/appdata/local/arduino15/packages/arduino/tools/arm-none-eabi-gcc/4.8.3-2014q1/bin/../lib/gcc/arm-none-eabi/4.8.3/../../../../arm-none-eabi/lib/armv7-m\libg.a(lib_a-malloc.o)
                0x000856d4                malloc
 .text.free     0x000856e4       0x10 c:/users/david/appdata/local/arduino15/packages/arduino/tools/arm-none-eabi-gcc/4.8.3-2014q1/bin/../lib/gcc/arm-none-eabi/4.8.3/../../../../arm-none-eabi/lib/armv7-m\libg.a(lib_a-malloc.o)
                0x000856e4                free
 .text._malloc_r
                0x000856f4      0x538 c:/users/david/appdata/local/arduino15/packages/arduino/tools/arm-none-eabi-gcc/4.8.3-2014q1/bin/../lib/gcc/arm-none-eabi/4.8.3/../../../../arm-none-eabi/lib/armv7-m\libg.a(lib_a-mallocr.o)
                0x000856f4                _malloc_r
 .text.memcmp   0x00085c2c       0x68 c:/users/david/appdata/local/arduino15/packages/arduino/tools/arm-none-eabi-gcc/4.8.3-2014q1/bin/../lib/gcc/arm-none-eabi/4.8.3/../../../../arm-none-eabi/lib/armv7-m\libg.a(lib_a-memcmp.o)
                0x00085c2c                memcmp
 .text          0x00085c94       0xec c:/users/david/appdata/local/arduino15/packages/arduino/tools/arm-none-eabi-gcc/4.8.3-2014q1/bin/../lib/gcc/arm-none-eabi/4.8.3/../../../../arm-none-eabi/lib/armv7-m\libg.a(lib_a-memcpy.o)
                0x00085c94                memcpy
 .text.memmove  0x00085d80       0xcc c:/users/david/appdata/local/arduino15/packages/arduino/tools/arm-none-eabi-gcc/4.8.3-2014q1/bin/../lib/gcc/arm-none-eabi/4.8.3/../../../../arm-none-eabi/lib/armv7-m\libg.a(lib_a-memmove.o)
                0x00085d80                memmove
 .text.memset   0x00085e4c       0x94 c:/users/david/appdata/local/arduino15/packages/arduino/tools/arm-none-eabi-gcc/4.8.3-2014q1/bin/../lib/gcc/arm-none-eabi/4.8.3/../../../../arm-none-eabi/lib/armv7-m\libg.a(lib_a-memset.o)
                0x00085e4c                memset
 .text.__malloc_lock
                0x00085ee0        0x4 c:/users/david/appdata/local/arduino15/packages/arduino/tools/arm-none-eabi-gcc/4.8.3-2014q1/bin/../lib/gcc/arm-none-eabi/4.8.3/../../../../arm-none-eabi/lib/armv7-m\libg.a(lib_a-mlock.o)
                0x00085ee0                __malloc_lock
 .text.__malloc_unlock
                0x00085ee4        0x4 c:/users/david/appdata/local/arduino15/packages/arduino/tools/arm-none-eabi-gcc/4.8.3-2014q1/bin/../lib/gcc/arm-none-eabi/4.8.3/../../../../arm-none-eabi/lib/armv7-m\libg.a(lib_a-mlock.o)
                0x00085ee4                __malloc_unlock
 .text.realloc  0x00085ee8       0x10 c:/users/david/appdata/local/arduino15/packages/arduino/tools/arm-none-eabi-gcc/4.8.3-2014q1/bin/../lib/gcc/arm-none-eabi/4.8.3/../../../../arm-none-eabi/lib/armv7-m\libg.a(lib_a-realloc.o)
                0x00085ee8                realloc
 .text._realloc_r
                0x00085ef8      0x3c0 c:/users/david/appdata/local/arduino15/packages/arduino/tools/arm-none-eabi-gcc/4.8.3-2014q1/bin/../lib/gcc/arm-none-eabi/4.8.3/../../../../arm-none-eabi/lib/armv7-m\libg.a(lib_a-reallocr.o)
                0x00085ef8                _realloc_r
 .text._sbrk_r  0x000862b8       0x24 c:/users/david/appdata/local/arduino15/packages/arduino/tools/arm-none-eabi-gcc/4.8.3-2014q1/bin/../lib/gcc/arm-none-eabi/4.8.3/../../../../arm-none-eabi/lib/armv7-m\libg.a(lib_a-sbrkr.o)
                0x000862b8                _sbrk_r
 .text.strchr   0x000862dc       0xf4 c:/users/david/appdata/local/arduino15/packages/arduino/tools/arm-none-eabi-gcc/4.8.3-2014q1/bin/../lib/gcc/arm-none-eabi/4.8.3/../../../../arm-none-eabi/lib/armv7-m\libg.a(lib_a-strchr.o)
                0x000862dc                strchr
 .text          0x000863d0      0x23c c:/users/david/appdata/local/arduino15/packages/arduino/tools/arm-none-eabi-gcc/4.8.3-2014q1/bin/../lib/gcc/arm-none-eabi/4.8.3/../../../../arm-none-eabi/lib/armv7-m\libg.a(lib_a-strcmp.o)
                0x000863d0                strcmp
 .text.strcpy   0x0008660c       0xbc c:/users/david/appdata/local/arduino15/packages/arduino/tools/arm-none-eabi-gcc/4.8.3-2014q1/bin/../lib/gcc/arm-none-eabi/4.8.3/../../../../arm-none-eabi/lib/armv7-m\libg.a(lib_a-strcpy.o)
                0x0008660c                strcpy
 .text.strlen   0x000866c8       0x60 c:/users/david/appdata/local/arduino15/packages/arduino/tools/arm-none-eabi-gcc/4.8.3-2014q1/bin/../lib/gcc/arm-none-eabi/4.8.3/../../../../arm-none-eabi/lib/armv7-m\libg.a(lib_a-strlen.o)
                0x000866c8                strlen
 .text.strncpy  0x00086728       0x64 c:/users/david/appdata/local/arduino15/packages/arduino/tools/arm-none-eabi-gcc/4.8.3-2014q1/bin/../lib/gcc/arm-none-eabi/4.8.3/../../../../arm-none-eabi/lib/armv7-m\libg.a(lib_a-strncpy.o)
                0x00086728                strncpy
 .text.kill     0x0008678c       0x10 c:/users/david/appdata/local/arduino15/packages/arduino/tools/arm-none-eabi-gcc/4.8.3-2014q1/bin/../lib/gcc/arm-none-eabi/4.8.3/../../../../arm-none-eabi/lib/armv7-m\libg.a(lib_a-syskill.o)
                0x0008678c                kill
 .text.__sprint_r.part.0
                0x0008679c       0x78 c:/users/david/appdata/local/arduino15/packages/arduino/tools/arm-none-eabi-gcc/4.8.3-2014q1/bin/../lib/gcc/arm-none-eabi/4.8.3/../../../../arm-none-eabi/lib/armv7-m\libg.a(lib_a-vfiprintf.o)
 .text._vfiprintf_r
                0x00086814      0xc54 c:/users/david/appdata/local/arduino15/packages/arduino/tools/arm-none-eabi-gcc/4.8.3-2014q1/bin/../lib/gcc/arm-none-eabi/4.8.3/../../../../arm-none-eabi/lib/armv7-m\libg.a(lib_a-vfiprintf.o)
                0x00086814                _vfiprintf_r
 .text.__sbprintf
                0x00087468       0x7c c:/users/david/appdata/local/arduino15/packages/arduino/tools/arm-none-eabi-gcc/4.8.3-2014q1/bin/../lib/gcc/arm-none-eabi/4.8.3/../../../../arm-none-eabi/lib/armv7-m\libg.a(lib_a-vfiprintf.o)
 .text.__swsetup_r
                0x000874e4       0xc4 c:/users/david/appdata/local/arduino15/packages/arduino/tools/arm-none-eabi-gcc/4.8.3-2014q1/bin/../lib/gcc/arm-none-eabi/4.8.3/../../../../arm-none-eabi/lib/armv7-m\libg.a(lib_a-wsetup.o)
                0x000874e4                __swsetup_r
 .text.startup.register_fini
                0x000875a8       0x14 c:/users/david/appdata/local/arduino15/packages/arduino/tools/arm-none-eabi-gcc/4.8.3-2014q1/bin/../lib/gcc/arm-none-eabi/4.8.3/../../../../arm-none-eabi/lib/armv7-m\libg.a(lib_a-__call_atexit.o)
 .text.abort    0x000875bc       0x10 c:/users/david/appdata/local/arduino15/packages/arduino/tools/arm-none-eabi-gcc/4.8.3-2014q1/bin/../lib/gcc/arm-none-eabi/4.8.3/../../../../arm-none-eabi/lib/armv7-m\libg.a(lib_a-abort.o)
                0x000875bc                abort
 .text.atexit   0x000875cc        0xc c:/users/david/appdata/local/arduino15/packages/arduino/tools/arm-none-eabi-gcc/4.8.3-2014q1/bin/../lib/gcc/arm-none-eabi/4.8.3/../../../../arm-none-eabi/lib/armv7-m\libg.a(lib_a-atexit.o)
                0x000875cc                atexit
 .text.__sflush_r
                0x000875d8      0x148 c:/users/david/appdata/local/arduino15/packages/arduino/tools/arm-none-eabi-gcc/4.8.3-2014q1/bin/../lib/gcc/arm-none-eabi/4.8.3/../../../../arm-none-eabi/lib/armv7-m\libg.a(lib_a-fflush.o)
                0x000875d8                __sflush_r
 .text._fflush_r
                0x00087720       0x2c c:/users/david/appdata/local/arduino15/packages/arduino/tools/arm-none-eabi-gcc/4.8.3-2014q1/bin/../lib/gcc/arm-none-eabi/4.8.3/../../../../arm-none-eabi/lib/armv7-m\libg.a(lib_a-fflush.o)
                0x00087720                _fflush_r
 .text._cleanup_r
                0x0008774c        0xc c:/users/david/appdata/local/arduino15/packages/arduino/tools/arm-none-eabi-gcc/4.8.3-2014q1/bin/../lib/gcc/arm-none-eabi/4.8.3/../../../../arm-none-eabi/lib/armv7-m\libg.a(lib_a-findfp.o)
                0x0008774c                _cleanup_r
 .text.__sinit  0x00087758       0xf4 c:/users/david/appdata/local/arduino15/packages/arduino/tools/arm-none-eabi-gcc/4.8.3-2014q1/bin/../lib/gcc/arm-none-eabi/4.8.3/../../../../arm-none-eabi/lib/armv7-m\libg.a(lib_a-findfp.o)
                0x00087758                __sinit
 .text.__sfp_lock_acquire
                0x0008784c        0x4 c:/users/david/appdata/local/arduino15/packages/arduino/tools/arm-none-eabi-gcc/4.8.3-2014q1/bin/../lib/gcc/arm-none-eabi/4.8.3/../../../../arm-none-eabi/lib/armv7-m\libg.a(lib_a-findfp.o)
                0x0008784c                __sfp_lock_acquire
 .text.__sfp_lock_release
                0x00087850        0x4 c:/users/david/appdata/local/arduino15/packages/arduino/tools/arm-none-eabi-gcc/4.8.3-2014q1/bin/../lib/gcc/arm-none-eabi/4.8.3/../../../../arm-none-eabi/lib/armv7-m\libg.a(lib_a-findfp.o)
                0x00087850                __sfp_lock_release
 .text.__libc_fini_array
                0x00087854       0x30 c:/users/david/appdata/local/arduino15/packages/arduino/tools/arm-none-eabi-gcc/4.8.3-2014q1/bin/../lib/gcc/arm-none-eabi/4.8.3/../../../../arm-none-eabi/lib/armv7-m\libg.a(lib_a-fini.o)
                0x00087854                __libc_fini_array
 .text._fputwc_r
                0x00087884       0xc0 c:/users/david/appdata/local/arduino15/packages/arduino/tools/arm-none-eabi-gcc/4.8.3-2014q1/bin/../lib/gcc/arm-none-eabi/4.8.3/../../../../arm-none-eabi/lib/armv7-m\libg.a(lib_a-fputwc.o)
                0x00087884                _fputwc_r
 .text._malloc_trim_r
                0x00087944       0x9c c:/users/david/appdata/local/arduino15/packages/arduino/tools/arm-none-eabi-gcc/4.8.3-2014q1/bin/../lib/gcc/arm-none-eabi/4.8.3/../../../../arm-none-eabi/lib/armv7-m\libg.a(lib_a-freer.o)
                0x00087944                _malloc_trim_r
 .text._free_r  0x000879e0      0x198 c:/users/david/appdata/local/arduino15/packages/arduino/tools/arm-none-eabi-gcc/4.8.3-2014q1/bin/../lib/gcc/arm-none-eabi/4.8.3/../../../../arm-none-eabi/lib/armv7-m\libg.a(lib_a-freer.o)
                0x000879e0                _free_r
 .text.__sfvwrite_r
                0x00087b78      0x314 c:/users/david/appdata/local/arduino15/packages/arduino/tools/arm-none-eabi-gcc/4.8.3-2014q1/bin/../lib/gcc/arm-none-eabi/4.8.3/../../../../arm-none-eabi/lib/armv7-m\libg.a(lib_a-fvwrite.o)
                0x00087b78                __sfvwrite_r
 .text._fwalk   0x00087e8c       0x48 c:/users/david/appdata/local/arduino15/packages/arduino/tools/arm-none-eabi-gcc/4.8.3-2014q1/bin/../lib/gcc/arm-none-eabi/4.8.3/../../../../arm-none-eabi/lib/armv7-m\libg.a(lib_a-fwalk.o)
                0x00087e8c                _fwalk
 .text.__locale_charset
                0x00087ed4        0x8 c:/users/david/appdata/local/arduino15/packages/arduino/tools/arm-none-eabi-gcc/4.8.3-2014q1/bin/../lib/gcc/arm-none-eabi/4.8.3/../../../../arm-none-eabi/lib/armv7-m\libg.a(lib_a-locale.o)
                0x00087ed4                __locale_charset
 .text.__locale_mb_cur_max
                0x00087edc        0xc c:/users/david/appdata/local/arduino15/packages/arduino/tools/arm-none-eabi-gcc/4.8.3-2014q1/bin/../lib/gcc/arm-none-eabi/4.8.3/../../../../arm-none-eabi/lib/armv7-m\libg.a(lib_a-locale.o)
                0x00087edc                __locale_mb_cur_max
 .text.__smakebuf_r
                0x00087ee8       0xe0 c:/users/david/appdata/local/arduino15/packages/arduino/tools/arm-none-eabi-gcc/4.8.3-2014q1/bin/../lib/gcc/arm-none-eabi/4.8.3/../../../../arm-none-eabi/lib/armv7-m\libg.a(lib_a-makebuf.o)
                0x00087ee8                __smakebuf_r