Archive member included because of file (symbol)

C:\Users\david\AppData\Local\arduino15\packages\arduino\hardware\sam\1.6.11\variants\arduino_due_x/libsam_sam3x8e_gcc_rel.a(pio.o)
                              C:\Users\david\AppData\Local\Temp\VMBuilds\Rhino\arduino_due_x_dbg\Debug\SPI\SPI.cpp.o (PIO_Configure)
C:\Users\david\AppData\Local\arduino15\packages\arduino\hardware\sam\1.6.11\variants\arduino_due_x/libsam_sam3x8e_gcc_rel.a(pmc.o)
                              C:\Users\david\AppData\Local\Temp\VMBuilds\Rhino\arduino_due_x_dbg\Debug\variant\variant.cpp.o (pmc_enable_periph_clk)
C:\Users\david\AppData\Local\arduino15\packages\arduino\hardware\sam\1.6.11\variants\arduino_due_x/libsam_sam3x8e_gcc_rel.a(spi.o)
                              C:\Users\david\AppData\Local\Temp\VMBuilds\Rhino\arduino_due_x_dbg\Debug\SPI\SPI.cpp.o (SPI_Enable)
C:\Users\david\AppData\Local\arduino15\packages\arduino\hardware\sam\1.6.11\variants\arduino_due_x/libsam_sam3x8e_gcc_rel.a(system_sam3xa.o)
                              C:\Users\david\AppData\Local\Temp\VMBuilds\Rhino\arduino_due_x_dbg\Debug\variant\variant.cpp.o (SystemInit)
C:\Users\david\AppData\Local\arduino15\packages\arduino\hardware\sam\1.6.11\variants\arduino_due_x/libsam_sam3x8e_gcc_rel.a(startup_sam3xa.o)
                              (Reset_Handler)
C:\Users\david\AppData\Local\arduino15\packages\arduino\hardware\sam\1.6.11\variants\arduino_due_x/libsam_sam3x8e_gcc_rel.a(adc.o)
                              C:\Users\david\AppData\Local\Temp\VMBuilds\Rhino\arduino_due_x_dbg\Debug\variant\variant.cpp.o (adc_init)
C:\Users\david\AppData\Local\arduino15\packages\arduino\hardware\sam\1.6.11\variants\arduino_due_x/libsam_sam3x8e_gcc_rel.a(uotghs.o)
                              C:\Users\david\AppData\Local\arduino15\packages\arduino\hardware\sam\1.6.11\variants\arduino_due_x/libsam_sam3x8e_gcc_rel.a(startup_sam3xa.o) (UOTGHS_Handler)
C:\Users\david\AppData\Local\Temp\VMBuilds\Rhino\arduino_due_x_dbg\Debug/core.a(cortex_handlers.c.o)
                              C:\Users\david\AppData\Local\arduino15\packages\arduino\hardware\sam\1.6.11\variants\arduino_due_x/libsam_sam3x8e_gcc_rel.a(startup_sam3xa.o) (NMI_Handler)
C:\Users\david\AppData\Local\Temp\VMBuilds\Rhino\arduino_due_x_dbg\Debug/core.a(hooks.c.o)
                              C:\Users\david\AppData\Local\Temp\VMBuilds\Rhino\arduino_due_x_dbg\Debug/core.a(cortex_handlers.c.o) (sysTickHook)
C:\Users\david\AppData\Local\Temp\VMBuilds\Rhino\arduino_due_x_dbg\Debug/core.a(syscalls_sam3.c.o)
                              (_sbrk)
C:\Users\david\AppData\Local\Temp\VMBuilds\Rhino\arduino_due_x_dbg\Debug/core.a(wiring.c.o)
                              C:\Users\david\AppData\Local\Temp\VMBuilds\Rhino\arduino_due_x_dbg\Debug\Rhino.cpp.o (millis)
C:\Users\david\AppData\Local\Temp\VMBuilds\Rhino\arduino_due_x_dbg\Debug/core.a(wiring_analog.c.o)
                              C:\Users\david\AppData\Local\Temp\VMBuilds\Rhino\arduino_due_x_dbg\Debug\IcarusCelle\IcarusCelle.cpp.o (analogRead)
C:\Users\david\AppData\Local\Temp\VMBuilds\Rhino\arduino_due_x_dbg\Debug/core.a(wiring_digital.c.o)
                              C:\Users\david\AppData\Local\Temp\VMBuilds\Rhino\arduino_due_x_dbg\Debug\Rhino.cpp.o (pinMode)
C:\Users\david\AppData\Local\Temp\VMBuilds\Rhino\arduino_due_x_dbg\Debug/core.a(abi.cpp.o)
                              C:\Users\david\AppData\Local\Temp\VMBuilds\Rhino\arduino_due_x_dbg\Debug\SD\File.cpp.o (__cxa_pure_virtual)
C:\Users\david\AppData\Local\Temp\VMBuilds\Rhino\arduino_due_x_dbg\Debug/core.a(main.cpp.o)
                              c:/users/david/appdata/local/arduino15/packages/arduino/tools/arm-none-eabi-gcc/4.8.3-2014q1/bin/../lib/gcc/arm-none-eabi/4.8.3/../../../../arm-none-eabi/lib/armv7-m/crt0.o (main)
C:\Users\david\AppData\Local\Temp\VMBuilds\Rhino\arduino_due_x_dbg\Debug/core.a(Print.cpp.o)
                              C:\Users\david\AppData\Local\Temp\VMBuilds\Rhino\arduino_due_x_dbg\Debug\SD\File.cpp.o (Print::write(unsigned char const*, unsigned int))
C:\Users\david\AppData\Local\Temp\VMBuilds\Rhino\arduino_due_x_dbg\Debug/core.a(Reset.cpp.o)
                              C:\Users\david\AppData\Local\Temp\VMBuilds\Rhino\arduino_due_x_dbg\Debug/core.a(cortex_handlers.c.o) (tickReset)
C:\Users\david\AppData\Local\Temp\VMBuilds\Rhino\arduino_due_x_dbg\Debug/core.a(RingBuffer.cpp.o)
                              C:\Users\david\AppData\Local\Temp\VMBuilds\Rhino\arduino_due_x_dbg\Debug\variant\variant.cpp.o (RingBuffer::RingBuffer())
C:\Users\david\AppData\Local\Temp\VMBuilds\Rhino\arduino_due_x_dbg\Debug/core.a(UARTClass.cpp.o)
                              C:\Users\david\AppData\Local\Temp\VMBuilds\Rhino\arduino_due_x_dbg\Debug\variant\variant.cpp.o (UARTClass::available())
C:\Users\david\AppData\Local\Temp\VMBuilds\Rhino\arduino_due_x_dbg\Debug/core.a(USARTClass.cpp.o)
[...]
Memory Configuration

Name             Origin             Length             Attributes
rom              0x00080000         0x00080000         xr
sram0            0x20000000         0x00010000         xrw
sram1            0x20080000         0x00008000         xrw
ram              0x20070000         0x00018000         xrw
*default*        0x00000000         0xffffffff

Linker script and memory map

LOAD c:/users/david/appdata/local/arduino15/packages/arduino/tools/arm-none-eabi-gcc/4.8.3-2014q1/bin/../lib/gcc/arm-none-eabi/4.8.3/armv7-m/crti.o
LOAD c:/users/david/appdata/local/arduino15/packages/arduino/tools/arm-none-eabi-gcc/4.8.3-2014q1/bin/../lib/gcc/arm-none-eabi/4.8.3/armv7-m/crtbegin.o
LOAD c:/users/david/appdata/local/arduino15/packages/arduino/tools/arm-none-eabi-gcc/4.8.3-2014q1/bin/../lib/gcc/arm-none-eabi/4.8.3/../../../../arm-none-eabi/lib/armv7-m/crt0.o
START GROUP
LOAD C:\Users\david\AppData\Local\Temp\VMBuilds\Rhino\arduino_due_x_dbg\Debug\Rhino.cpp.o
LOAD C:\Users\david\AppData\Local\Temp\VMBuilds\Rhino\arduino_due_x_dbg\Debug\SPI\SPI.cpp.o
LOAD C:\Users\david\AppData\Local\Temp\VMBuilds\Rhino\arduino_due_x_dbg\Debug\SD\File.cpp.o
LOAD C:\Users\david\AppData\Local\Temp\VMBuilds\Rhino\arduino_due_x_dbg\Debug\SD\SD.cpp.o
LOAD C:\Users\david\AppData\Local\Temp\VMBuilds\Rhino\arduino_due_x_dbg\Debug\SD\utility\Sd2Card.cpp.o
LOAD C:\Users\david\AppData\Local\Temp\VMBuilds\Rhino\arduino_due_x_dbg\Debug\SD\utility\SdFile.cpp.o
LOAD C:\Users\david\AppData\Local\Temp\VMBuilds\Rhino\arduino_due_x_dbg\Debug\SD\utility\SdVolume.cpp.o
LOAD C:\Users\david\AppData\Local\Temp\VMBuilds\Rhino\arduino_due_x_dbg\Debug\IcarusCelle\IcarusCelle.cpp.o
LOAD C:\Users\david\AppData\Local\Temp\VMBuilds\Rhino\arduino_due_x_dbg\Debug\IcarusIO\IcarusIO.cpp.o
LOAD C:\Users\david\AppData\Local\Temp\VMBuilds\Rhino\arduino_due_x_dbg\Debug\IcarusXbee\IcarusXbee.cpp.o
LOAD C:\Users\david\AppData\Local\Temp\VMBuilds\Rhino\arduino_due_x_dbg\Debug\xbee-arduino-master\Printers.cpp.o
LOAD C:\Users\david\AppData\Local\Temp\VMBuilds\Rhino\arduino_due_x_dbg\Debug\xbee-arduino-master\XBee.cpp.o
LOAD C:\Users\david\AppData\Local\Temp\VMBuilds\Rhino\arduino_due_x_dbg\Debug\variant\variant.cpp.o
LOAD C:\Users\david\AppData\Local\arduino15\packages\arduino\hardware\sam\1.6.11\variants\arduino_due_x/libsam_sam3x8e_gcc_rel.a
LOAD C:\Users\david\AppData\Local\Temp\VMBuilds\Rhino\arduino_due_x_dbg\Debug/core.a
END GROUP
LOAD c:/users/david/appdata/local/arduino15/packages/arduino/tools/arm-none-eabi-gcc/4.8.3-2014q1/bin/../lib/gcc/arm-none-eabi/4.8.3/../../../../arm-none-eabi/lib/armv7-m\libm.a
START GROUP
LOAD c:/users/david/appdata/local/arduino15/packages/arduino/tools/arm-none-eabi-gcc/4.8.3-2014q1/bin/../lib/gcc/arm-none-eabi/4.8.3/armv7-m\libgcc.a
LOAD c:/users/david/appdata/local/arduino15/packages/arduino/tools/arm-none-eabi-gcc/4.8.3-2014q1/bin/../lib/gcc/arm-none-eabi/4.8.3/../../../../arm-none-eabi/lib/armv7-m\libg.a
LOAD c:/users/david/appdata/local/arduino15/packages/arduino/tools/arm-none-eabi-gcc/4.8.3-2014q1/bin/../lib/gcc/arm-none-eabi/4.8.3/../../../../arm-none-eabi/lib/armv7-m\libc.a
END GROUP
LOAD c:/users/david/appdata/local/arduino15/packages/arduino/tools/arm-none-eabi-gcc/4.8.3-2014q1/bin/../lib/gcc/arm-none-eabi/4.8.3/armv7-m/crtend.o
LOAD c:/users/david/appdata/local/arduino15/packages/arduino/tools/arm-none-eabi-gcc/4.8.3-2014q1/bin/../lib/gcc/arm-none-eabi/4.8.3/armv7-m/crtn.o

.text           0x00080000     0x934c
                0x00080000                . = ALIGN (0x4)
                0x00080000                _sfixed = .
 *(.vectors .vectors.*)
 .vectors       0x00080000       0xf4 C:\Users\david\AppData\Local\arduino15\packages\arduino\hardware\sam\1.6.11\variants\arduino_due_x/libsam_sam3x8e_gcc_rel.a(startup_sam3xa.o)
                0x00080000                exception_table
 *(.text .text.* .gnu.linkonce.t.*)
 .text          0x000800f4       0x54 c:/users/david/appdata/local/arduino15/packages/arduino/tools/arm-none-eabi-gcc/4.8.3-2014q1/bin/../lib/gcc/arm-none-eabi/4.8.3/armv7-m/crtbegin.o
 .text._Z10setupPinIOv
                0x00080148       0x7e C:\Users\david\AppData\Local\Temp\VMBuilds\Rhino\arduino_due_x_dbg\Debug\Rhino.cpp.o
                0x00080148                setupPinIO()
 *fill*         0x000801c6        0x2 
 .text._Z5blinkhPmm
                0x000801c8       0x44 C:\Users\david\AppData\Local\Temp\VMBuilds\Rhino\arduino_due_x_dbg\Debug\Rhino.cpp.o
                0x000801c8                blink(unsigned char, unsigned long*, unsigned long)
 .text._Z11setupSDCardv
                0x0008020c      0x14c C:\Users\david\AppData\Local\Temp\VMBuilds\Rhino\arduino_due_x_dbg\Debug\Rhino.cpp.o
                0x0008020c                setupSDCard()
 .text.startup._GLOBAL__sub_I_IO
                0x00080358       0x54 C:\Users\david\AppData\Local\Temp\VMBuilds\Rhino\arduino_due_x_dbg\Debug\Rhino.cpp.o
 .text.loop     0x000803ac      0x784 C:\Users\david\AppData\Local\Temp\VMBuilds\Rhino\arduino_due_x_dbg\Debug\Rhino.cpp.o
                0x000803ac                loop
 .text._Z9setupXbeev
                0x00080b30       0x80 C:\Users\david\AppData\Local\Temp\VMBuilds\Rhino\arduino_due_x_dbg\Debug\Rhino.cpp.o
                0x00080b30                setupXbee()
 .text.setup    0x00080bb0       0x60 C:\Users\david\AppData\Local\Temp\VMBuilds\Rhino\arduino_due_x_dbg\Debug\Rhino.cpp.o
                0x00080bb0                setup
 .text._ZL10SPI_0_Initv
                0x00080c10       0x48 C:\Users\david\AppData\Local\Temp\VMBuilds\Rhino\arduino_due_x_dbg\Debug\SPI\SPI.cpp.o
 .text._ZN8SPIClass4initEv
                0x00080c58       0x36 C:\Users\david\AppData\Local\Temp\VMBuilds\Rhino\arduino_due_x_dbg\Debug\SPI\SPI.cpp.o
                0x00080c58                SPIClass::init()
 *fill*         0x00080c8e        0x2 
 .text._ZN8SPIClass16beginTransactionEh11SPISettings
                0x00080c90       0x98 C:\Users\david\AppData\Local\Temp\VMBuilds\Rhino\arduino_due_x_dbg\Debug\SPI\SPI.cpp.o
                0x00080c90                SPIClass::beginTransaction(unsigned char, SPISettings)
 .text._ZN8SPIClass14endTransactionEv
                0x00080d28       0x50 C:\Users\david\AppData\Local\Temp\VMBuilds\Rhino\arduino_due_x_dbg\Debug\SPI\SPI.cpp.o
                0x00080d28                SPIClass::endTransaction()
 .text._ZN8SPIClass11setDataModeEhh
                0x00080d78       0x34 C:\Users\david\AppData\Local\Temp\VMBuilds\Rhino\arduino_due_x_dbg\Debug\SPI\SPI.cpp.o
                0x00080d78                SPIClass::setDataMode(unsigned char, unsigned char)
 .text._ZN8SPIClass15setClockDividerEhh
                0x00080dac       0x2e C:\Users\david\AppData\Local\Temp\VMBuilds\Rhino\arduino_due_x_dbg\Debug\SPI\SPI.cpp.o
                0x00080dac                SPIClass::setClockDivider(unsigned char, unsigned char)
 .text._ZN8SPIClass5beginEv
                0x00080dda       0x22 C:\Users\david\AppData\Local\Temp\VMBuilds\Rhino\arduino_due_x_dbg\Debug\SPI\SPI.cpp.o
                0x00080dda                SPIClass::begin()
 .text._ZN8SPIClass8transferEhh15SPITransferMode
                0x00080dfc       0x5e C:\Users\david\AppData\Local\Temp\VMBuilds\Rhino\arduino_due_x_dbg\Debug\SPI\SPI.cpp.o
                0x00080dfc                SPIClass::transfer(unsigned char, unsigned char, SPITransferMode)
 *fill*         0x00080e5a        0x2 
 .text.startup._GLOBAL__sub_I__ZN8SPIClassC2EP3SpimPFvvE
                0x00080e5c       0x24 C:\Users\david\AppData\Local\Temp\VMBuilds\Rhino\arduino_due_x_dbg\Debug\SPI\SPI.cpp.o
 .text._ZN5SDLib4File5writeEh
                0x00080e80       0x16 C:\Users\david\AppData\Local\Temp\VMBuilds\Rhino\arduino_due_x_dbg\Debug\SD\File.cpp.o
                0x00080e80                SDLib::File::write(unsigned char)
 .text._ZN5SDLib4File5writeEPKhj
                0x00080e96       0x26 C:\Users\david\AppData\Local\Temp\VMBuilds\Rhino\arduino_due_x_dbg\Debug\SD\File.cpp.o
                0x00080e96                SDLib::File::write(unsigned char const*, unsigned int)
 .text._ZN5SDLib4File5flushEv
                0x00080ebc        0xa C:\Users\david\AppData\Local\Temp\VMBuilds\Rhino\arduino_due_x_dbg\Debug\SD\File.cpp.o
                0x00080ebc                SDLib::File::flush()
 .text._ZN6SdFile4readEv
                0x00080ec6       0x20 C:\Users\david\AppData\Local\Temp\VMBuilds\Rhino\arduino_due_x_dbg\Debug\SD\File.cpp.o
                0x00080ec6                SdFile::read()
 .text._ZN5SDLib4File4readEv
                0x00080ee6       0x12 C:\Users\david\AppData\Local\Temp\VMBuilds\Rhino\arduino_due_x_dbg\Debug\SD\File.cpp.o
                0x00080ee6                SDLib::File::read()
 .text._ZN5SDLib4File4peekEv
                0x00080ef8       0x20 C:\Users\david\AppData\Local\Temp\VMBuilds\Rhino\arduino_due_x_dbg\Debug\SD\File.cpp.o
                0x00080ef8                SDLib::File::peek()
 .text._ZN5SDLib4FileC2E6SdFilePKc
                0x00080f18       0x50 C:\Users\david\AppData\Local\Temp\VMBuilds\Rhino\arduino_due_x_dbg\Debug\SD\File.cpp.o
                0x00080f18                SDLib::File::File(SdFile, char const*)
                0x00080f18                SDLib::File::File(SdFile, char const*)
 .text._ZN5SDLib4FileC2Ev
                0x00080f68       0x18 C:\Users\david\AppData\Local\Temp\VMBuilds\Rhino\arduino_due_x_dbg\Debug\SD\File.cpp.o
                0x00080f68                SDLib::File::File()
                0x00080f68                SDLib::File::File()
 .text._ZN5SDLib4File8positionEv
                0x00080f80        0xe C:\Users\david\AppData\Local\Temp\VMBuilds\Rhino\arduino_due_x_dbg\Debug\SD\File.cpp.o
                0x00080f80                SDLib::File::position()
 .text._ZN5SDLib4File4sizeEv
                0x00080f8e        0x8 C:\Users\david\AppData\Local\Temp\VMBuilds\Rhino\arduino_due_x_dbg\Debug\SD\File.cpp.o
                0x00080f8e                SDLib::File::size()
 .text._ZN5SDLib4File9availableEv
                0x00080f96       0x26 C:\Users\david\AppData\Local\Temp\VMBuilds\Rhino\arduino_due_x_dbg\Debug\SD\File.cpp.o
                0x00080f96                SDLib::File::available()
 .text._ZN5SDLib19callback_pathExistsER6SdFilePKcbPv
                0x00080fbc       0x38 C:\Users\david\AppData\Local\Temp\VMBuilds\Rhino\arduino_due_x_dbg\Debug\SD\SD.cpp.o
                0x00080fbc                SDLib::callback_pathExists(SdFile&, char const*, bool, void*)
 .text._ZN8SdVolume4initEP7Sd2Card
                0x00080ff4       0x20 C:\Users\david\AppData\Local\Temp\VMBuilds\Rhino\arduino_due_x_dbg\Debug\SD\SD.cpp.o
                0x00080ff4                SdVolume::init(Sd2Card*)
 .text._ZN5SDLib20getNextPathComponentEPKcPjPc
                0x00081014       0x40 C:\Users\david\AppData\Local\Temp\VMBuilds\Rhino\arduino_due_x_dbg\Debug\SD\SD.cpp.o
                0x00081014                SDLib::getNextPathComponent(char const*, unsigned int*, char*)
 .text._ZN5SDLib8walkPathEPKcR6SdFilePFbS3_S1_bPvES4_
                0x00081054       0x9c C:\Users\david\AppData\Local\Temp\VMBuilds\Rhino\arduino_due_x_dbg\Debug\SD\SD.cpp.o
                0x00081054                SDLib::walkPath(char const*, SdFile&, bool (*)(SdFile&, char const*, bool, void*), void*)
 .text._ZN5SDLib7SDClass5beginEh
                0x000810f0       0x34 C:\Users\david\AppData\Local\Temp\VMBuilds\Rhino\arduino_due_x_dbg\Debug\SD\SD.cpp.o
                0x000810f0                SDLib::SDClass::begin(unsigned char)
 .text._ZN6SdFileC2ERKS_
                0x00081124       0x34 C:\Users\david\AppData\Local\Temp\VMBuilds\Rhino\arduino_due_x_dbg\Debug\SD\SD.cpp.o
                0x00081124                SdFile::SdFile(SdFile const&)
                0x00081124                SdFile::SdFile(SdFile const&)
 .text._ZN5SDLib7SDClass12getParentDirEPKcPi
                0x00081158       0xac C:\Users\david\AppData\Local\Temp\VMBuilds\Rhino\arduino_due_x_dbg\Debug\SD\SD.cpp.o
                0x00081158                SDLib::SDClass::getParentDir(char const*, int*)
 .text._ZN5SDLib7SDClass4openEPKch
                0x00081204       0xa4 C:\Users\david\AppData\Local\Temp\VMBuilds\Rhino\arduino_due_x_dbg\Debug\SD\SD.cpp.o
                0x00081204                SDLib::SDClass::open(char const*, unsigned char)
 .text._ZN5SDLib7SDClass6existsEPKc
                0x000812a8       0x14 C:\Users\david\AppData\Local\Temp\VMBuilds\Rhino\arduino_due_x_dbg\Debug\SD\SD.cpp.o
                0x000812a8                SDLib::SDClass::exists(char const*)
 .text.startup._GLOBAL__sub_I__ZN5SDLib20getNextPathComponentEPKcPjPc
                0x000812bc       0x28 C:\Users\david\AppData\Local\Temp\VMBuilds\Rhino\arduino_due_x_dbg\Debug\SD\SD.cpp.o
 .text._ZL7spiSendh
                0x000812e4       0x10 C:\Users\david\AppData\Local\Temp\VMBuilds\Rhino\arduino_due_x_dbg\Debug\SD\utility\Sd2Card.cpp.o
 .text._ZL6spiRecv
                0x000812f4       0x10 C:\Users\david\AppData\Local\Temp\VMBuilds\Rhino\arduino_due_x_dbg\Debug\SD\utility\Sd2Card.cpp.o
 .text._ZN7Sd2Card14chipSelectHighEv
                0x00081304       0x28 C:\Users\david\AppData\Local\Temp\VMBuilds\Rhino\arduino_due_x_dbg\Debug\SD\utility\Sd2Card.cpp.o
                0x00081304                Sd2Card::chipSelectHigh()
 .text._ZN7Sd2Card13chipSelectLowEv
                0x0008132c       0x40 C:\Users\david\AppData\Local\Temp\VMBuilds\Rhino\arduino_due_x_dbg\Debug\SD\utility\Sd2Card.cpp.o
                0x0008132c                Sd2Card::chipSelectLow()
 .text._ZN7Sd2Card7readEndEv
                0x0008136c       0x2a C:\Users\david\AppData\Local\Temp\VMBuilds\Rhino\arduino_due_x_dbg\Debug\SD\utility\Sd2Card.cpp.o
                0x0008136c                Sd2Card::readEnd()
 *fill*         0x00081396        0x2 
 .text._ZN7Sd2Card10setSckRateEh
                0x00081398       0x58 C:\Users\david\AppData\Local\Temp\VMBuilds\Rhino\arduino_due_x_dbg\Debug\SD\utility\Sd2Card.cpp.o
                0x00081398                Sd2Card::setSckRate(unsigned char)
 .text._ZN7Sd2Card11waitNotBusyEt
                0x000813f0       0x28 C:\Users\david\AppData\Local\Temp\VMBuilds\Rhino\arduino_due_x_dbg\Debug\SD\utility\Sd2Card.cpp.o
                0x000813f0                Sd2Card::waitNotBusy(unsigned short)
 .text._ZN7Sd2Card11cardCommandEhm
                0x00081418       0x60 C:\Users\david\AppData\Local\Temp\VMBuilds\Rhino\arduino_due_x_dbg\Debug\SD\utility\Sd2Card.cpp.o
                0x00081418                Sd2Card::cardCommand(unsigned char, unsigned long)
 .text._ZN7Sd2Card4initEhh
                0x00081478      0x150 C:\Users\david\AppData\Local\Temp\VMBuilds\Rhino\arduino_due_x_dbg\Debug\SD\utility\Sd2Card.cpp.o
                0x00081478                Sd2Card::init(unsigned char, unsigned char)
 .text._ZN7Sd2Card14waitStartBlockEv
                0x000815c8       0x3e C:\Users\david\AppData\Local\Temp\VMBuilds\Rhino\arduino_due_x_dbg\Debug\SD\utility\Sd2Card.cpp.o
                0x000815c8                Sd2Card::waitStartBlock()
 .text._ZN7Sd2Card8readDataEmttPh
                0x00081606       0xa4 C:\Users\david\AppData\Local\Temp\VMBuilds\Rhino\arduino_due_x_dbg\Debug\SD\utility\Sd2Card.cpp.o
                0x00081606                Sd2Card::readData(unsigned long, unsigned short, unsigned short, unsigned char*)
 .text._ZN7Sd2Card9readBlockEmPh
                0x000816aa       0x14 C:\Users\david\AppData\Local\Temp\VMBuilds\Rhino\arduino_due_x_dbg\Debug\SD\utility\Sd2Card.cpp.o
                0x000816aa                Sd2Card::readBlock(unsigned long, unsigned char*)
 .text._ZN7Sd2Card9writeDataEhPKh
                0x000816be       0x48 C:\Users\david\AppData\Local\Temp\VMBuilds\Rhino\arduino_due_x_dbg\Debug\SD\utility\Sd2Card.cpp.o
                0x000816be                Sd2Card::writeData(unsigned char, unsigned char const*)
 .text._ZN7Sd2Card10writeBlockEmPKh
                0x00081706       0x6c C:\Users\david\AppData\Local\Temp\VMBuilds\Rhino\arduino_due_x_dbg\Debug\SD\utility\Sd2Card.cpp.o
                0x00081706                Sd2Card::writeBlock(unsigned long, unsigned char const*)
 *fill*         0x00081772        0x2 
 .text.startup._GLOBAL__sub_I__ZN7Sd2Card11cardCommandEhm
                0x00081774       0x14 C:\Users\david\AppData\Local\Temp\VMBuilds\Rhino\arduino_due_x_dbg\Debug\SD\utility\Sd2Card.cpp.o
 .text._ZN6SdFile10addClusterEv
                0x00081788       0x26 C:\Users\david\AppData\Local\Temp\VMBuilds\Rhino\arduino_due_x_dbg\Debug\SD\utility\SdFile.cpp.o
                0x00081788                SdFile::addCluster()
 .text._ZN6SdFile13addDirClusterEv
                0x000817ae       0x46 C:\Users\david\AppData\Local\Temp\VMBuilds\Rhino\arduino_due_x_dbg\Debug\SD\utility\SdFile.cpp.o
                0x000817ae                SdFile::addDirCluster()
 .text._ZN6SdFile13cacheDirEntryEh
                0x000817f4       0x1c C:\Users\david\AppData\Local\Temp\VMBuilds\Rhino\arduino_due_x_dbg\Debug\SD\utility\SdFile.cpp.o
                0x000817f4                SdFile::cacheDirEntry(unsigned char)
 .text._ZN6SdFile10make83NameEPKcPh
                0x00081810       0x98 C:\Users\david\AppData\Local\Temp\VMBuilds\Rhino\arduino_due_x_dbg\Debug\SD\utility\SdFile.cpp.o
                0x00081810                SdFile::make83Name(char const*, unsigned char*)
 .text._ZN6SdFile8openRootEP8SdVolume
                0x000818a8       0x50 C:\Users\david\AppData\Local\Temp\VMBuilds\Rhino\arduino_due_x_dbg\Debug\SD\utility\SdFile.cpp.o
                0x000818a8                SdFile::openRoot(SdVolume*)
 .text._ZN6SdFile4readEPvt
                0x000818f8      0x104 C:\Users\david\AppData\Local\Temp\VMBuilds\Rhino\arduino_due_x_dbg\Debug\SD\utility\SdFile.cpp.o
                0x000818f8                SdFile::read(void*, unsigned short)
 .text._ZN6SdFile12readDirCacheEv
                0x000819fc       0x44 C:\Users\david\AppData\Local\Temp\VMBuilds\Rhino\arduino_due_x_dbg\Debug\SD\utility\SdFile.cpp.o
                0x000819fc                SdFile::readDirCache()
 .text._ZN6SdFile7seekSetEm
                0x00081a40       0x5e C:\Users\david\AppData\Local\Temp\VMBuilds\Rhino\arduino_due_x_dbg\Debug\SD\utility\SdFile.cpp.o
                0x00081a40                SdFile::seekSet(unsigned long)
 *fill*         0x00081a9e        0x2 
 .text._ZN6SdFile4syncEv
                0x00081aa0       0x58 C:\Users\david\AppData\Local\Temp\VMBuilds\Rhino\arduino_due_x_dbg\Debug\SD\utility\SdFile.cpp.o
                0x00081aa0                SdFile::sync()
 .text._ZN6SdFile5closeEv
                0x00081af8       0x12 C:\Users\david\AppData\Local\Temp\VMBuilds\Rhino\arduino_due_x_dbg\Debug\SD\utility\SdFile.cpp.o
                0x00081af8                SdFile::close()
 *fill*         0x00081b0a        0x2 
 .text._ZN6SdFile8truncateEm
                0x00081b0c       0xb0 C:\Users\david\AppData\Local\Temp\VMBuilds\Rhino\arduino_due_x_dbg\Debug\SD\utility\SdFile.cpp.o
                0x00081b0c                SdFile::truncate(unsigned long)
 .text._ZN6SdFile15openCachedEntryEhh
                0x00081bbc       0x7c C:\Users\david\AppData\Local\Temp\VMBuilds\Rhino\arduino_due_x_dbg\Debug\SD\utility\SdFile.cpp.o
                0x00081bbc                SdFile::openCachedEntry(unsigned char, unsigned char)
 .text._ZN6SdFile4openEPS_PKch
                0x00081c38      0x110 C:\Users\david\AppData\Local\Temp\VMBuilds\Rhino\arduino_due_x_dbg\Debug\SD\utility\SdFile.cpp.o
                0x00081c38                SdFile::open(SdFile*, char const*, unsigned char)
 .text._ZN6SdFile5writeEPKvt
                0x00081d48      0x194 C:\Users\david\AppData\Local\Temp\VMBuilds\Rhino\arduino_due_x_dbg\Debug\SD\utility\SdFile.cpp.o
                0x00081d48                SdFile::write(void const*, unsigned short)
 .text._ZN6SdFile5writeEh
                0x00081edc       0x16 C:\Users\david\AppData\Local\Temp\VMBuilds\Rhino\arduino_due_x_dbg\Debug\SD\utility\SdFile.cpp.o
                0x00081edc                SdFile::write(unsigned char)
 *fill*         0x00081ef2        0x2 
 .text._ZN8SdVolume10cacheFlushEv
                0x00081ef4       0x4c C:\Users\david\AppData\Local\Temp\VMBuilds\Rhino\arduino_due_x_dbg\Debug\SD\utility\SdVolume.cpp.o
                0x00081ef4                SdVolume::cacheFlush()
 .text._ZN8SdVolume13cacheRawBlockEmh
                0x00081f40       0x48 C:\Users\david\AppData\Local\Temp\VMBuilds\Rhino\arduino_due_x_dbg\Debug\SD\utility\SdVolume.cpp.o
                0x00081f40                SdVolume::cacheRawBlock(unsigned long, unsigned char)
 .text._ZN8SdVolume14cacheZeroBlockEm
                0x00081f88       0x38 C:\Users\david\AppData\Local\Temp\VMBuilds\Rhino\arduino_due_x_dbg\Debug\SD\utility\SdVolume.cpp.o
                0x00081f88                SdVolume::cacheZeroBlock(unsigned long)
 .text._ZNK8SdVolume6fatGetEmPm
                0x00081fc0       0x64 C:\Users\david\AppData\Local\Temp\VMBuilds\Rhino\arduino_due_x_dbg\Debug\SD\utility\SdVolume.cpp.o
                0x00081fc0                SdVolume::fatGet(unsigned long, unsigned long*) const
 .text._ZNK8SdVolume9chainSizeEmPm
                0x00082024       0x44 C:\Users\david\AppData\Local\Temp\VMBuilds\Rhino\arduino_due_x_dbg\Debug\SD\utility\SdVolume.cpp.o
                0x00082024                SdVolume::chainSize(unsigned long, unsigned long*) const
 .text._ZN8SdVolume6fatPutEmm
                0x00082068       0x84 C:\Users\david\AppData\Local\Temp\VMBuilds\Rhino\arduino_due_x_dbg\Debug\SD\utility\SdVolume.cpp.o
                0x00082068                SdVolume::fatPut(unsigned long, unsigned long)
 .text._ZN8SdVolume15allocContiguousEmPm
                0x000820ec       0xb4 C:\Users\david\AppData\Local\Temp\VMBuilds\Rhino\arduino_due_x_dbg\Debug\SD\utility\SdVolume.cpp.o
                0x000820ec                SdVolume::allocContiguous(unsigned long, unsigned long*)
 .text._ZN8SdVolume9freeChainEm
                0x000821a0       0x48 C:\Users\david\AppData\Local\Temp\VMBuilds\Rhino\arduino_due_x_dbg\Debug\SD\utility\SdVolume.cpp.o
                0x000821a0                SdVolume::freeChain(unsigned long)
 .text._ZN8SdVolume4initEP7Sd2Cardh
                0x000821e8       0xf4 C:\Users\david\AppData\Local\Temp\VMBuilds\Rhino\arduino_due_x_dbg\Debug\SD\utility\SdVolume.cpp.o
                0x000821e8                SdVolume::init(Sd2Card*, unsigned char)
 .text._ZN11IcarusCelleC2Eh5celle
                0x000822dc       0x46 C:\Users\david\AppData\Local\Temp\VMBuilds\Rhino\arduino_due_x_dbg\Debug\IcarusCelle\IcarusCelle.cpp.o
                0x000822dc                IcarusCelle::IcarusCelle(unsigned char, celle)
                0x000822dc                IcarusCelle::IcarusCelle(unsigned char, celle)
 *fill*         0x00082322        0x2 
 .text._ZN11IcarusCelle12measureForceEv
                0x00082324       0x1c C:\Users\david\AppData\Local\Temp\VMBuilds\Rhino\arduino_due_x_dbg\Debug\IcarusCelle\IcarusCelle.cpp.o
                0x00082324                IcarusCelle::measureForce()
 .text._ZN8IcarusIOC2EP6Stream
                0x00082340        0x4 C:\Users\david\AppData\Local\Temp\VMBuilds\Rhino\arduino_due_x_dbg\Debug\IcarusIO\IcarusIO.cpp.o
                0x00082340                IcarusIO::IcarusIO(Stream*)
                0x00082340                IcarusIO::IcarusIO(Stream*)
 .text._ZN10IcarusXbeeC2EP8IcarusIO13IcarusAddressP6Stream
                0x00082344      0x2ac C:\Users\david\AppData\Local\Temp\VMBuilds\Rhino\arduino_due_x_dbg\Debug\IcarusXbee\IcarusXbee.cpp.o
                0x00082344                IcarusXbee::IcarusXbee(IcarusIO*, IcarusAddress, Stream*)
                0x00082344                IcarusXbee::IcarusXbee(IcarusIO*, IcarusAddress, Stream*)
 .text._ZN10IcarusXbee12addToPayloadE8dataType
                0x000825f0      0x3f4 C:\Users\david\AppData\Local\Temp\VMBuilds\Rhino\arduino_due_x_dbg\Debug\IcarusXbee\IcarusXbee.cpp.o
                0x000825f0                IcarusXbee::addToPayload(dataType)
 .text._ZN10IcarusXbee4SendEv
                0x000829e4       0x70 C:\Users\david\AppData\Local\Temp\VMBuilds\Rhino\arduino_due_x_dbg\Debug\IcarusXbee\IcarusXbee.cpp.o
                0x000829e4                IcarusXbee::Send()
 .text._ZN10IcarusXbee19handleXbeeRxMessageEPhh
                0x00082a54      0x28a C:\Users\david\AppData\Local\Temp\VMBuilds\Rhino\arduino_due_x_dbg\Debug\IcarusXbee\IcarusXbee.cpp.o
                0x00082a54                IcarusXbee::handleXbeeRxMessage(unsigned char*, unsigned char)
 .text._ZN10IcarusXbee11SendCmdFireE11typeCmdFire
                0x00082cde       0x44 C:\Users\david\AppData\Local\Temp\VMBuilds\Rhino\arduino_due_x_dbg\Debug\IcarusXbee\IcarusXbee.cpp.o
                0x00082cde                IcarusXbee::SendCmdFire(typeCmdFire)
 .text._ZN10IcarusXbee11readCmdFireEv
                0x00082d22       0x2e C:\Users\david\AppData\Local\Temp\VMBuilds\Rhino\arduino_due_x_dbg\Debug\IcarusXbee\IcarusXbee.cpp.o
                0x00082d22                IcarusXbee::readCmdFire()
 .text._ZN10IcarusXbee6getCmdEv
                0x00082d50        0xe C:\Users\david\AppData\Local\Temp\VMBuilds\Rhino\arduino_due_x_dbg\Debug\IcarusXbee\IcarusXbee.cpp.o
                0x00082d50                IcarusXbee::getCmd()
 *fill*         0x00082d5e        0x2 
 .text._ZN10IcarusXbee4ReadEv
                0x00082d60       0x8c C:\Users\david\AppData\Local\Temp\VMBuilds\Rhino\arduino_due_x_dbg\Debug\IcarusXbee\IcarusXbee.cpp.o
                0x00082d60                IcarusXbee::Read()
 .text._ZN12ZBRxResponse13getDataOffsetEv
                0x00082dec        0x4 C:\Users\david\AppData\Local\Temp\VMBuilds\Rhino\arduino_due_x_dbg\Debug\xbee-arduino-master\XBee.cpp.o
                0x00082dec                ZBRxResponse::getDataOffset()
 .text._ZN12ZBRxResponse13getDataLengthEv
                0x00082df0       0x12 C:\Users\david\AppData\Local\Temp\VMBuilds\Rhino\arduino_due_x_dbg\Debug\xbee-arduino-master\XBee.cpp.o
                0x00082df0                ZBRxResponse::getDataLength()
 .text._ZN11ZBTxRequest18getFrameDataLengthEv
                0x00082e02        0x8 C:\Users\david\AppData\Local\Temp\VMBuilds\Rhino\arduino_due_x_dbg\Debug\xbee-arduino-master\XBee.cpp.o
                0x00082e02                ZBTxRequest::getFrameDataLength()
 .text._ZN11ZBTxRequest12getFrameDataEh
                0x00082e0a       0x68 C:\Users\david\AppData\Local\Temp\VMBuilds\Rhino\arduino_due_x_dbg\Debug\xbee-arduino-master\XBee.cpp.o
                0x00082e0a                ZBTxRequest::getFrameData(unsigned char)
 .text._ZN12XBeeResponseC2Ev
                0x00082e72        0x2 C:\Users\david\AppData\Local\Temp\VMBuilds\Rhino\arduino_due_x_dbg\Debug\xbee-arduino-master\XBee.cpp.o
                0x00082e72                XBeeResponse::XBeeResponse()
                0x00082e72                XBeeResponse::XBeeResponse()
 .text._ZN12XBeeResponse8getApiIdEv
                0x00082e74        0x4 C:\Users\david\AppData\Local\Temp\VMBuilds\Rhino\arduino_due_x_dbg\Debug\xbee-arduino-master\XBee.cpp.o
                0x00082e74                XBeeResponse::getApiId()
 .text._ZN12XBeeResponse11isAvailableEv
                0x00082e78        0x4 C:\Users\david\AppData\Local\Temp\VMBuilds\Rhino\arduino_due_x_dbg\Debug\xbee-arduino-master\XBee.cpp.o
                0x00082e78                XBeeResponse::isAvailable()
 .text._ZN12XBeeResponse7isErrorEv
                0x00082e7c        0xa C:\Users\david\AppData\Local\Temp\VMBuilds\Rhino\arduino_due_x_dbg\Debug\xbee-arduino-master\XBee.cpp.o
                0x00082e7c                XBeeResponse::isError()
 .text._ZN12XBeeResponse12getErrorCodeEv
                0x00082e86        0x4 C:\Users\david\AppData\Local\Temp\VMBuilds\Rhino\arduino_due_x_dbg\Debug\xbee-arduino-master\XBee.cpp.o
                0x00082e86                XBeeResponse::getErrorCode()
 .text._ZN12XBeeResponse9setCommonERS_
                0x00082e8a       0x1e C:\Users\david\AppData\Local\Temp\VMBuilds\Rhino\arduino_due_x_dbg\Debug\xbee-arduino-master\XBee.cpp.o
                0x00082e8a                XBeeResponse::setCommon(XBeeResponse&)
 .text._ZN18ZBTxStatusResponseC2Ev
                0x00082ea8        0x2 C:\Users\david\AppData\Local\Temp\VMBuilds\Rhino\arduino_due_x_dbg\Debug\xbee-arduino-master\XBee.cpp.o
                0x00082ea8                ZBTxStatusResponse::ZBTxStatusResponse()
                0x00082ea8                ZBTxStatusResponse::ZBTxStatusResponse()
 *fill*         0x00082eaa        0x2 
 .text._ZN12ZBRxResponseC2Ev
                0x00082eac       0x10 C:\Users\david\AppData\Local\Temp\VMBuilds\Rhino\arduino_due_x_dbg\Debug\xbee-arduino-master\XBee.cpp.o
                0x00082eac                ZBRxResponse::ZBRxResponse()
                0x00082eac                ZBRxResponse::ZBRxResponse()
 .text._ZN12XBeeResponse15getZBRxResponseERS_
                0x00082ebc       0x3e C:\Users\david\AppData\Local\Temp\VMBuilds\Rhino\arduino_due_x_dbg\Debug\xbee-arduino-master\XBee.cpp.o
                0x00082ebc                XBeeResponse::getZBRxResponse(XBeeResponse&)
 .text._ZN14RxDataResponse7getDataEv
                0x00082efa        0xe C:\Users\david\AppData\Local\Temp\VMBuilds\Rhino\arduino_due_x_dbg\Debug\xbee-arduino-master\XBee.cpp.o
                0x00082efa                RxDataResponse::getData()
 .text._ZN12XBeeResponse5resetEv
                0x00082f08       0x12 C:\Users\david\AppData\Local\Temp\VMBuilds\Rhino\arduino_due_x_dbg\Debug\xbee-arduino-master\XBee.cpp.o
                0x00082f08                XBeeResponse::reset()
 .text._ZN4XBee13resetResponseEv
                0x00082f1a        0xc C:\Users\david\AppData\Local\Temp\VMBuilds\Rhino\arduino_due_x_dbg\Debug\xbee-arduino-master\XBee.cpp.o
                0x00082f1a                XBee::resetResponse()
 *fill*         0x00082f26        0x2 
 .text._ZN4XBeeC2Ev
                0x00082f28       0x24 C:\Users\david\AppData\Local\Temp\VMBuilds\Rhino\arduino_due_x_dbg\Debug\xbee-arduino-master\XBee.cpp.o
                0x00082f28                XBee::XBee()
                0x00082f28                XBee::XBee()
 .text._ZN4XBee9setSerialER6Stream
                0x00082f4c        0x6 C:\Users\david\AppData\Local\Temp\VMBuilds\Rhino\arduino_due_x_dbg\Debug\xbee-arduino-master\XBee.cpp.o
                0x00082f4c                XBee::setSerial(Stream&)
 .text._ZN4XBee9availableEv
                0x00082f52       0x14 C:\Users\david\AppData\Local\Temp\VMBuilds\Rhino\arduino_due_x_dbg\Debug\xbee-arduino-master\XBee.cpp.o
                0x00082f52                XBee::available()
 .text._ZN4XBee4readEv
                0x00082f66       0x10 C:\Users\david\AppData\Local\Temp\VMBuilds\Rhino\arduino_due_x_dbg\Debug\xbee-arduino-master\XBee.cpp.o
                0x00082f66                XBee::read()
 .text._ZN4XBee5writeEh
                0x00082f76        0xe C:\Users\david\AppData\Local\Temp\VMBuilds\Rhino\arduino_due_x_dbg\Debug\xbee-arduino-master\XBee.cpp.o
                0x00082f76                XBee::write(unsigned char)
 .text._ZN4XBee11getResponseEv
                0x00082f84        0x2 C:\Users\david\AppData\Local\Temp\VMBuilds\Rhino\arduino_due_x_dbg\Debug\xbee-arduino-master\XBee.cpp.o
                0x00082f84                XBee::getResponse()
 .text._ZN4XBee10readPacketEv
                0x00082f86       0xe6 C:\Users\david\AppData\Local\Temp\VMBuilds\Rhino\arduino_due_x_dbg\Debug\xbee-arduino-master\XBee.cpp.o
                0x00082f86                XBee::readPacket()
 .text._ZN11ZBTxRequestC2Ev
                0x0008306c       0x28 C:\Users\david\AppData\Local\Temp\VMBuilds\Rhino\arduino_due_x_dbg\Debug\xbee-arduino-master\XBee.cpp.o
                0x0008306c                ZBTxRequest::ZBTxRequest()
                0x0008306c                ZBTxRequest::ZBTxRequest()
 .text._ZN11ZBTxRequestC2ERK13XBeeAddress64Phh
                0x00083094       0x38 C:\Users\david\AppData\Local\Temp\VMBuilds\Rhino\arduino_due_x_dbg\Debug\xbee-arduino-master\XBee.cpp.o
                0x00083094                ZBTxRequest::ZBTxRequest(XBeeAddress64 const&, unsigned char*, unsigned char)
                0x00083094                ZBTxRequest::ZBTxRequest(XBeeAddress64 const&, unsigned char*, unsigned char)
 .text._ZN4XBee8sendByteEhb
                0x000830cc       0x34 C:\Users\david\AppData\Local\Temp\VMBuilds\Rhino\arduino_due_x_dbg\Debug\xbee-arduino-master\XBee.cpp.o
                0x000830cc                XBee::sendByte(unsigned char, bool)
 .text._ZN4XBee4sendER11XBeeRequest
                0x00083100       0xa0 C:\Users\david\AppData\Local\Temp\VMBuilds\Rhino\arduino_due_x_dbg\Debug\xbee-arduino-master\XBee.cpp.o
                0x00083100                XBee::send(XBeeRequest&)
 .text._Z11serialEventv
                0x000831a0        0x2 C:\Users\david\AppData\Local\Temp\VMBuilds\Rhino\arduino_due_x_dbg\Debug\variant\variant.cpp.o
                0x000831a0                serialEvent()
 *fill*         0x000831a2        0x2 
 .text.UART_Handler
                0x000831a4        0xc C:\Users\david\AppData\Local\Temp\VMBuilds\Rhino\arduino_due_x_dbg\Debug\variant\variant.cpp.o
                0x000831a4                UART_Handler
 .text._Z12serialEvent1v
                0x000831b0        0x2 C:\Users\david\AppData\Local\Temp\VMBuilds\Rhino\arduino_due_x_dbg\Debug\variant\variant.cpp.o
                0x000831b0                serialEvent1()
 .text._Z12serialEvent2v
                0x000831b2        0x2 C:\Users\david\AppData\Local\Temp\VMBuilds\Rhino\arduino_due_x_dbg\Debug\variant\variant.cpp.o
                0x000831b2                serialEvent2()
 .text._Z12serialEvent3v
                0x000831b4        0x2 C:\Users\david\AppData\Local\Temp\VMBuilds\Rhino\arduino_due_x_dbg\Debug\variant\variant.cpp.o
                0x000831b4                serialEvent3()
 *fill*         0x000831b6        0x2 
 .text.USART0_Handler
                0x000831b8        0xc C:\Users\david\AppData\Local\Temp\VMBuilds\Rhino\arduino_due_x_dbg\Debug\variant\variant.cpp.o
                0x000831b8                USART0_Handler
 .text.USART1_Handler
                0x000831c4        0xc C:\Users\david\AppData\Local\Temp\VMBuilds\Rhino\arduino_due_x_dbg\Debug\variant\variant.cpp.o
                0x000831c4                USART1_Handler
 .text.USART3_Handler
                0x000831d0        0xc C:\Users\david\AppData\Local\Temp\VMBuilds\Rhino\arduino_due_x_dbg\Debug\variant\variant.cpp.o
                0x000831d0                USART3_Handler
 .text.init     0x000831dc      0x128 C:\Users\david\AppData\Local\Temp\VMBuilds\Rhino\arduino_due_x_dbg\Debug\variant\variant.cpp.o
                0x000831dc                init
 .text.startup._GLOBAL__sub_I_g_APinDescription
                0x00083304       0xd4 C:\Users\david\AppData\Local\Temp\VMBuilds\Rhino\arduino_due_x_dbg\Debug\variant\variant.cpp.o
 .text._Z14serialEventRunv
                0x000833d8       0x44 C:\Users\david\AppData\Local\Temp\VMBuilds\Rhino\arduino_due_x_dbg\Debug\variant\variant.cpp.o
                0x000833d8                serialEventRun()
 .text.PIO_PullUp
                0x0008341c        0xa C:\Users\david\AppData\Local\arduino15\packages\arduino\hardware\sam\1.6.11\variants\arduino_due_x/libsam_sam3x8e_gcc_rel.a(pio.o)
                0x0008341c                PIO_PullUp
 .text.PIO_Get  0x00083426       0x14 C:\Users\david\AppData\Local\arduino15\packages\arduino\hardware\sam\1.6.11\variants\arduino_due_x/libsam_sam3x8e_gcc_rel.a(pio.o)
                0x00083426                PIO_Get
 .text.PIO_SetPeripheral
                0x0008343a       0x26 C:\Users\david\AppData\Local\arduino15\packages\arduino\hardware\sam\1.6.11\variants\arduino_due_x/libsam_sam3x8e_gcc_rel.a(pio.o)
                0x0008343a                PIO_SetPeripheral
 .text.PIO_SetInput
                0x00083460       0x26 C:\Users\david\AppData\Local\arduino15\packages\arduino\hardware\sam\1.6.11\variants\arduino_due_x/libsam_sam3x8e_gcc_rel.a(pio.o)
                0x00083460                PIO_SetInput
 .text.PIO_SetOutput
                0x00083486       0x24 C:\Users\david\AppData\Local\arduino15\packages\arduino\hardware\sam\1.6.11\variants\arduino_due_x/libsam_sam3x8e_gcc_rel.a(pio.o)
                0x00083486                PIO_SetOutput
 *fill*         0x000834aa        0x2 
 .text.PIO_Configure
                0x000834ac       0x64 C:\Users\david\AppData\Local\arduino15\packages\arduino\hardware\sam\1.6.11\variants\arduino_due_x/libsam_sam3x8e_gcc_rel.a(pio.o)
                0x000834ac                PIO_Configure
 .text.PIO_GetOutputDataStatus
                0x00083510       0x14 C:\Users\david\AppData\Local\arduino15\packages\arduino\hardware\sam\1.6.11\variants\arduino_due_x/libsam_sam3x8e_gcc_rel.a(pio.o)
                0x00083510                PIO_GetOutputDataStatus
 .text.pmc_enable_upll_clock
                0x00083524       0x14 C:\Users\david\AppData\Local\arduino15\packages\arduino\hardware\sam\1.6.11\variants\arduino_due_x/libsam_sam3x8e_gcc_rel.a(pmc.o)
                0x00083524                pmc_enable_upll_clock
 .text.pmc_enable_periph_clk
                0x00083538       0x44 C:\Users\david\AppData\Local\arduino15\packages\arduino\hardware\sam\1.6.11\variants\arduino_due_x/libsam_sam3x8e_gcc_rel.a(pmc.o)
                0x00083538                pmc_enable_periph_clk
 .text.pmc_disable_periph_clk
                0x0008357c       0x40 C:\Users\david\AppData\Local\arduino15\packages\arduino\hardware\sam\1.6.11\variants\arduino_due_x/libsam_sam3x8e_gcc_rel.a(pmc.o)
                0x0008357c                pmc_disable_periph_clk
 .text.pmc_switch_udpck_to_upllck
                0x000835bc       0x14 C:\Users\david\AppData\Local\arduino15\packages\arduino\hardware\sam\1.6.11\variants\arduino_due_x/libsam_sam3x8e_gcc_rel.a(pmc.o)
                0x000835bc                pmc_switch_udpck_to_upllck
 .text.pmc_enable_udpck
                0x000835d0        0xc C:\Users\david\AppData\Local\arduino15\packages\arduino\hardware\sam\1.6.11\variants\arduino_due_x/libsam_sam3x8e_gcc_rel.a(pmc.o)
                0x000835d0                pmc_enable_udpck
 .text.SPI_Enable
                0x000835dc        0x6 C:\Users\david\AppData\Local\arduino15\packages\arduino\hardware\sam\1.6.11\variants\arduino_due_x/libsam_sam3x8e_gcc_rel.a(spi.o)
                0x000835dc                SPI_Enable
 *fill*         0x000835e2        0x2 
 .text.SPI_Configure
                0x000835e4       0x20 C:\Users\david\AppData\Local\arduino15\packages\arduino\hardware\sam\1.6.11\variants\arduino_due_x/libsam_sam3x8e_gcc_rel.a(spi.o)
                0x000835e4                SPI_Configure
 .text.SPI_ConfigureNPCS
                0x00083604        0x8 C:\Users\david\AppData\Local\arduino15\packages\arduino\hardware\sam\1.6.11\variants\arduino_due_x/libsam_sam3x8e_gcc_rel.a(spi.o)
                0x00083604                SPI_ConfigureNPCS
 .text.SystemInit
                0x0008360c       0x88 C:\Users\david\AppData\Local\arduino15\packages\arduino\hardware\sam\1.6.11\variants\arduino_due_x/libsam_sam3x8e_gcc_rel.a(system_sam3xa.o)
                0x0008360c                SystemInit
 .text.Reset_Handler
                0x00083694       0x78 C:\Users\david\AppData\Local\arduino15\packages\arduino\hardware\sam\1.6.11\variants\arduino_due_x/libsam_sam3x8e_gcc_rel.a(startup_sam3xa.o)
                0x00083694                Reset_Handler
 .text.adc_init
                0x0008370c       0x98 C:\Users\david\AppData\Local\arduino15\packages\arduino\hardware\sam\1.6.11\variants\arduino_due_x/libsam_sam3x8e_gcc_rel.a(adc.o)
                0x0008370c                adc_init
 .text.adc_configure_trigger
                0x000837a4        0xe C:\Users\david\AppData\Local\arduino15\packages\arduino\hardware\sam\1.6.11\variants\arduino_due_x/libsam_sam3x8e_gcc_rel.a(adc.o)
                0x000837a4                adc_configure_trigger
 .text.adc_configure_timing
                0x000837b2       0x1a C:\Users\david\AppData\Local\arduino15\packages\arduino\hardware\sam\1.6.11\variants\arduino_due_x/libsam_sam3x8e_gcc_rel.a(adc.o)
                0x000837b2                adc_configure_timing
 .text.adc_start
                0x000837cc        0x6 C:\Users\david\AppData\Local\arduino15\packages\arduino\hardware\sam\1.6.11\variants\arduino_due_x/libsam_sam3x8e_gcc_rel.a(adc.o)
                0x000837cc                adc_start
 .text.adc_enable_channel
                0x000837d2        0xa C:\Users\david\AppData\Local\arduino15\packages\arduino\hardware\sam\1.6.11\variants\arduino_due_x/libsam_sam3x8e_gcc_rel.a(adc.o)
                0x000837d2                adc_enable_channel
 .text.adc_disable_channel
                0x000837dc        0xa C:\Users\david\AppData\Local\arduino15\packages\arduino\hardware\sam\1.6.11\variants\arduino_due_x/libsam_sam3x8e_gcc_rel.a(adc.o)
                0x000837dc                adc_disable_channel
 .text.adc_disable_all_channel
                0x000837e6        0x8 C:\Users\david\AppData\Local\arduino15\packages\arduino\hardware\sam\1.6.11\variants\arduino_due_x/libsam_sam3x8e_gcc_rel.a(adc.o)
                0x000837e6                adc_disable_all_channel
 .text.adc_get_channel_status
                0x000837ee        0xa C:\Users\david\AppData\Local\arduino15\packages\arduino\hardware\sam\1.6.11\variants\arduino_due_x/libsam_sam3x8e_gcc_rel.a(adc.o)
                0x000837ee                adc_get_channel_status
 .text.adc_get_latest_value
                0x000837f8        0x4 C:\Users\david\AppData\Local\arduino15\packages\arduino\hardware\sam\1.6.11\variants\arduino_due_x/libsam_sam3x8e_gcc_rel.a(adc.o)
                0x000837f8                adc_get_latest_value
 .text.adc_disable_interrupt
                0x000837fc        0x4 C:\Users\david\AppData\Local\arduino15\packages\arduino\hardware\sam\1.6.11\variants\arduino_due_x/libsam_sam3x8e_gcc_rel.a(adc.o)
                0x000837fc                adc_disable_interrupt
 .text.adc_get_status
                0x00083800        0x4 C:\Users\david\AppData\Local\arduino15\packages\arduino\hardware\sam\1.6.11\variants\arduino_due_x/libsam_sam3x8e_gcc_rel.a(adc.o)
                0x00083800                adc_get_status
 .text.UOTGHS_Handler
                0x00083804       0x10 C:\Users\david\AppData\Local\arduino15\packages\arduino\hardware\sam\1.6.11\variants\arduino_due_x/libsam_sam3x8e_gcc_rel.a(uotghs.o)
                0x00083804                UOTGHS_Handler
 .text.__halt   0x00083814        0x2 C:\Users\david\AppData\Local\Temp\VMBuilds\Rhino\arduino_due_x_dbg\Debug/core.a(cortex_handlers.c.o)
                0x00083814                DACC_Handler
                0x00083814                DebugMon_Handler
                0x00083814                DMAC_Handler
                0x00083814                TRNG_Handler
                0x00083814                HardFault_Handler
                0x00083814                TC2_Handler
                0x00083814                TWI1_Handler
                0x00083814                NMI_Handler
                0x00083814                TC7_Handler
                0x00083814                ADC_Handler
                0x00083814                SMC_Handler
                0x00083814                RTT_Handler
                0x00083814                EFC1_Handler
                0x00083814                PIOB_Handler
                0x00083814                RTC_Handler
                0x00083814                UsageFault_Handler
                0x00083814                TC6_Handler
                0x00083814                WDT_Handler
                0x00083814                CAN0_Handler
                0x00083814                TC4_Handler
                0x00083814                TC1_Handler
                0x00083814                HSMCI_Handler
                0x00083814                TC3_Handler
                0x00083814                TWI0_Handler
                0x00083814                PIOA_Handler
                0x00083814                SSC_Handler
                0x00083814                EFC0_Handler
                0x00083814                PMC_Handler
                0x00083814                PWM_Handler
                0x00083814                CAN1_Handler
                0x00083814                MemManage_Handler
                0x00083814                SUPC_Handler
                0x00083814                TC8_Handler
                0x00083814                USART2_Handler
                0x00083814                PIOD_Handler
                0x00083814                EMAC_Handler
                0x00083814                PIOC_Handler
                0x00083814                BusFault_Handler
                0x00083814                RSTC_Handler
                0x00083814                TC0_Handler
                0x00083814                TC5_Handler
                0x00083814                SPI0_Handler
 .text.SVC_Handler
                0x00083816        0x4 C:\Users\david\AppData\Local\Temp\VMBuilds\Rhino\arduino_due_x_dbg\Debug/core.a(cortex_handlers.c.o)
                0x00083816                SVC_Handler
 .text.PendSV_Handler
                0x0008381a        0x4 C:\Users\david\AppData\Local\Temp\VMBuilds\Rhino\arduino_due_x_dbg\Debug/core.a(cortex_handlers.c.o)
                0x0008381a                PendSV_Handler
 .text.SysTick_Handler
                0x0008381e       0x16 C:\Users\david\AppData\Local\Temp\VMBuilds\Rhino\arduino_due_x_dbg\Debug/core.a(cortex_handlers.c.o)
                0x0008381e                SysTick_Handler
 .text.__empty  0x00083834        0x2 C:\Users\david\AppData\Local\Temp\VMBuilds\Rhino\arduino_due_x_dbg\Debug/core.a(hooks.c.o)
                0x00083834                yield
 .text.__false  0x00083836        0x4 C:\Users\david\AppData\Local\Temp\VMBuilds\Rhino\arduino_due_x_dbg\Debug/core.a(hooks.c.o)
                0x00083836                sysTickHook
 .text.__halt   0x0008383a        0x2 C:\Users\david\AppData\Local\Temp\VMBuilds\Rhino\arduino_due_x_dbg\Debug/core.a(hooks.c.o)
                0x0008383a                svcHook
                0x0008383a                pendSVHook
 .text._sbrk    0x0008383c       0x1c C:\Users\david\AppData\Local\Temp\VMBuilds\Rhino\arduino_due_x_dbg\Debug/core.a(syscalls_sam3.c.o)
                0x0008383c                _sbrk
 .text.link     0x00083858        0x6 C:\Users\david\AppData\Local\Temp\VMBuilds\Rhino\arduino_due_x_dbg\Debug/core.a(syscalls_sam3.c.o)
                0x00083858                link
 .text._close   0x0008385e        0x6 C:\Users\david\AppData\Local\Temp\VMBuilds\Rhino\arduino_due_x_dbg\Debug/core.a(syscalls_sam3.c.o)
                0x0008385e                _close
 .text._fstat   0x00083864        0xa C:\Users\david\AppData\Local\Temp\VMBuilds\Rhino\arduino_due_x_dbg\Debug/core.a(syscalls_sam3.c.o)
                0x00083864                _fstat
 .text._isatty  0x0008386e        0x4 C:\Users\david\AppData\Local\Temp\VMBuilds\Rhino\arduino_due_x_dbg\Debug/core.a(syscalls_sam3.c.o)
                0x0008386e                _isatty
 .text._lseek   0x00083872        0x4 C:\Users\david\AppData\Local\Temp\VMBuilds\Rhino\arduino_due_x_dbg\Debug/core.a(syscalls_sam3.c.o)
                0x00083872                _lseek
 .text._read    0x00083876        0x4 C:\Users\david\AppData\Local\Temp\VMBuilds\Rhino\arduino_due_x_dbg\Debug/core.a(syscalls_sam3.c.o)
                0x00083876                _read
 *fill*         0x0008387a        0x2 
 .text._write   0x0008387c       0x24 C:\Users\david\AppData\Local\Temp\VMBuilds\Rhino\arduino_due_x_dbg\Debug/core.a(syscalls_sam3.c.o)
                0x0008387c                _write
 .text._exit    0x000838a0       0x10 C:\Users\david\AppData\Local\Temp\VMBuilds\Rhino\arduino_due_x_dbg\Debug/core.a(syscalls_sam3.c.o)
                0x000838a0                _exit
 .text._kill    0x000838b0        0x2 C:\Users\david\AppData\Local\Temp\VMBuilds\Rhino\arduino_due_x_dbg\Debug/core.a(syscalls_sam3.c.o)
                0x000838b0                _kill
 .text._getpid  0x000838b2        0x6 C:\Users\david\AppData\Local\Temp\VMBuilds\Rhino\arduino_due_x_dbg\Debug/core.a(syscalls_sam3.c.o)
                0x000838b2                _getpid
 .text.millis   0x000838b8        0x4 C:\Users\david\AppData\Local\Temp\VMBuilds\Rhino\arduino_due_x_dbg\Debug/core.a(wiring.c.o)
                0x000838b8                millis
 .text.delay    0x000838bc       0x1c C:\Users\david\AppData\Local\Temp\VMBuilds\Rhino\arduino_due_x_dbg\Debug/core.a(wiring.c.o)
                0x000838bc                delay
 .text.mapResolution
                0x000838d8       0x12 C:\Users\david\AppData\Local\Temp\VMBuilds\Rhino\arduino_due_x_dbg\Debug/core.a(wiring_analog.c.o)
 *fill*         0x000838ea        0x2 
 .text.analogRead
                0x000838ec       0x9c C:\Users\david\AppData\Local\Temp\VMBuilds\Rhino\arduino_due_x_dbg\Debug/core.a(wiring_analog.c.o)
                0x000838ec                analogRead
 .text.analogOutputInit
                0x00083988        0x2 C:\Users\david\AppData\Local\Temp\VMBuilds\Rhino\arduino_due_x_dbg\Debug/core.a(wiring_analog.c.o)
                0x00083988                analogOutputInit
 *fill*         0x0008398a        0x2 
 .text.pinMode  0x0008398c      0x108 C:\Users\david\AppData\Local\Temp\VMBuilds\Rhino\arduino_due_x_dbg\Debug/core.a(wiring_digital.c.o)
                0x0008398c                pinMode
 .text.digitalWrite
                0x00083a94       0x70 C:\Users\david\AppData\Local\Temp\VMBuilds\Rhino\arduino_due_x_dbg\Debug/core.a(wiring_digital.c.o)
                0x00083a94                digitalWrite
 .text.digitalRead
                0x00083b04       0x44 C:\Users\david\AppData\Local\Temp\VMBuilds\Rhino\arduino_due_x_dbg\Debug/core.a(wiring_digital.c.o)
                0x00083b04                digitalRead
 .text.initVariant
                0x00083b48        0x2 C:\Users\david\AppData\Local\Temp\VMBuilds\Rhino\arduino_due_x_dbg\Debug/core.a(main.cpp.o)
                0x00083b48                initVariant
 *fill*         0x00083b4a        0x2 
 .text.startup.main
                0x00083b4c       0x38 C:\Users\david\AppData\Local\Temp\VMBuilds\Rhino\arduino_due_x_dbg\Debug/core.a(main.cpp.o)
                0x00083b4c                main
 .text._ZN5Print5writeEPKhj
                0x00083b84       0x22 C:\Users\david\AppData\Local\Temp\VMBuilds\Rhino\arduino_due_x_dbg\Debug/core.a(Print.cpp.o)
                0x00083b84                Print::write(unsigned char const*, unsigned int)
 .text._ZN5Print5printEmi.part.3
                0x00083ba6        0xc C:\Users\david\AppData\Local\Temp\VMBuilds\Rhino\arduino_due_x_dbg\Debug/core.a(Print.cpp.o)
 .text._ZN5Print5writeEPKc
                0x00083bb2       0x1e C:\Users\david\AppData\Local\Temp\VMBuilds\Rhino\arduino_due_x_dbg\Debug/core.a(Print.cpp.o)
                0x00083bb2                Print::write(char const*)
 .text._ZN5Print5printERK6String
                0x00083bd0       0x10 C:\Users\david\AppData\Local\Temp\VMBuilds\Rhino\arduino_due_x_dbg\Debug/core.a(Print.cpp.o)
                0x00083bd0                Print::print(String const&)
 .text._ZN5Print5printEPKc
                0x00083be0        0x8 C:\Users\david\AppData\Local\Temp\VMBuilds\Rhino\arduino_due_x_dbg\Debug/core.a(Print.cpp.o)
                0x00083be0                Print::print(char const*)
 .text._ZN5Print5printEc
                0x00083be8        0xa C:\Users\david\AppData\Local\Temp\VMBuilds\Rhino\arduino_due_x_dbg\Debug/core.a(Print.cpp.o)
                0x00083be8                Print::print(char)
 *fill*         0x00083bf2        0x2 
 .text._ZN5Print7printlnEv
                0x00083bf4       0x10 C:\Users\david\AppData\Local\Temp\VMBuilds\Rhino\arduino_due_x_dbg\Debug/core.a(Print.cpp.o)
                0x00083bf4                Print::println()
 .text._ZN5Print7printlnERK6String
                0x00083c04       0x14 C:\Users\david\AppData\Local\Temp\VMBuilds\Rhino\arduino_due_x_dbg\Debug/core.a(Print.cpp.o)
                0x00083c04                Print::println(String const&)
 .text._ZN5Print7printlnEPKc
                0x00083c18       0x14 C:\Users\david\AppData\Local\Temp\VMBuilds\Rhino\arduino_due_x_dbg\Debug/core.a(Print.cpp.o)
                0x00083c18                Print::println(char const*)
 .text._ZN5Print11printNumberEmh
                0x00083c2c       0x3e C:\Users\david\AppData\Local\Temp\VMBuilds\Rhino\arduino_due_x_dbg\Debug/core.a(Print.cpp.o)
                0x00083c2c                Print::printNumber(unsigned long, unsigned char)
 .text._ZN5Print5printEli
                0x00083c6a       0x3c C:\Users\david\AppData\Local\Temp\VMBuilds\Rhino\arduino_due_x_dbg\Debug/core.a(Print.cpp.o)
                0x00083c6a                Print::print(long, int)
 .text._ZN5Print5printEii
                0x00083ca6        0x4 C:\Users\david\AppData\Local\Temp\VMBuilds\Rhino\arduino_due_x_dbg\Debug/core.a(Print.cpp.o)
                0x00083ca6                Print::print(int, int)
 .text._ZN5Print7printlnEii
                0x00083caa       0x14 C:\Users\david\AppData\Local\Temp\VMBuilds\Rhino\arduino_due_x_dbg\Debug/core.a(Print.cpp.o)
                0x00083caa                Print::println(int, int)
 .text._ZN5Print5printEmi
                0x00083cbe        0xc C:\Users\david\AppData\Local\Temp\VMBuilds\Rhino\arduino_due_x_dbg\Debug/core.a(Print.cpp.o)
                0x00083cbe                Print::print(unsigned long, int)
 .text._ZN5Print7printlnEhi
                0x00083cca       0x14 C:\Users\david\AppData\Local\Temp\VMBuilds\Rhino\arduino_due_x_dbg\Debug/core.a(Print.cpp.o)
                0x00083cca                Print::println(unsigned char, int)
 *fill*         0x00083cde        0x2 
 .text.initiateReset
                0x00083ce0        0xc C:\Users\david\AppData\Local\Temp\VMBuilds\Rhino\arduino_due_x_dbg\Debug/core.a(Reset.cpp.o)
                0x00083ce0                initiateReset
 .text.cancelReset
                0x00083cec       0x10 C:\Users\david\AppData\Local\Temp\VMBuilds\Rhino\arduino_due_x_dbg\Debug/core.a(Reset.cpp.o)
                0x00083cec                cancelReset
 .text.tickReset
                0x00083cfc       0x20 C:\Users\david\AppData\Local\Temp\VMBuilds\Rhino\arduino_due_x_dbg\Debug/core.a(Reset.cpp.o)
                0x00083cfc                tickReset
 .text._ZN10RingBufferC2Ev
                0x00083d1c       0x1a C:\Users\david\AppData\Local\Temp\VMBuilds\Rhino\arduino_due_x_dbg\Debug/core.a(RingBuffer.cpp.o)
                0x00083d1c                RingBuffer::RingBuffer()
                0x00083d1c                RingBuffer::RingBuffer()
 .text._ZN10RingBuffer10store_charEh
                0x00083d36       0x1e C:\Users\david\AppData\Local\Temp\VMBuilds\Rhino\arduino_due_x_dbg\Debug/core.a(RingBuffer.cpp.o)
                0x00083d36                RingBuffer::store_char(unsigned char)
 .text._ZN9UARTClasscvbEv
                0x00083d54        0x4 C:\Users\david\AppData\Local\Temp\VMBuilds\Rhino\arduino_due_x_dbg\Debug/core.a(UARTClass.cpp.o)
                0x00083d54                UARTClass::operator bool()
 .text._ZN9UARTClass9availableEv
                0x00083d58       0x12 C:\Users\david\AppData\Local\Temp\VMBuilds\Rhino\arduino_due_x_dbg\Debug/core.a(UARTClass.cpp.o)
                0x00083d58                UARTClass::available()
 .text._ZN9UARTClass4peekEv
                0x00083d6a       0x1c C:\Users\david\AppData\Local\Temp\VMBuilds\Rhino\arduino_due_x_dbg\Debug/core.a(UARTClass.cpp.o)
                0x00083d6a                UARTClass::peek()
 .text._ZN9UARTClass4readEv
                0x00083d86       0x2a C:\Users\david\AppData\Local\Temp\VMBuilds\Rhino\arduino_due_x_dbg\Debug/core.a(UARTClass.cpp.o)
                0x00083d86                UARTClass::read()
 .text._ZN9UARTClass5flushEv
                0x00083db0       0x18 C:\Users\david\AppData\Local\Temp\VMBuilds\Rhino\arduino_due_x_dbg\Debug/core.a(UARTClass.cpp.o)
                0x00083db0                UARTClass::flush()
 .text._ZN9UARTClass5writeEh
                0x00083dc8       0x54 C:\Users\david\AppData\Local\Temp\VMBuilds\Rhino\arduino_due_x_dbg\Debug/core.a(UARTClass.cpp.o)
                0x00083dc8                UARTClass::write(unsigned char)
 .text._ZN9UARTClass3endEv
                0x00083e1c       0x3c C:\Users\david\AppData\Local\Temp\VMBuilds\Rhino\arduino_due_x_dbg\Debug/core.a(UARTClass.cpp.o)
                0x00083e1c                UARTClass::end()
 .text._ZN9UARTClassC2EP4Uart4IRQnmP10RingBufferS4_
                0x00083e58       0x24 C:\Users\david\AppData\Local\Temp\VMBuilds\Rhino\arduino_due_x_dbg\Debug/core.a(UARTClass.cpp.o)
                0x00083e58                UARTClass::UARTClass(Uart*, IRQn, unsigned long, RingBuffer*, RingBuffer*)
                0x00083e58                UARTClass::UARTClass(Uart*, IRQn, unsigned long, RingBuffer*, RingBuffer*)
 .text._ZN9UARTClass4initEmm
                0x00083e7c       0x70 C:\Users\david\AppData\Local\Temp\VMBuilds\Rhino\arduino_due_x_dbg\Debug/core.a(UARTClass.cpp.o)
                0x00083e7c                UARTClass::init(unsigned long, unsigned long)
 .text._ZN9UARTClass5beginEm
                0x00083eec        0x8 C:\Users\david\AppData\Local\Temp\VMBuilds\Rhino\arduino_due_x_dbg\Debug/core.a(UARTClass.cpp.o)
                0x00083eec                UARTClass::begin(unsigned long)
 .text._ZN9UARTClass10IrqHandlerEv
                0x00083ef4       0x5a C:\Users\david\AppData\Local\Temp\VMBuilds\Rhino\arduino_due_x_dbg\Debug/core.a(UARTClass.cpp.o)
                0x00083ef4                UARTClass::IrqHandler()
 .text._ZN10USARTClass5beginEm
                0x00083f4e        0x8 C:\Users\david\AppData\Local\Temp\VMBuilds\Rhino\arduino_due_x_dbg\Debug/core.a(USARTClass.cpp.o)
                0x00083f4e                USARTClass::begin(unsigned long)
 *fill*         0x00083f56        0x2 
 .text._ZN10USARTClassC2EP5Usart4IRQnmP10RingBufferS4_
                0x00083f58       0x24 C:\Users\david\AppData\Local\Temp\VMBuilds\Rhino\arduino_due_x_dbg\Debug/core.a(USARTClass.cpp.o)
                0x00083f58                USARTClass::USARTClass(Usart*, IRQn, unsigned long, RingBuffer*, RingBuffer*)
                0x00083f58                USARTClass::USARTClass(Usart*, IRQn, unsigned long, RingBuffer*, RingBuffer*)
 .text._watchdogDefaultSetup
                0x00083f7c        0xc C:\Users\david\AppData\Local\Temp\VMBuilds\Rhino\arduino_due_x_dbg\Debug/core.a(watchdog.cpp.o)
                0x00083f7c                _watchdogDefaultSetup
                0x00083f7c                watchdogSetup()
 .text._ZN6StringD2Ev
                0x00083f88        0xe C:\Users\david\AppData\Local\Temp\VMBuilds\Rhino\arduino_due_x_dbg\Debug/core.a(WString.cpp.o)
                0x00083f88                String::~String()
                0x00083f88                String::~String()
 .text._ZN6String10invalidateEv
                0x00083f96       0x16 C:\Users\david\AppData\Local\Temp\VMBuilds\Rhino\arduino_due_x_dbg\Debug/core.a(WString.cpp.o)
                0x00083f96                String::invalidate()
 .text._ZN6String12changeBufferEj
                0x00083fac       0x18 C:\Users\david\AppData\Local\Temp\VMBuilds\Rhino\arduino_due_x_dbg\Debug/core.a(WString.cpp.o)
                0x00083fac                String::changeBuffer(unsigned int)
 .text._ZN6String7reserveEj
                0x00083fc4       0x22 C:\Users\david\AppData\Local\Temp\VMBuilds\Rhino\arduino_due_x_dbg\Debug/core.a(WString.cpp.o)
                0x00083fc4                String::reserve(unsigned int)
 .text._ZN6String4copyEPKcj
                0x00083fe6       0x26 C:\Users\david\AppData\Local\Temp\VMBuilds\Rhino\arduino_due_x_dbg\Debug/core.a(WString.cpp.o)
                0x00083fe6                String::copy(char const*, unsigned int)
 .text._ZN6StringC2EPKc
                0x0008400c       0x24 C:\Users\david\AppData\Local\Temp\VMBuilds\Rhino\arduino_due_x_dbg\Debug/core.a(WString.cpp.o)
                0x0008400c                String::String(char const*)
                0x0008400c                String::String(char const*)
 .text._ZN6StringaSERKS_
                0x00084030       0x1e C:\Users\david\AppData\Local\Temp\VMBuilds\Rhino\arduino_due_x_dbg\Debug/core.a(WString.cpp.o)
                0x00084030                String::operator=(String const&)
 .text._ZN6StringC2ERKS_
                0x0008404e       0x14 C:\Users\david\AppData\Local\Temp\VMBuilds\Rhino\arduino_due_x_dbg\Debug/core.a(WString.cpp.o)
                0x0008404e                String::String(String const&)
                0x0008404e                String::String(String const&)
 .text._ZN6StringaSEPKc
                0x00084062       0x22 C:\Users\david\AppData\Local\Temp\VMBuilds\Rhino\arduino_due_x_dbg\Debug/core.a(WString.cpp.o)
                0x00084062                String::operator=(char const*)
 .text._ZN6StringC2Eih
                0x00084084       0x24 C:\Users\david\AppData\Local\Temp\VMBuilds\Rhino\arduino_due_x_dbg\Debug/core.a(WString.cpp.o)
                0x00084084                String::String(int, unsigned char)
                0x00084084                String::String(int, unsigned char)
 .text._ZN6StringC2Emh
                0x000840a8       0x24 C:\Users\david\AppData\Local\Temp\VMBuilds\Rhino\arduino_due_x_dbg\Debug/core.a(WString.cpp.o)
                0x000840a8                String::String(unsigned long, unsigned char)
                0x000840a8                String::String(unsigned long, unsigned char)
 .text._ZN6String6concatEPKcj
                0x000840cc       0x2e C:\Users\david\AppData\Local\Temp\VMBuilds\Rhino\arduino_due_x_dbg\Debug/core.a(WString.cpp.o)
                0x000840cc                String::concat(char const*, unsigned int)
 .text._ZplRK15StringSumHelperRK6String
                0x000840fa       0x1a C:\Users\david\AppData\Local\Temp\VMBuilds\Rhino\arduino_due_x_dbg\Debug/core.a(WString.cpp.o)
                0x000840fa                operator+(StringSumHelper const&, String const&)
 .text._ZplRK15StringSumHelperPKc
                0x00084114       0x24 C:\Users\david\AppData\Local\Temp\VMBuilds\Rhino\arduino_due_x_dbg\Debug/core.a(WString.cpp.o)
                0x00084114                operator+(StringSumHelper const&, char const*)
 .text.unlikely._ZL11USB_SendZlpv
                0x00084138       0x20 C:\Users\david\AppData\Local\Temp\VMBuilds\Rhino\arduino_due_x_dbg\Debug/core.a(USBCore.cpp.o)
 .text._Z14USBD_Availablem
                0x00084158       0x2c C:\Users\david\AppData\Local\Temp\VMBuilds\Rhino\arduino_due_x_dbg\Debug/core.a(USBCore.cpp.o)
                0x00084158                USBD_Available(unsigned long)
 .text._Z9USBD_RecvmPvm
                0x00084184       0x7c C:\Users\david\AppData\Local\Temp\VMBuilds\Rhino\arduino_due_x_dbg\Debug/core.a(USBCore.cpp.o)
                0x00084184                USBD_Recv(unsigned long, void*, unsigned long)
 .text._Z9USBD_Recvm
                0x00084200       0x22 C:\Users\david\AppData\Local\Temp\VMBuilds\Rhino\arduino_due_x_dbg\Debug/core.a(USBCore.cpp.o)
                0x00084200                USBD_Recv(unsigned long)
 *fill*         0x00084222        0x2 
 .text._Z9USBD_SendmPKvm
                0x00084224       0x4c C:\Users\david\AppData\Local\Temp\VMBuilds\Rhino\arduino_due_x_dbg\Debug/core.a(USBCore.cpp.o)
                0x00084224                USBD_Send(unsigned long, void const*, unsigned long)
 .text._Z16USBD_SendControlhPKvm
                0x00084270       0x40 C:\Users\david\AppData\Local\Temp\VMBuilds\Rhino\arduino_due_x_dbg\Debug/core.a(USBCore.cpp.o)
                0x00084270                USBD_SendControl(unsigned char, void const*, unsigned long)
 .text.unlikely._ZL24USB_SendStringDescriptorPKhi
                0x000842b0       0x64 C:\Users\david\AppData\Local\Temp\VMBuilds\Rhino\arduino_due_x_dbg\Debug/core.a(USBCore.cpp.o)
 .text._Z16USBD_RecvControlPvm
                0x00084314       0x1c C:\Users\david\AppData\Local\Temp\VMBuilds\Rhino\arduino_due_x_dbg\Debug/core.a(USBCore.cpp.o)
                0x00084314                USBD_RecvControl(void*, unsigned long)
 .text._Z26USBD_ClassInterfaceRequestR8USBSetup
                0x00084330       0x1e C:\Users\david\AppData\Local\Temp\VMBuilds\Rhino\arduino_due_x_dbg\Debug/core.a(USBCore.cpp.o)
                0x00084330                USBD_ClassInterfaceRequest(USBSetup&)
 .text._Z19USBD_SendInterfacesv
                0x0008434e       0x22 C:\Users\david\AppData\Local\Temp\VMBuilds\Rhino\arduino_due_x_dbg\Debug/core.a(USBCore.cpp.o)
                0x0008434e                USBD_SendInterfaces()
 .text._Z24USBD_SendOtherInterfacesv
                0x00084370       0x22 C:\Users\david\AppData\Local\Temp\VMBuilds\Rhino\arduino_due_x_dbg\Debug/core.a(USBCore.cpp.o)
                0x00084370                USBD_SendOtherInterfaces()
 .text._Z10USBD_Flushm
                0x00084392       0x16 C:\Users\david\AppData\Local\Temp\VMBuilds\Rhino\arduino_due_x_dbg\Debug/core.a(USBCore.cpp.o)
                0x00084392                USBD_Flush(unsigned long)
 .text._ZN10USBDevice_C2Ev
                0x000843a8       0x24 C:\Users\david\AppData\Local\Temp\VMBuilds\Rhino\arduino_due_x_dbg\Debug/core.a(USBCore.cpp.o)
                0x000843a8                USBDevice_::USBDevice_()
                0x000843a8                USBDevice_::USBDevice_()
 .text._ZN10USBDevice_6attachEv
                0x000843cc       0x20 C:\Users\david\AppData\Local\Temp\VMBuilds\Rhino\arduino_due_x_dbg\Debug/core.a(USBCore.cpp.o)
                0x000843cc                USBDevice_::attach()
 .text.startup._GLOBAL__sub_I_EndPoints
                0x000843ec        0xc C:\Users\david\AppData\Local\Temp\VMBuilds\Rhino\arduino_due_x_dbg\Debug/core.a(USBCore.cpp.o)
 .text._ZL7USB_ISRv
                0x000843f8      0x454 C:\Users\david\AppData\Local\Temp\VMBuilds\Rhino\arduino_due_x_dbg\Debug/core.a(USBCore.cpp.o)
 .text.ltoa     0x0008484c       0x6e C:\Users\david\AppData\Local\Temp\VMBuilds\Rhino\arduino_due_x_dbg\Debug/core.a(itoa.c.o)
                0x0008484c                ltoa
 .text.itoa     0x000848ba        0x4 C:\Users\david\AppData\Local\Temp\VMBuilds\Rhino\arduino_due_x_dbg\Debug/core.a(itoa.c.o)
                0x000848ba                itoa
 .text.ultoa    0x000848be       0x52 C:\Users\david\AppData\Local\Temp\VMBuilds\Rhino\arduino_due_x_dbg\Debug/core.a(itoa.c.o)
                0x000848be                ultoa
 .text._ZN7Serial_9availableEv
                0x00084910       0x18 C:\Users\david\AppData\Local\Temp\VMBuilds\Rhino\arduino_due_x_dbg\Debug/core.a(CDC.cpp.o)
                0x00084910                Serial_::available()
 .text._ZN7Serial_17availableForWriteEv
                0x00084928        0x6 C:\Users\david\AppData\Local\Temp\VMBuilds\Rhino\arduino_due_x_dbg\Debug/core.a(CDC.cpp.o)
                0x00084928                Serial_::availableForWrite()
 *fill*         0x0008492e        0x2 
 .text._ZN7Serial_4peekEv
                0x00084930       0x20 C:\Users\david\AppData\Local\Temp\VMBuilds\Rhino\arduino_due_x_dbg\Debug/core.a(CDC.cpp.o)
                0x00084930                Serial_::peek()
 .text._ZN7Serial_5writeEh
                0x00084950       0x16 C:\Users\david\AppData\Local\Temp\VMBuilds\Rhino\arduino_due_x_dbg\Debug/core.a(CDC.cpp.o)
                0x00084950                Serial_::write(unsigned char)
 *fill*         0x00084966        0x2 
 .text._ZN7Serial_4readEv
                0x00084968       0x44 C:\Users\david\AppData\Local\Temp\VMBuilds\Rhino\arduino_due_x_dbg\Debug/core.a(CDC.cpp.o)
                0x00084968                Serial_::read()
 .text._ZN7Serial_5flushEv
                0x000849ac        0x6 C:\Users\david\AppData\Local\Temp\VMBuilds\Rhino\arduino_due_x_dbg\Debug/core.a(CDC.cpp.o)
                0x000849ac                Serial_::flush()
 *fill*         0x000849b2        0x2 
 .text._ZN7Serial_6acceptEv
                0x000849b4       0x70 C:\Users\david\AppData\Local\Temp\VMBuilds\Rhino\arduino_due_x_dbg\Debug/core.a(CDC.cpp.o)
                0x000849b4                Serial_::accept()
 .text._ZN7Serial_5writeEPKhj
                0x00084a24       0x2c C:\Users\david\AppData\Local\Temp\VMBuilds\Rhino\arduino_due_x_dbg\Debug/core.a(CDC.cpp.o)
                0x00084a24                Serial_::write(unsigned char const*, unsigned int)
 .text._Z16CDC_GetInterfacePh
                0x00084a50       0x14 C:\Users\david\AppData\Local\Temp\VMBuilds\Rhino\arduino_due_x_dbg\Debug/core.a(CDC.cpp.o)
                0x00084a50                CDC_GetInterface(unsigned char*)
 .text._Z21CDC_GetOtherInterfacePh
                0x00084a64       0x14 C:\Users\david\AppData\Local\Temp\VMBuilds\Rhino\arduino_due_x_dbg\Debug/core.a(CDC.cpp.o)
                0x00084a64                CDC_GetOtherInterface(unsigned char*)
 .text._Z9CDC_SetupR8USBSetup
                0x00084a78       0x78 C:\Users\david\AppData\Local\Temp\VMBuilds\Rhino\arduino_due_x_dbg\Debug/core.a(CDC.cpp.o)
                0x00084a78                CDC_Setup(USBSetup&)
 .text.startup._GLOBAL__sub_I_cdc_rx_buffer
                0x00084af0       0x1c C:\Users\david\AppData\Local\Temp\VMBuilds\Rhino\arduino_due_x_dbg\Debug/core.a(CDC.cpp.o)
 .text._ZN13PluggableUSB_12getInterfaceEPh
                0x00084b0c       0x28 C:\Users\david\AppData\Local\Temp\VMBuilds\Rhino\arduino_due_x_dbg\Debug/core.a(PluggableUSB.cpp.o)
                0x00084b0c                PluggableUSB_::getInterface(unsigned char*)
 .text._ZN13PluggableUSB_13getDescriptorER8USBSetup
                0x00084b34       0x1c C:\Users\david\AppData\Local\Temp\VMBuilds\Rhino\arduino_due_x_dbg\Debug/core.a(PluggableUSB.cpp.o)
                0x00084b34                PluggableUSB_::getDescriptor(USBSetup&)
 .text._ZN13PluggableUSB_12getShortNameEPc
                0x00084b50       0x1c C:\Users\david\AppData\Local\Temp\VMBuilds\Rhino\arduino_due_x_dbg\Debug/core.a(PluggableUSB.cpp.o)
                0x00084b50                PluggableUSB_::getShortName(char*)
 .text._ZN13PluggableUSB_5setupER8USBSetup
                0x00084b6c       0x20 C:\Users\david\AppData\Local\Temp\VMBuilds\Rhino\arduino_due_x_dbg\Debug/core.a(PluggableUSB.cpp.o)
                0x00084b6c                PluggableUSB_::setup(USBSetup&)
 .text._Z12PluggableUSBv
                0x00084b8c       0x28 C:\Users\david\AppData\Local\Temp\VMBuilds\Rhino\arduino_due_x_dbg\Debug/core.a(PluggableUSB.cpp.o)
                0x00084b8c                PluggableUSB()
 .text.TimeTick_Increment
                0x00084bb4       0x10 C:\Users\david\AppData\Local\arduino15\packages\arduino\hardware\sam\1.6.11\variants\arduino_due_x/libsam_sam3x8e_gcc_rel.a(timetick.o)
                0x00084bb4                TimeTick_Increment
 .text.GetTickCount
                0x00084bc4        0xc C:\Users\david\AppData\Local\arduino15\packages\arduino\hardware\sam\1.6.11\variants\arduino_due_x/libsam_sam3x8e_gcc_rel.a(timetick.o)
                0x00084bc4                GetTickCount
 .text.WDT_Disable
                0x00084bd0        0x8 C:\Users\david\AppData\Local\arduino15\packages\arduino\hardware\sam\1.6.11\variants\arduino_due_x/libsam_sam3x8e_gcc_rel.a(wdt.o)
                0x00084bd0                WDT_Disable
 .text.UDD_SetStack
                0x00084bd8        0xc C:\Users\david\AppData\Local\arduino15\packages\arduino\hardware\sam\1.6.11\variants\arduino_due_x/libsam_sam3x8e_gcc_rel.a(uotghs_device.o)
                0x00084bd8                UDD_SetStack
 .text.UDD_Init
                0x00084be4       0xd0 C:\Users\david\AppData\Local\arduino15\packages\arduino\hardware\sam\1.6.11\variants\arduino_due_x/libsam_sam3x8e_gcc_rel.a(uotghs_device.o)
                0x00084be4                UDD_Init
 .text.UDD_Attach
                0x00084cb4       0x50 C:\Users\david\AppData\Local\arduino15\packages\arduino\hardware\sam\1.6.11\variants\arduino_due_x/libsam_sam3x8e_gcc_rel.a(uotghs_device.o)
                0x00084cb4                UDD_Attach
 .text.UDD_InitEP
                0x00084d04       0x2c C:\Users\david\AppData\Local\arduino15\packages\arduino\hardware\sam\1.6.11\variants\arduino_due_x/libsam_sam3x8e_gcc_rel.a(uotghs_device.o)
                0x00084d04                UDD_InitEP
 .text.UDD_InitEndpoints
                0x00084d30       0x3c C:\Users\david\AppData\Local\arduino15\packages\arduino\hardware\sam\1.6.11\variants\arduino_due_x/libsam_sam3x8e_gcc_rel.a(uotghs_device.o)
                0x00084d30                UDD_InitEndpoints
 .text.UDD_WaitIN
                0x00084d6c       0x10 C:\Users\david\AppData\Local\arduino15\packages\arduino\hardware\sam\1.6.11\variants\arduino_due_x/libsam_sam3x8e_gcc_rel.a(uotghs_device.o)
                0x00084d6c                UDD_WaitIN
 .text.UDD_WaitOUT
                0x00084d7c       0x10 C:\Users\david\AppData\Local\arduino15\packages\arduino\hardware\sam\1.6.11\variants\arduino_due_x/libsam_sam3x8e_gcc_rel.a(uotghs_device.o)
                0x00084d7c                UDD_WaitOUT
 .text.UDD_ClearIN
                0x00084d8c       0x18 C:\Users\david\AppData\Local\arduino15\packages\arduino\hardware\sam\1.6.11\variants\arduino_due_x/libsam_sam3x8e_gcc_rel.a(uotghs_device.o)
                0x00084d8c                UDD_ClearIN
 .text.UDD_ClearOUT
                0x00084da4       0x18 C:\Users\david\AppData\Local\arduino15\packages\arduino\hardware\sam\1.6.11\variants\arduino_due_x/libsam_sam3x8e_gcc_rel.a(uotghs_device.o)
                0x00084da4                UDD_ClearOUT
 .text.UDD_ReceivedSetupInt
                0x00084dbc       0x10 C:\Users\david\AppData\Local\arduino15\packages\arduino\hardware\sam\1.6.11\variants\arduino_due_x/libsam_sam3x8e_gcc_rel.a(uotghs_device.o)
                0x00084dbc                UDD_ReceivedSetupInt
 .text.UDD_ClearSetupInt
                0x00084dcc       0x10 C:\Users\david\AppData\Local\arduino15\packages\arduino\hardware\sam\1.6.11\variants\arduino_due_x/libsam_sam3x8e_gcc_rel.a(uotghs_device.o)
                0x00084dcc                UDD_ClearSetupInt
 .text.UDD_Send
                0x00084ddc       0x88 C:\Users\david\AppData\Local\arduino15\packages\arduino\hardware\sam\1.6.11\variants\arduino_due_x/libsam_sam3x8e_gcc_rel.a(uotghs_device.o)
                0x00084ddc                UDD_Send
 .text.UDD_Send8
                0x00084e64       0x24 C:\Users\david\AppData\Local\arduino15\packages\arduino\hardware\sam\1.6.11\variants\arduino_due_x/libsam_sam3x8e_gcc_rel.a(uotghs_device.o)
                0x00084e64                UDD_Send8
 .text.UDD_Recv8
                0x00084e88       0x28 C:\Users\david\AppData\Local\arduino15\packages\arduino\hardware\sam\1.6.11\variants\arduino_due_x/libsam_sam3x8e_gcc_rel.a(uotghs_device.o)
                0x00084e88                UDD_Recv8
 .text.UDD_Recv
                0x00084eb0       0x34 C:\Users\david\AppData\Local\arduino15\packages\arduino\hardware\sam\1.6.11\variants\arduino_due_x/libsam_sam3x8e_gcc_rel.a(uotghs_device.o)
                0x00084eb0                UDD_Recv
 .text.UDD_Stall
                0x00084ee4       0x14 C:\Users\david\AppData\Local\arduino15\packages\arduino\hardware\sam\1.6.11\variants\arduino_due_x/libsam_sam3x8e_gcc_rel.a(uotghs_device.o)
                0x00084ee4                UDD_Stall
 .text.UDD_FifoByteCount
                0x00084ef8       0x14 C:\Users\david\AppData\Local\arduino15\packages\arduino\hardware\sam\1.6.11\variants\arduino_due_x/libsam_sam3x8e_gcc_rel.a(uotghs_device.o)
                0x00084ef8                UDD_FifoByteCount
 .text.UDD_ReleaseRX
                0x00084f0c       0x28 C:\Users\david\AppData\Local\arduino15\packages\arduino\hardware\sam\1.6.11\variants\arduino_due_x/libsam_sam3x8e_gcc_rel.a(uotghs_device.o)
                0x00084f0c                UDD_ReleaseRX
 .text.UDD_ReleaseTX
                0x00084f34       0x28 C:\Users\david\AppData\Local\arduino15\packages\arduino\hardware\sam\1.6.11\variants\arduino_due_x/libsam_sam3x8e_gcc_rel.a(uotghs_device.o)
                0x00084f34                UDD_ReleaseTX
 .text.UDD_SetAddress
                0x00084f5c       0x20 C:\Users\david\AppData\Local\arduino15\packages\arduino\hardware\sam\1.6.11\variants\arduino_due_x/libsam_sam3x8e_gcc_rel.a(uotghs_device.o)
                0x00084f5c                UDD_SetAddress
 .text.__libc_init_array
                0x00084f7c       0x50 c:/users/david/appdata/local/arduino15/packages/arduino/tools/arm-none-eabi-gcc/4.8.3-2014q1/bin/../lib/gcc/arm-none-eabi/4.8.3/../../../../arm-none-eabi/lib/armv7-m\libg.a(lib_a-init.o)
                0x00084f7c                __libc_init_array
 .text.iprintf  0x00084fcc       0x28 c:/users/david/appdata/local/arduino15/packages/arduino/tools/arm-none-eabi-gcc/4.8.3-2014q1/bin/../lib/gcc/arm-none-eabi/4.8.3/../../../../arm-none-eabi/lib/armv7-m\libg.a(lib_a-iprintf.o)
                0x00084fcc                iprintf
 .text.malloc   0x00084ff4       0x10 c:/users/david/appdata/local/arduino15/packages/arduino/tools/arm-none-eabi-gcc/4.8.3-2014q1/bin/../lib/gcc/arm-none-eabi/4.8.3/../../../../arm-none-eabi/lib/armv7-m\libg.a(lib_a-malloc.o)
                0x00084ff4                malloc
 .text.free     0x00085004       0x10 c:/users/david/appdata/local/arduino15/packages/arduino/tools/arm-none-eabi-gcc/4.8.3-2014q1/bin/../lib/gcc/arm-none-eabi/4.8.3/../../../../arm-none-eabi/lib/armv7-m\libg.a(lib_a-malloc.o)
                0x00085004                free
 .text._malloc_r
                0x00085014      0x538 c:/users/david/appdata/local/arduino15/packages/arduino/tools/arm-none-eabi-gcc/4.8.3-2014q1/bin/../lib/gcc/arm-none-eabi/4.8.3/../../../../arm-none-eabi/lib/armv7-m\libg.a(lib_a-mallocr.o)
                0x00085014                _malloc_r
 .text.memcmp   0x0008554c       0x68 c:/users/david/appdata/local/arduino15/packages/arduino/tools/arm-none-eabi-gcc/4.8.3-2014q1/bin/../lib/gcc/arm-none-eabi/4.8.3/../../../../arm-none-eabi/lib/armv7-m\libg.a(lib_a-memcmp.o)
                0x0008554c                memcmp
 .text          0x000855b4       0xec c:/users/david/appdata/local/arduino15/packages/arduino/tools/arm-none-eabi-gcc/4.8.3-2014q1/bin/../lib/gcc/arm-none-eabi/4.8.3/../../../../arm-none-eabi/lib/armv7-m\libg.a(lib_a-memcpy.o)
                0x000855b4                memcpy
 .text.memmove  0x000856a0       0xcc c:/users/david/appdata/local/arduino15/packages/arduino/tools/arm-none-eabi-gcc/4.8.3-2014q1/bin/../lib/gcc/arm-none-eabi/4.8.3/../../../../arm-none-eabi/lib/armv7-m\libg.a(lib_a-memmove.o)
                0x000856a0                memmove
 .text.memset   0x0008576c       0x94 c:/users/david/appdata/local/arduino15/packages/arduino/tools/arm-none-eabi-gcc/4.8.3-2014q1/bin/../lib/gcc/arm-none-eabi/4.8.3/../../../../arm-none-eabi/lib/armv7-m\libg.a(lib_a-memset.o)
                0x0008576c                memset
 .text.__malloc_lock
                0x00085800        0x4 c:/users/david/appdata/local/arduino15/packages/arduino/tools/arm-none-eabi-gcc/4.8.3-2014q1/bin/../lib/gcc/arm-none-eabi/4.8.3/../../../../arm-none-eabi/lib/armv7-m\libg.a(lib_a-mlock.o)
                0x00085800                __malloc_lock
 .text.__malloc_unlock
                0x00085804        0x4 c:/users/david/appdata/local/arduino15/packages/arduino/tools/arm-none-eabi-gcc/4.8.3-2014q1/bin/../lib/gcc/arm-none-eabi/4.8.3/../../../../arm-none-eabi/lib/armv7-m\libg.a(lib_a-mlock.o)
                0x00085804                __malloc_unlock
 .text.realloc  0x00085808       0x10 c:/users/david/appdata/local/arduino15/packages/arduino/tools/arm-none-eabi-gcc/4.8.3-2014q1/bin/../lib/gcc/arm-none-eabi/4.8.3/../../../../arm-none-eabi/lib/armv7-m\libg.a(lib_a-realloc.o)
                0x00085808                realloc
 .text._realloc_r
                0x00085818      0x3c0 c:/users/david/appdata/local/arduino15/packages/arduino/tools/arm-none-eabi-gcc/4.8.3-2014q1/bin/../lib/gcc/arm-none-eabi/4.8.3/../../../../arm-none-eabi/lib/armv7-m\libg.a(lib_a-reallocr.o)
                0x00085818                _realloc_r
 .text._sbrk_r  0x00085bd8       0x24 c:/users/david/appdata/local/arduino15/packages/arduino/tools/arm-none-eabi-gcc/4.8.3-2014q1/bin/../lib/gcc/arm-none-eabi/4.8.3/../../../../arm-none-eabi/lib/armv7-m\libg.a(lib_a-sbrkr.o)
                0x00085bd8                _sbrk_r
 .text.strchr   0x00085bfc       0xf4 c:/users/david/appdata/local/arduino15/packages/arduino/tools/arm-none-eabi-gcc/4.8.3-2014q1/bin/../lib/gcc/arm-none-eabi/4.8.3/../../../../arm-none-eabi/lib/armv7-m\libg.a(lib_a-strchr.o)
                0x00085bfc                strchr
 .text          0x00085cf0      0x23c c:/users/david/appdata/local/arduino15/packages/arduino/tools/arm-none-eabi-gcc/4.8.3-2014q1/bin/../lib/gcc/arm-none-eabi/4.8.3/../../../../arm-none-eabi/lib/armv7-m\libg.a(lib_a-strcmp.o)
                0x00085cf0                strcmp
 .text.strcpy   0x00085f2c       0xbc c:/users/david/appdata/local/arduino15/packages/arduino/tools/arm-none-eabi-gcc/4.8.3-2014q1/bin/../lib/gcc/arm-none-eabi/4.8.3/../../../../arm-none-eabi/lib/armv7-m\libg.a(lib_a-strcpy.o)
                0x00085f2c                strcpy
 .text.strlen   0x00085fe8       0x60 c:/users/david/appdata/local/arduino15/packages/arduino/tools/arm-none-eabi-gcc/4.8.3-2014q1/bin/../lib/gcc/arm-none-eabi/4.8.3/../../../../arm-none-eabi/lib/armv7-m\libg.a(lib_a-strlen.o)
                0x00085fe8                strlen
 .text.strncpy  0x00086048       0x64 c:/users/david/appdata/local/arduino15/packages/arduino/tools/arm-none-eabi-gcc/4.8.3-2014q1/bin/../lib/gcc/arm-none-eabi/4.8.3/../../../../arm-none-eabi/lib/armv7-m\libg.a(lib_a-strncpy.o)
                0x00086048                strncpy
 .text.kill     0x000860ac       0x10 c:/users/david/appdata/local/arduino15/packages/arduino/tools/arm-none-eabi-gcc/4.8.3-2014q1/bin/../lib/gcc/arm-none-eabi/4.8.3/../../../../arm-none-eabi/lib/armv7-m\libg.a(lib_a-syskill.o)
                0x000860ac                kill
 .text.__sprint_r.part.0
                0x000860bc       0x78 c:/users/david/appdata/local/arduino15/packages/arduino/tools/arm-none-eabi-gcc/4.8.3-2014q1/bin/../lib/gcc/arm-none-eabi/4.8.3/../../../../arm-none-eabi/lib/armv7-m\libg.a(lib_a-vfiprintf.o)
 .text._vfiprintf_r
                0x00086134      0xc54 c:/users/david/appdata/local/arduino15/packages/arduino/tools/arm-none-eabi-gcc/4.8.3-2014q1/bin/../lib/gcc/arm-none-eabi/4.8.3/../../../../arm-none-eabi/lib/armv7-m\libg.a(lib_a-vfiprintf.o)
                0x00086134                _vfiprintf_r
 .text.__sbprintf
                0x00086d88       0x7c c:/users/david/appdata/local/arduino15/packages/arduino/tools/arm-none-eabi-gcc/4.8.3-2014q1/bin/../lib/gcc/arm-none-eabi/4.8.3/../../../../arm-none-eabi/lib/armv7-m\libg.a(lib_a-vfiprintf.o)
 .text.__swsetup_r
                0x00086e04       0xc4 c:/users/david/appdata/local/arduino15/packages/arduino/tools/arm-none-eabi-gcc/4.8.3-2014q1/bin/../lib/gcc/arm-none-eabi/4.8.3/../../../../arm-none-eabi/lib/armv7-m\libg.a(lib_a-wsetup.o)
                0x00086e04                __swsetup_r
 .text.startup.register_fini
                0x00086ec8       0x14 c:/users/david/appdata/local/arduino15/packages/arduino/tools/arm-none-eabi-gcc/4.8.3-2014q1/bin/../lib/gcc/arm-none-eabi/4.8.3/../../../../arm-none-eabi/lib/armv7-m\libg.a(lib_a-__call_atexit.o)
 .text.atexit   0x00086edc        0xc c:/users/david/appdata/local/arduino15/packages/arduino/tools/arm-none-eabi-gcc/4.8.3-2014q1/bin/../lib/gcc/arm-none-eabi/4.8.3/../../../../arm-none-eabi/lib/armv7-m\libg.a(lib_a-atexit.o)
                0x00086edc                atexit
 .text.__sflush_r
                0x00086ee8      0x148 c:/users/david/appdata/local/arduino15/packages/arduino/tools/arm-none-eabi-gcc/4.8.3-2014q1/bin/../lib/gcc/arm-none-eabi/4.8.3/../../../../arm-none-eabi/lib/armv7-m\libg.a(lib_a-fflush.o)
                0x00086ee8                __sflush_r
 .text._fflush_r
                0x00087030       0x2c c:/users/david/appdata/local/arduino15/packages/arduino/tools/arm-none-eabi-gcc/4.8.3-2014q1/bin/../lib/gcc/arm-none-eabi/4.8.3/../../../../arm-none-eabi/lib/armv7-m\libg.a(lib_a-fflush.o)
                0x00087030                _fflush_r
 .text._cleanup_r
                0x0008705c        0xc c:/users/david/appdata/local/arduino15/packages/arduino/tools/arm-none-eabi-gcc/4.8.3-2014q1/bin/../lib/gcc/arm-none-eabi/4.8.3/../../../../arm-none-eabi/lib/armv7-m\libg.a(lib_a-findfp.o)
                0x0008705c                _cleanup_r
 .text.__sinit  0x00087068       0xf4 c:/users/david/appdata/local/arduino15/packages/arduino/tools/arm-none-eabi-gcc/4.8.3-2014q1/bin/../lib/gcc/arm-none-eabi/4.8.3/../../../../arm-none-eabi/lib/armv7-m\libg.a(lib_a-findfp.o)
                0x00087068                __sinit
 .text.__sfp_lock_acquire
                0x0008715c        0x4 c:/users/david/appdata/local/arduino15/packages/arduino/tools/arm-none-eabi-gcc/4.8.3-2014q1/bin/../lib/gcc/arm-none-eabi/4.8.3/../../../../arm-none-eabi/lib/armv7-m\libg.a(lib_a-findfp.o)
                0x0008715c                __sfp_lock_acquire
 .text.__sfp_lock_release
                0x00087160        0x4 c:/users/david/appdata/local/arduino15/packages/arduino/tools/arm-none-eabi-gcc/4.8.3-2014q1/bin/../lib/gcc/arm-none-eabi/4.8.3/../../../../arm-none-eabi/lib/armv7-m\libg.a(lib_a-findfp.o)
                0x00087160                __sfp_lock_release
 .text.__libc_fini_array
                0x00087164       0x30 c:/users/david/appdata/local/arduino15/packages/arduino/tools/arm-none-eabi-gcc/4.8.3-2014q1/bin/../lib/gcc/arm-none-eabi/4.8.3/../../../../arm-none-eabi/lib/armv7-m\libg.a(lib_a-fini.o)
                0x00087164                __libc_fini_array
 .text._fputwc_r
                0x00087194       0xc0 c:/users/david/appdata/local/arduino15/packages/arduino/tools/arm-none-eabi-gcc/4.8.3-2014q1/bin/../lib/gcc/arm-none-eabi/4.8.3/../../../../arm-none-eabi/lib/armv7-m\libg.a(lib_a-fputwc.o)
                0x00087194                _fputwc_r
 .text._malloc_trim_r
                0x00087254       0x9c c:/users/david/appdata/local/arduino15/packages/arduino/tools/arm-none-eabi-gcc/4.8.3-2014q1/bin/../lib/gcc/arm-none-eabi/4.8.3/../../../../arm-none-eabi/lib/armv7-m\libg.a(lib_a-freer.o)
                0x00087254                _malloc_trim_r
 .text._free_r  0x000872f0      0x198 c:/users/david/appdata/local/arduino15/packages/arduino/tools/arm-none-eabi-gcc/4.8.3-2014q1/bin/../lib/gcc/arm-none-eabi/4.8.3/../../../../arm-none-eabi/lib/armv7-m\libg.a(lib_a-freer.o)
                0x000872f0                _free_r
 .text.__sfvwrite_r
                0x00087488      0x314 c:/users/david/appdata/local/arduino15/packages/arduino/tools/arm-none-eabi-gcc/4.8.3-2014q1/bin/../lib/gcc/arm-none-eabi/4.8.3/../../../../arm-none-eabi/lib/armv7-m\libg.a(lib_a-fvwrite.o)
                0x00087488                __sfvwrite_r
 .text._fwalk   0x0008779c       0x48 c:/users/david/appdata/local/arduino15/packages/arduino/tools/arm-none-eabi-gcc/4.8.3-2014q1/bin/../lib/gcc/arm-none-eabi/4.8.3/../../../../arm-none-eabi/lib/armv7-m\libg.a(lib_a-fwalk.o)
                0x0008779c                _fwalk
 .text.__locale_charset
                0x000877e4        0x8 c:/users/david/appdata/local/arduino15/packages/arduino/tools/arm-none-eabi-gcc/4.8.3-2014q1/bin/../lib/gcc/arm-none-eabi/4.8.3/../../../../arm-none-eabi/lib/armv7-m\libg.a(lib_a-locale.o)
                0x000877e4                __locale_charset
 .text.__locale_mb_cur_max
                0x000877ec        0xc c:/users/david/appdata/local/arduino15/packages/arduino/tools/arm-none-eabi-gcc/4.8.3-2014q1/bin/../lib/gcc/arm-none-eabi/4.8.3/../../../../arm-none-eabi/lib/armv7-m\libg.a(lib_a-locale.o)
                0x000877ec                __locale_mb_cur_max
 .text.__smakebuf_r
                0x000877f8       0xe0 c:/users/david/appdata/local/arduino15/packages/arduino/tools/arm-none-eabi-gcc/4.8.3-2014q1/bin/../lib/gcc/arm-none-eabi/4.8.3/../../../../arm-none-eabi/lib/armv7-m\libg.a(lib_a-makebuf.o)
                0x000877f8                __smakebuf_r
 .text.memchr   0x000878d8       0x94 c:/users/david/appdata/local/arduino15/packages/arduino/tools/arm-none-eabi-gcc/4.8.3-2014q1/bin/../lib/gcc/arm-none-eabi/4.8.3/../../../../arm-none-eabi/lib/armv7-m\libg.a(lib_a-memchr-stub.o)
                0x000878d8                memchr
 .text._kill_r  0x0008796c       0x28 c:/users/david/appdata/local/arduino15/packages/arduino/tools/arm-none-eabi-gcc/4.8.3-2014q1/bin/../lib/gcc/arm-none-eabi/4.8.3/../../../../arm-none-eabi/lib/armv7-m\libg.a(lib_a-signalr.o)
                0x0008796c                _kill_r
 .text.__sread  0x00087994       0x24 c:/users/david/appdata/local/arduino15/packages/arduino/tools/arm-none-eabi-gcc/4.8.3-2014q1/bin/../lib/gcc/arm-none-eabi/4.8.3/../../../../arm-none-eabi/lib/armv7-m\libg.a(lib_a-stdio.o)
                0x00087994                __sread
 .text.__swrite
                0x000879b8       0x38 c:/users/david/appdata/local/arduino15/packages/arduino/tools/arm-none-eabi-gcc/4.8.3-2014q1/bin/../lib/gcc/arm-none-eabi/4.8.3/../../../../arm-none-eabi/lib/armv7-m\libg.a(lib_a-stdio.o)
                0x000879b8                __swrite
 .text.__sseek  0x000879f0       0x20 c:/users/david/appdata/local/arduino15/packages/arduino/tools/arm-none-eabi-gcc/4.8.3-2014q1/bin/../lib/gcc/arm-none-eabi/4.8.3/../../../../arm-none-eabi/lib/armv7-m\libg.a(lib_a-stdio.o)
                0x000879f0                __sseek
 .text.__sclose
                0x00087a10        0x8 c:/users/david/appdata/local/arduino15/packages/arduino/tools/arm-none-eabi-gcc/4.8.3-2014q1/bin/../lib/gcc/arm-none-eabi/4.8.3/../../../../arm-none-eabi/lib/armv7-m\libg.a(lib_a-stdio.o)
                0x00087a10                __sclose
 .text.__swbuf_r
                0x00087a18       0xa8 c:/users/david/appdata/local/arduino15/packages/arduino/tools/arm-none-eabi-gcc/4.8.3-2014q1/bin/../lib/gcc/arm-none-eabi/4.8.3/../../../../arm-none-eabi/lib/armv7-m\libg.a(lib_a-wbuf.o)
                0x00087a18                __swbuf_r
 .text._wcrtomb_r
                0x00087ac0       0x50 c:/users/david/appdata/local/arduino15/packages/arduino/tools/arm-none-eabi-gcc/4.8.3-2014q1/bin/../lib/gcc/arm-none-eabi/4.8.3/../../../../arm-none-eabi/lib/armv7-m\libg.a(lib_a-wcrtomb.o)
                0x00087ac0                _wcrtomb_r
 .text.__ascii_wctomb
                0x00087b10       0x1c c:/users/david/appdata/local/arduino15/packages/arduino/tools/arm-none-eabi-gcc/4.8.3-2014q1/bin/../lib/gcc/arm-none-eabi/4.8.3/../../../../arm-none-eabi/lib/armv7-m\libg.a(lib_a-wctomb_r.o)
                0x00087b10                __ascii_wctomb
 .text._write_r
                0x00087b2c       0x28 c:/users/david/appdata/local/arduino15/packages/arduino/tools/arm-none-eabi-gcc/4.8.3-2014q1/bin/../lib/gcc/arm-none-eabi/4.8.3/../../../../arm-none-eabi/lib/armv7-m\libg.a(lib_a-writer.o)
                0x00087b2c                _write_r
 .text.__register_exitproc
                0x00087b54       0xa8 c:/users/david/appdata/local/arduino15/packages/arduino/tools/arm-none-eabi-gcc/4.8.3-2014q1/bin/../lib/gcc/arm-none-eabi/4.8.3/../../../../arm-none-eabi/lib/armv7-m\libg.a(lib_a-__atexit.o)
                0x00087b54                __register_exitproc
 .text._close_r
                0x00087bfc       0x24 c:/users/david/appdata/local/arduino15/packages/arduino/tools/arm-none-eabi-gcc/4.8.3-2014q1/bin/../lib/gcc/arm-none-eabi/4.8.3/../../../../arm-none-eabi/lib/armv7-m\libg.a(lib_a-closer.o)
                0x00087bfc                _close_r
 .text._fclose_r
                0x00087c20       0x80 c:/users/david/appdata/local/arduino15/packages/arduino/tools/arm-none-eabi-gcc/4.8.3-2014q1/bin/../lib/gcc/arm-none-eabi/4.8.3/../../../../arm-none-eabi/lib/armv7-m\libg.a(lib_a-fclose.o)
                0x00087c20                _fclose_r
 .text.fclose   0x00087ca0       0x10 c:/users/david/appdata/local/arduino15/packages/arduino/tools/arm-none-eabi-gcc/4.8.3-2014q1/bin/../lib/gcc/arm-none-eabi/4.8.3/../../../../arm-none-eabi/lib/armv7-m\libg.a(lib_a-fclose.o)
                0x00087ca0                fclose
 .text._fstat_r
                0x00087cb0       0x28 c:/users/david/appdata/local/arduino15/packages/arduino/tools/arm-none-eabi-gcc/4.8.3-2014q1/bin/../lib/gcc/arm-none-eabi/4.8.3/../../../../arm-none-eabi/lib/armv7-m\libg.a(lib_a-fstatr.o)
                0x00087cb0                _fstat_r
 .text._isatty_r
                0x00087cd8       0x24 c:/users/david/appdata/local/arduino15/packages/arduino/tools/arm-none-eabi-gcc/4.8.3-2014q1/bin/../lib/gcc/arm-none-eabi/4.8.3/../../../../arm-none-eabi/lib/armv7-m\libg.a(lib_a-isattyr.o)
                0x00087cd8                _isatty_r
 .text._lseek_r
                0x00087cfc       0x28 c:/users/david/appdata/local/arduino15/packages/arduino/tools/arm-none-eabi-gcc/4.8.3-2014q1/bin/../lib/gcc/arm-none-eabi/4.8.3/../../../../arm-none-eabi/lib/armv7-m\libg.a(lib_a-lseekr.o)
                0x00087cfc                _lseek_r
 .text._read_r  0x00087d24       0x28 c:/users/david/appdata/local/arduino15/packages/arduino/tools/arm-none-eabi-gcc/4.8.3-2014q1/bin/../lib/gcc/arm-none-eabi/4.8.3/../../../../arm-none-eabi/lib/armv7-m\libg.a(lib_a-readr.o)
                0x00087d24                _read_r
 .text          0x00087d4c       0x2c c:/users/david/appdata/local/arduino15/packages/arduino/tools/arm-none-eabi-gcc/4.8.3-2014q1/bin/../lib/gcc/arm-none-eabi/4.8.3/armv7-m\libgcc.a(_aeabi_uldivmod.o)
                0x00087d4c                __aeabi_uldivmod
 .text          0x00087d78       0x60 c:/users/david/appdata/local/arduino15/packages/arduino/tools/arm-none-eabi-gcc/4.8.3-2014q1/bin/../lib/gcc/arm-none-eabi/4.8.3/armv7-m\libgcc.a(bpabi.o)
                0x00087d78                __gnu_ldivmod_helper
                0x00087da8                __gnu_uldivmod_helper
 .text          0x00087dd8        0x4 c:/users/david/appdata/local/arduino15/packages/arduino/tools/arm-none-eabi-gcc/4.8.3-2014q1/bin/../lib/gcc/arm-none-eabi/4.8.3/armv7-m\libgcc.a(_dvmd_tls.o)
                0x00087dd8                __aeabi_idiv0
                0x00087dd8                __aeabi_ldiv0
 .text          0x00087ddc      0x2a0 c:/users/david/appdata/local/arduino15/packages/arduino/tools/arm-none-eabi-gcc/4.8.3-2014q1/bin/../lib/gcc/arm-none-eabi/4.8.3/armv7-m\libgcc.a(_divdi3.o)
                0x00087ddc                __divdi3
 .text          0x0008807c      0x290 c:/users/david/appdata/local/arduino15/packages/arduino/tools/arm-none-eabi-gcc/4.8.3-2014q1/bin/../lib/gcc/arm-none-eabi/4.8.3/armv7-m\libgcc.a(_udivdi3.o)