Archive member included because of file (symbol)

C:\Users\david\AppData\Local\arduino15\packages\arduino\hardware\sam\1.6.11\variants\arduino_due_x/libsam_sam3x8e_gcc_rel.a(pio.o)
                              C:\Users\david\AppData\Local\Temp\VMBuilds\Rhino\arduino_due_x_dbg\Debug\SPI\SPI.cpp.o (PIO_Configure)
C:\Users\david\AppData\Local\arduino15\packages\arduino\hardware\sam\1.6.11\variants\arduino_due_x/libsam_sam3x8e_gcc_rel.a(pmc.o)
                              C:\Users\david\AppData\Local\Temp\VMBuilds\Rhino\arduino_due_x_dbg\Debug\variant\variant.cpp.o (pmc_enable_periph_clk)
C:\Users\david\AppData\Local\arduino15\packages\arduino\hardware\sam\1.6.11\variants\arduino_due_x/libsam_sam3x8e_gcc_rel.a(spi.o)
                              C:\Users\david\AppData\Local\Temp\VMBuilds\Rhino\arduino_due_x_dbg\Debug\SPI\SPI.cpp.o (SPI_Enable)
C:\Users\david\AppData\Local\arduino15\packages\arduino\hardware\sam\1.6.11\variants\arduino_due_x/libsam_sam3x8e_gcc_rel.a(system_sam3xa.o)
                              C:\Users\david\AppData\Local\Temp\VMBuilds\Rhino\arduino_due_x_dbg\Debug\variant\variant.cpp.o (SystemInit)
C:\Users\david\AppData\Local\arduino15\packages\arduino\hardware\sam\1.6.11\variants\arduino_due_x/libsam_sam3x8e_gcc_rel.a(startup_sam3xa.o)
                              (Reset_Handler)
C:\Users\david\AppData\Local\arduino15\packages\arduino\hardware\sam\1.6.11\variants\arduino_due_x/libsam_sam3x8e_gcc_rel.a(adc.o)
                              C:\Users\david\AppData\Local\Temp\VMBuilds\Rhino\arduino_due_x_dbg\Debug\variant\variant.cpp.o (adc_init)
C:\Users\david\AppData\Local\arduino15\packages\arduino\hardware\sam\1.6.11\variants\arduino_due_x/libsam_sam3x8e_gcc_rel.a(uotghs.o)
                              C:\Users\david\AppData\Local\arduino15\packages\arduino\hardware\sam\1.6.11\variants\arduino_due_x/libsam_sam3x8e_gcc_rel.a(startup_sam3xa.o) (UOTGHS_Handler)
C:\Users\david\AppData\Local\Temp\VMBuilds\Rhino\arduino_due_x_dbg\Debug/core.a(cortex_handlers.c.o)
                              C:\Users\david\AppData\Local\arduino15\packages\arduino\hardware\sam\1.6.11\variants\arduino_due_x/libsam_sam3x8e_gcc_rel.a(startup_sam3xa.o) (NMI_Handler)
C:\Users\david\AppData\Local\Temp\VMBuilds\Rhino\arduino_due_x_dbg\Debug/core.a(hooks.c.o)
                              C:\Users\david\AppData\Local\Temp\VMBuilds\Rhino\arduino_due_x_dbg\Debug/core.a(cortex_handlers.c.o) (sysTickHook)
C:\Users\david\AppData\Local\Temp\VMBuilds\Rhino\arduino_due_x_dbg\Debug/core.a(syscalls_sam3.c.o)
                              (_sbrk)
C:\Users\david\AppData\Local\Temp\VMBuilds\Rhino\arduino_due_x_dbg\Debug/core.a(wiring.c.o)
                              C:\Users\david\AppData\Local\Temp\VMBuilds\Rhino\arduino_due_x_dbg\Debug\Rhino.cpp.o (millis)
C:\Users\david\AppData\Local\Temp\VMBuilds\Rhino\arduino_due_x_dbg\Debug/core.a(wiring_analog.c.o)
                              C:\Users\david\AppData\Local\Temp\VMBuilds\Rhino\arduino_due_x_dbg\Debug\IcarusCelle\IcarusCelle.cpp.o (analogRead)
C:\Users\david\AppData\Local\Temp\VMBuilds\Rhino\arduino_due_x_dbg\Debug/core.a(wiring_digital.c.o)
                              C:\Users\david\AppData\Local\Temp\VMBuilds\Rhino\arduino_due_x_dbg\Debug\Rhino.cpp.o (pinMode)
C:\Users\david\AppData\Local\Temp\VMBuilds\Rhino\arduino_due_x_dbg\Debug/core.a(abi.cpp.o)
                              C:\Users\david\AppData\Local\Temp\VMBuilds\Rhino\arduino_due_x_dbg\Debug\SD\File.cpp.o (__cxa_pure_virtual)
C:\Users\david\AppData\Local\Temp\VMBuilds\Rhino\arduino_due_x_dbg\Debug/core.a(main.cpp.o)
                              c:/users/david/appdata/local/arduino15/packages/arduino/tools/arm-none-eabi-gcc/4.8.3-2014q1/bin/../lib/gcc/arm-none-eabi/4.8.3/../../../../arm-none-eabi/lib/armv7-m/crt0.o (main)
C:\Users\david\AppData\Local\Temp\VMBuilds\Rhino\arduino_due_x_dbg\Debug/core.a(Print.cpp.o)
                              C:\Users\david\AppData\Local\Temp\VMBuilds\Rhino\arduino_due_x_dbg\Debug\SD\File.cpp.o (Print::write(unsigned char const*, unsigned int))
C:\Users\david\AppData\Local\Temp\VMBuilds\Rhino\arduino_due_x_dbg\Debug/core.a(Reset.cpp.o)
                              C:\Users\david\AppData\Local\Temp\VMBuilds\Rhino\arduino_due_x_dbg\Debug/core.a(cortex_handlers.c.o) (tickReset)
C:\Users\david\AppData\Local\Temp\VMBuilds\Rhino\arduino_due_x_dbg\Debug/core.a(RingBuffer.cpp.o)
                              C:\Users\david\AppData\Local\Temp\VMBuilds\Rhino\arduino_due_x_dbg\Debug\variant\variant.cpp.o (RingBuffer::RingBuffer())
C:\Users\david\AppData\Local\Temp\VMBuilds\Rhino\arduino_due_x_dbg\Debug/core.a(UARTClass.cpp.o)
                              C:\Users\david\AppData\Local\Temp\VMBuilds\Rhino\arduino_due_x_dbg\Debug\variant\variant.cpp.o (UARTClass::available())
C:\Users\david\AppData\Local\Temp\VMBuilds\Rhino\arduino_due_x_dbg\Debug/core.a(USARTClass.cpp.o)
[...]
Memory Configuration

Name             Origin             Length             Attributes
rom              0x00080000         0x00080000         xr
sram0            0x20000000         0x00010000         xrw
sram1            0x20080000         0x00008000         xrw
ram              0x20070000         0x00018000         xrw
*default*        0x00000000         0xffffffff

Linker script and memory map

LOAD c:/users/david/appdata/local/arduino15/packages/arduino/tools/arm-none-eabi-gcc/4.8.3-2014q1/bin/../lib/gcc/arm-none-eabi/4.8.3/armv7-m/crti.o
LOAD c:/users/david/appdata/local/arduino15/packages/arduino/tools/arm-none-eabi-gcc/4.8.3-2014q1/bin/../lib/gcc/arm-none-eabi/4.8.3/armv7-m/crtbegin.o
LOAD c:/users/david/appdata/local/arduino15/packages/arduino/tools/arm-none-eabi-gcc/4.8.3-2014q1/bin/../lib/gcc/arm-none-eabi/4.8.3/../../../../arm-none-eabi/lib/armv7-m/crt0.o
START GROUP
LOAD C:\Users\david\AppData\Local\Temp\VMBuilds\Rhino\arduino_due_x_dbg\Debug\Rhino.cpp.o
LOAD C:\Users\david\AppData\Local\Temp\VMBuilds\Rhino\arduino_due_x_dbg\Debug\SPI\SPI.cpp.o
LOAD C:\Users\david\AppData\Local\Temp\VMBuilds\Rhino\arduino_due_x_dbg\Debug\SD\File.cpp.o
LOAD C:\Users\david\AppData\Local\Temp\VMBuilds\Rhino\arduino_due_x_dbg\Debug\SD\SD.cpp.o
LOAD C:\Users\david\AppData\Local\Temp\VMBuilds\Rhino\arduino_due_x_dbg\Debug\SD\utility\Sd2Card.cpp.o
LOAD C:\Users\david\AppData\Local\Temp\VMBuilds\Rhino\arduino_due_x_dbg\Debug\SD\utility\SdFile.cpp.o
LOAD C:\Users\david\AppData\Local\Temp\VMBuilds\Rhino\arduino_due_x_dbg\Debug\SD\utility\SdVolume.cpp.o
LOAD C:\Users\david\AppData\Local\Temp\VMBuilds\Rhino\arduino_due_x_dbg\Debug\IcarusCelle\IcarusCelle.cpp.o
LOAD C:\Users\david\AppData\Local\Temp\VMBuilds\Rhino\arduino_due_x_dbg\Debug\IcarusIO\IcarusIO.cpp.o
LOAD C:\Users\david\AppData\Local\Temp\VMBuilds\Rhino\arduino_due_x_dbg\Debug\IcarusXbee\IcarusXbee.cpp.o
LOAD C:\Users\david\AppData\Local\Temp\VMBuilds\Rhino\arduino_due_x_dbg\Debug\xbee-arduino-master\Printers.cpp.o
LOAD C:\Users\david\AppData\Local\Temp\VMBuilds\Rhino\arduino_due_x_dbg\Debug\xbee-arduino-master\XBee.cpp.o
LOAD C:\Users\david\AppData\Local\Temp\VMBuilds\Rhino\arduino_due_x_dbg\Debug\variant\variant.cpp.o
LOAD C:\Users\david\AppData\Local\arduino15\packages\arduino\hardware\sam\1.6.11\variants\arduino_due_x/libsam_sam3x8e_gcc_rel.a
LOAD C:\Users\david\AppData\Local\Temp\VMBuilds\Rhino\arduino_due_x_dbg\Debug/core.a
END GROUP
LOAD c:/users/david/appdata/local/arduino15/packages/arduino/tools/arm-none-eabi-gcc/4.8.3-2014q1/bin/../lib/gcc/arm-none-eabi/4.8.3/../../../../arm-none-eabi/lib/armv7-m\libm.a
START GROUP
LOAD c:/users/david/appdata/local/arduino15/packages/arduino/tools/arm-none-eabi-gcc/4.8.3-2014q1/bin/../lib/gcc/arm-none-eabi/4.8.3/armv7-m\libgcc.a
LOAD c:/users/david/appdata/local/arduino15/packages/arduino/tools/arm-none-eabi-gcc/4.8.3-2014q1/bin/../lib/gcc/arm-none-eabi/4.8.3/../../../../arm-none-eabi/lib/armv7-m\libg.a
LOAD c:/users/david/appdata/local/arduino15/packages/arduino/tools/arm-none-eabi-gcc/4.8.3-2014q1/bin/../lib/gcc/arm-none-eabi/4.8.3/../../../../arm-none-eabi/lib/armv7-m\libc.a
END GROUP
LOAD c:/users/david/appdata/local/arduino15/packages/arduino/tools/arm-none-eabi-gcc/4.8.3-2014q1/bin/../lib/gcc/arm-none-eabi/4.8.3/armv7-m/crtend.o
LOAD c:/users/david/appdata/local/arduino15/packages/arduino/tools/arm-none-eabi-gcc/4.8.3-2014q1/bin/../lib/gcc/arm-none-eabi/4.8.3/armv7-m/crtn.o

.text           0x00080000     0x909c
                0x00080000                . = ALIGN (0x4)
                0x00080000                _sfixed = .
 *(.vectors .vectors.*)
 .vectors       0x00080000       0xf4 C:\Users\david\AppData\Local\arduino15\packages\arduino\hardware\sam\1.6.11\variants\arduino_due_x/libsam_sam3x8e_gcc_rel.a(startup_sam3xa.o)
                0x00080000                exception_table
 *(.text .text.* .gnu.linkonce.t.*)
 .text          0x000800f4       0x54 c:/users/david/appdata/local/arduino15/packages/arduino/tools/arm-none-eabi-gcc/4.8.3-2014q1/bin/../lib/gcc/arm-none-eabi/4.8.3/armv7-m/crtbegin.o
 .text._Z10setupPinIOv
                0x00080148       0x7e C:\Users\david\AppData\Local\Temp\VMBuilds\Rhino\arduino_due_x_dbg\Debug\Rhino.cpp.o
                0x00080148                setupPinIO()
 *fill*         0x000801c6        0x2 
 .text._Z5blinkhPmm
                0x000801c8       0x44 C:\Users\david\AppData\Local\Temp\VMBuilds\Rhino\arduino_due_x_dbg\Debug\Rhino.cpp.o
                0x000801c8                blink(unsigned char, unsigned long*, unsigned long)
 .text._Z11setupSDCardv
                0x0008020c      0x14c C:\Users\david\AppData\Local\Temp\VMBuilds\Rhino\arduino_due_x_dbg\Debug\Rhino.cpp.o
                0x0008020c                setupSDCard()
 .text.startup._GLOBAL__sub_I_IO
                0x00080358       0x38 C:\Users\david\AppData\Local\Temp\VMBuilds\Rhino\arduino_due_x_dbg\Debug\Rhino.cpp.o
 .text.loop     0x00080390      0x6e4 C:\Users\david\AppData\Local\Temp\VMBuilds\Rhino\arduino_due_x_dbg\Debug\Rhino.cpp.o
                0x00080390                loop
 .text._Z9setupXbeev
                0x00080a74       0x48 C:\Users\david\AppData\Local\Temp\VMBuilds\Rhino\arduino_due_x_dbg\Debug\Rhino.cpp.o
                0x00080a74                setupXbee()
 .text.setup    0x00080abc       0x58 C:\Users\david\AppData\Local\Temp\VMBuilds\Rhino\arduino_due_x_dbg\Debug\Rhino.cpp.o
                0x00080abc                setup
 .text._ZL10SPI_0_Initv
                0x00080b14       0x48 C:\Users\david\AppData\Local\Temp\VMBuilds\Rhino\arduino_due_x_dbg\Debug\SPI\SPI.cpp.o
 .text._ZN8SPIClass4initEv
                0x00080b5c       0x36 C:\Users\david\AppData\Local\Temp\VMBuilds\Rhino\arduino_due_x_dbg\Debug\SPI\SPI.cpp.o
                0x00080b5c                SPIClass::init()
 *fill*         0x00080b92        0x2 
 .text._ZN8SPIClass16beginTransactionEh11SPISettings
                0x00080b94       0x98 C:\Users\david\AppData\Local\Temp\VMBuilds\Rhino\arduino_due_x_dbg\Debug\SPI\SPI.cpp.o
                0x00080b94                SPIClass::beginTransaction(unsigned char, SPISettings)
 .text._ZN8SPIClass14endTransactionEv
                0x00080c2c       0x50 C:\Users\david\AppData\Local\Temp\VMBuilds\Rhino\arduino_due_x_dbg\Debug\SPI\SPI.cpp.o
                0x00080c2c                SPIClass::endTransaction()
 .text._ZN8SPIClass11setDataModeEhh
                0x00080c7c       0x34 C:\Users\david\AppData\Local\Temp\VMBuilds\Rhino\arduino_due_x_dbg\Debug\SPI\SPI.cpp.o
                0x00080c7c                SPIClass::setDataMode(unsigned char, unsigned char)
 .text._ZN8SPIClass15setClockDividerEhh
                0x00080cb0       0x2e C:\Users\david\AppData\Local\Temp\VMBuilds\Rhino\arduino_due_x_dbg\Debug\SPI\SPI.cpp.o
                0x00080cb0                SPIClass::setClockDivider(unsigned char, unsigned char)
 .text._ZN8SPIClass5beginEv
                0x00080cde       0x22 C:\Users\david\AppData\Local\Temp\VMBuilds\Rhino\arduino_due_x_dbg\Debug\SPI\SPI.cpp.o
                0x00080cde                SPIClass::begin()
 .text._ZN8SPIClass8transferEhh15SPITransferMode
                0x00080d00       0x5e C:\Users\david\AppData\Local\Temp\VMBuilds\Rhino\arduino_due_x_dbg\Debug\SPI\SPI.cpp.o
                0x00080d00                SPIClass::transfer(unsigned char, unsigned char, SPITransferMode)
 *fill*         0x00080d5e        0x2 
 .text.startup._GLOBAL__sub_I__ZN8SPIClassC2EP3SpimPFvvE
                0x00080d60       0x24 C:\Users\david\AppData\Local\Temp\VMBuilds\Rhino\arduino_due_x_dbg\Debug\SPI\SPI.cpp.o
 .text._ZN5SDLib4File5writeEh
                0x00080d84       0x16 C:\Users\david\AppData\Local\Temp\VMBuilds\Rhino\arduino_due_x_dbg\Debug\SD\File.cpp.o
                0x00080d84                SDLib::File::write(unsigned char)
 .text._ZN5SDLib4File5writeEPKhj
                0x00080d9a       0x26 C:\Users\david\AppData\Local\Temp\VMBuilds\Rhino\arduino_due_x_dbg\Debug\SD\File.cpp.o
                0x00080d9a                SDLib::File::write(unsigned char const*, unsigned int)
 .text._ZN5SDLib4File5flushEv
                0x00080dc0        0xa C:\Users\david\AppData\Local\Temp\VMBuilds\Rhino\arduino_due_x_dbg\Debug\SD\File.cpp.o
                0x00080dc0                SDLib::File::flush()
 .text._ZN6SdFile4readEv
                0x00080dca       0x20 C:\Users\david\AppData\Local\Temp\VMBuilds\Rhino\arduino_due_x_dbg\Debug\SD\File.cpp.o
                0x00080dca                SdFile::read()
 .text._ZN5SDLib4File4readEv
                0x00080dea       0x12 C:\Users\david\AppData\Local\Temp\VMBuilds\Rhino\arduino_due_x_dbg\Debug\SD\File.cpp.o
                0x00080dea                SDLib::File::read()
 .text._ZN5SDLib4File4peekEv
                0x00080dfc       0x20 C:\Users\david\AppData\Local\Temp\VMBuilds\Rhino\arduino_due_x_dbg\Debug\SD\File.cpp.o
                0x00080dfc                SDLib::File::peek()
 .text._ZN5SDLib4FileC2E6SdFilePKc
                0x00080e1c       0x50 C:\Users\david\AppData\Local\Temp\VMBuilds\Rhino\arduino_due_x_dbg\Debug\SD\File.cpp.o
                0x00080e1c                SDLib::File::File(SdFile, char const*)
                0x00080e1c                SDLib::File::File(SdFile, char const*)
 .text._ZN5SDLib4FileC2Ev
                0x00080e6c       0x18 C:\Users\david\AppData\Local\Temp\VMBuilds\Rhino\arduino_due_x_dbg\Debug\SD\File.cpp.o
                0x00080e6c                SDLib::File::File()
                0x00080e6c                SDLib::File::File()
 .text._ZN5SDLib4File8positionEv
                0x00080e84        0xe C:\Users\david\AppData\Local\Temp\VMBuilds\Rhino\arduino_due_x_dbg\Debug\SD\File.cpp.o
                0x00080e84                SDLib::File::position()
 .text._ZN5SDLib4File4sizeEv
                0x00080e92        0x8 C:\Users\david\AppData\Local\Temp\VMBuilds\Rhino\arduino_due_x_dbg\Debug\SD\File.cpp.o
                0x00080e92                SDLib::File::size()
 .text._ZN5SDLib4File9availableEv
                0x00080e9a       0x26 C:\Users\david\AppData\Local\Temp\VMBuilds\Rhino\arduino_due_x_dbg\Debug\SD\File.cpp.o
                0x00080e9a                SDLib::File::available()
 .text._ZN5SDLib19callback_pathExistsER6SdFilePKcbPv
                0x00080ec0       0x38 C:\Users\david\AppData\Local\Temp\VMBuilds\Rhino\arduino_due_x_dbg\Debug\SD\SD.cpp.o
                0x00080ec0                SDLib::callback_pathExists(SdFile&, char const*, bool, void*)
 .text._ZN8SdVolume4initEP7Sd2Card
                0x00080ef8       0x20 C:\Users\david\AppData\Local\Temp\VMBuilds\Rhino\arduino_due_x_dbg\Debug\SD\SD.cpp.o
                0x00080ef8                SdVolume::init(Sd2Card*)
 .text._ZN5SDLib20getNextPathComponentEPKcPjPc
                0x00080f18       0x40 C:\Users\david\AppData\Local\Temp\VMBuilds\Rhino\arduino_due_x_dbg\Debug\SD\SD.cpp.o
                0x00080f18                SDLib::getNextPathComponent(char const*, unsigned int*, char*)
 .text._ZN5SDLib8walkPathEPKcR6SdFilePFbS3_S1_bPvES4_
                0x00080f58       0x9c C:\Users\david\AppData\Local\Temp\VMBuilds\Rhino\arduino_due_x_dbg\Debug\SD\SD.cpp.o
                0x00080f58                SDLib::walkPath(char const*, SdFile&, bool (*)(SdFile&, char const*, bool, void*), void*)
 .text._ZN5SDLib7SDClass5beginEh
                0x00080ff4       0x34 C:\Users\david\AppData\Local\Temp\VMBuilds\Rhino\arduino_due_x_dbg\Debug\SD\SD.cpp.o
                0x00080ff4                SDLib::SDClass::begin(unsigned char)
 .text._ZN6SdFileC2ERKS_
                0x00081028       0x34 C:\Users\david\AppData\Local\Temp\VMBuilds\Rhino\arduino_due_x_dbg\Debug\SD\SD.cpp.o
                0x00081028                SdFile::SdFile(SdFile const&)
                0x00081028                SdFile::SdFile(SdFile const&)
 .text._ZN5SDLib7SDClass12getParentDirEPKcPi
                0x0008105c       0xac C:\Users\david\AppData\Local\Temp\VMBuilds\Rhino\arduino_due_x_dbg\Debug\SD\SD.cpp.o
                0x0008105c                SDLib::SDClass::getParentDir(char const*, int*)
 .text._ZN5SDLib7SDClass4openEPKch
                0x00081108       0xa4 C:\Users\david\AppData\Local\Temp\VMBuilds\Rhino\arduino_due_x_dbg\Debug\SD\SD.cpp.o
                0x00081108                SDLib::SDClass::open(char const*, unsigned char)
 .text._ZN5SDLib7SDClass6existsEPKc
                0x000811ac       0x14 C:\Users\david\AppData\Local\Temp\VMBuilds\Rhino\arduino_due_x_dbg\Debug\SD\SD.cpp.o
                0x000811ac                SDLib::SDClass::exists(char const*)
 .text.startup._GLOBAL__sub_I__ZN5SDLib20getNextPathComponentEPKcPjPc
                0x000811c0       0x28 C:\Users\david\AppData\Local\Temp\VMBuilds\Rhino\arduino_due_x_dbg\Debug\SD\SD.cpp.o
 .text._ZL7spiSendh
                0x000811e8       0x10 C:\Users\david\AppData\Local\Temp\VMBuilds\Rhino\arduino_due_x_dbg\Debug\SD\utility\Sd2Card.cpp.o
 .text._ZL6spiRecv
                0x000811f8       0x10 C:\Users\david\AppData\Local\Temp\VMBuilds\Rhino\arduino_due_x_dbg\Debug\SD\utility\Sd2Card.cpp.o
 .text._ZN7Sd2Card14chipSelectHighEv
                0x00081208       0x28 C:\Users\david\AppData\Local\Temp\VMBuilds\Rhino\arduino_due_x_dbg\Debug\SD\utility\Sd2Card.cpp.o
                0x00081208                Sd2Card::chipSelectHigh()
 .text._ZN7Sd2Card13chipSelectLowEv
                0x00081230       0x40 C:\Users\david\AppData\Local\Temp\VMBuilds\Rhino\arduino_due_x_dbg\Debug\SD\utility\Sd2Card.cpp.o
                0x00081230                Sd2Card::chipSelectLow()
 .text._ZN7Sd2Card7readEndEv
                0x00081270       0x2a C:\Users\david\AppData\Local\Temp\VMBuilds\Rhino\arduino_due_x_dbg\Debug\SD\utility\Sd2Card.cpp.o
                0x00081270                Sd2Card::readEnd()
 *fill*         0x0008129a        0x2 
 .text._ZN7Sd2Card10setSckRateEh
                0x0008129c       0x58 C:\Users\david\AppData\Local\Temp\VMBuilds\Rhino\arduino_due_x_dbg\Debug\SD\utility\Sd2Card.cpp.o
                0x0008129c                Sd2Card::setSckRate(unsigned char)
 .text._ZN7Sd2Card11waitNotBusyEt
                0x000812f4       0x28 C:\Users\david\AppData\Local\Temp\VMBuilds\Rhino\arduino_due_x_dbg\Debug\SD\utility\Sd2Card.cpp.o
                0x000812f4                Sd2Card::waitNotBusy(unsigned short)
 .text._ZN7Sd2Card11cardCommandEhm
                0x0008131c       0x60 C:\Users\david\AppData\Local\Temp\VMBuilds\Rhino\arduino_due_x_dbg\Debug\SD\utility\Sd2Card.cpp.o
                0x0008131c                Sd2Card::cardCommand(unsigned char, unsigned long)
 .text._ZN7Sd2Card4initEhh
                0x0008137c      0x150 C:\Users\david\AppData\Local\Temp\VMBuilds\Rhino\arduino_due_x_dbg\Debug\SD\utility\Sd2Card.cpp.o
                0x0008137c                Sd2Card::init(unsigned char, unsigned char)
 .text._ZN7Sd2Card14waitStartBlockEv
                0x000814cc       0x3e C:\Users\david\AppData\Local\Temp\VMBuilds\Rhino\arduino_due_x_dbg\Debug\SD\utility\Sd2Card.cpp.o
                0x000814cc                Sd2Card::waitStartBlock()
 .text._ZN7Sd2Card8readDataEmttPh
                0x0008150a       0xa4 C:\Users\david\AppData\Local\Temp\VMBuilds\Rhino\arduino_due_x_dbg\Debug\SD\utility\Sd2Card.cpp.o
                0x0008150a                Sd2Card::readData(unsigned long, unsigned short, unsigned short, unsigned char*)
 .text._ZN7Sd2Card9readBlockEmPh
                0x000815ae       0x14 C:\Users\david\AppData\Local\Temp\VMBuilds\Rhino\arduino_due_x_dbg\Debug\SD\utility\Sd2Card.cpp.o
                0x000815ae                Sd2Card::readBlock(unsigned long, unsigned char*)
 .text._ZN7Sd2Card9writeDataEhPKh
                0x000815c2       0x48 C:\Users\david\AppData\Local\Temp\VMBuilds\Rhino\arduino_due_x_dbg\Debug\SD\utility\Sd2Card.cpp.o
                0x000815c2                Sd2Card::writeData(unsigned char, unsigned char const*)
 .text._ZN7Sd2Card10writeBlockEmPKh
                0x0008160a       0x6c C:\Users\david\AppData\Local\Temp\VMBuilds\Rhino\arduino_due_x_dbg\Debug\SD\utility\Sd2Card.cpp.o
                0x0008160a                Sd2Card::writeBlock(unsigned long, unsigned char const*)
 *fill*         0x00081676        0x2 
 .text.startup._GLOBAL__sub_I__ZN7Sd2Card11cardCommandEhm
                0x00081678       0x14 C:\Users\david\AppData\Local\Temp\VMBuilds\Rhino\arduino_due_x_dbg\Debug\SD\utility\Sd2Card.cpp.o
 .text._ZN6SdFile10addClusterEv
                0x0008168c       0x26 C:\Users\david\AppData\Local\Temp\VMBuilds\Rhino\arduino_due_x_dbg\Debug\SD\utility\SdFile.cpp.o
                0x0008168c                SdFile::addCluster()
 .text._ZN6SdFile13addDirClusterEv
                0x000816b2       0x46 C:\Users\david\AppData\Local\Temp\VMBuilds\Rhino\arduino_due_x_dbg\Debug\SD\utility\SdFile.cpp.o
                0x000816b2                SdFile::addDirCluster()
 .text._ZN6SdFile13cacheDirEntryEh
                0x000816f8       0x1c C:\Users\david\AppData\Local\Temp\VMBuilds\Rhino\arduino_due_x_dbg\Debug\SD\utility\SdFile.cpp.o
                0x000816f8                SdFile::cacheDirEntry(unsigned char)
 .text._ZN6SdFile10make83NameEPKcPh
                0x00081714       0x98 C:\Users\david\AppData\Local\Temp\VMBuilds\Rhino\arduino_due_x_dbg\Debug\SD\utility\SdFile.cpp.o
                0x00081714                SdFile::make83Name(char const*, unsigned char*)
 .text._ZN6SdFile8openRootEP8SdVolume
                0x000817ac       0x50 C:\Users\david\AppData\Local\Temp\VMBuilds\Rhino\arduino_due_x_dbg\Debug\SD\utility\SdFile.cpp.o
                0x000817ac                SdFile::openRoot(SdVolume*)
 .text._ZN6SdFile4readEPvt
                0x000817fc      0x104 C:\Users\david\AppData\Local\Temp\VMBuilds\Rhino\arduino_due_x_dbg\Debug\SD\utility\SdFile.cpp.o
                0x000817fc                SdFile::read(void*, unsigned short)
 .text._ZN6SdFile12readDirCacheEv
                0x00081900       0x44 C:\Users\david\AppData\Local\Temp\VMBuilds\Rhino\arduino_due_x_dbg\Debug\SD\utility\SdFile.cpp.o
                0x00081900                SdFile::readDirCache()
 .text._ZN6SdFile7seekSetEm
                0x00081944       0x5e C:\Users\david\AppData\Local\Temp\VMBuilds\Rhino\arduino_due_x_dbg\Debug\SD\utility\SdFile.cpp.o
                0x00081944                SdFile::seekSet(unsigned long)
 *fill*         0x000819a2        0x2 
 .text._ZN6SdFile4syncEv
                0x000819a4       0x58 C:\Users\david\AppData\Local\Temp\VMBuilds\Rhino\arduino_due_x_dbg\Debug\SD\utility\SdFile.cpp.o
                0x000819a4                SdFile::sync()
 .text._ZN6SdFile5closeEv
                0x000819fc       0x12 C:\Users\david\AppData\Local\Temp\VMBuilds\Rhino\arduino_due_x_dbg\Debug\SD\utility\SdFile.cpp.o
                0x000819fc                SdFile::close()
 *fill*         0x00081a0e        0x2 
 .text._ZN6SdFile8truncateEm
                0x00081a10       0xb0 C:\Users\david\AppData\Local\Temp\VMBuilds\Rhino\arduino_due_x_dbg\Debug\SD\utility\SdFile.cpp.o
                0x00081a10                SdFile::truncate(unsigned long)
 .text._ZN6SdFile15openCachedEntryEhh
                0x00081ac0       0x7c C:\Users\david\AppData\Local\Temp\VMBuilds\Rhino\arduino_due_x_dbg\Debug\SD\utility\SdFile.cpp.o
                0x00081ac0                SdFile::openCachedEntry(unsigned char, unsigned char)
 .text._ZN6SdFile4openEPS_PKch
                0x00081b3c      0x110 C:\Users\david\AppData\Local\Temp\VMBuilds\Rhino\arduino_due_x_dbg\Debug\SD\utility\SdFile.cpp.o
                0x00081b3c                SdFile::open(SdFile*, char const*, unsigned char)
 .text._ZN6SdFile5writeEPKvt
                0x00081c4c      0x194 C:\Users\david\AppData\Local\Temp\VMBuilds\Rhino\arduino_due_x_dbg\Debug\SD\utility\SdFile.cpp.o
                0x00081c4c                SdFile::write(void const*, unsigned short)
 .text._ZN6SdFile5writeEh
                0x00081de0       0x16 C:\Users\david\AppData\Local\Temp\VMBuilds\Rhino\arduino_due_x_dbg\Debug\SD\utility\SdFile.cpp.o
                0x00081de0                SdFile::write(unsigned char)
 *fill*         0x00081df6        0x2 
 .text._ZN8SdVolume10cacheFlushEv
                0x00081df8       0x4c C:\Users\david\AppData\Local\Temp\VMBuilds\Rhino\arduino_due_x_dbg\Debug\SD\utility\SdVolume.cpp.o
                0x00081df8                SdVolume::cacheFlush()
 .text._ZN8SdVolume13cacheRawBlockEmh
                0x00081e44       0x48 C:\Users\david\AppData\Local\Temp\VMBuilds\Rhino\arduino_due_x_dbg\Debug\SD\utility\SdVolume.cpp.o
                0x00081e44                SdVolume::cacheRawBlock(unsigned long, unsigned char)
 .text._ZN8SdVolume14cacheZeroBlockEm
                0x00081e8c       0x38 C:\Users\david\AppData\Local\Temp\VMBuilds\Rhino\arduino_due_x_dbg\Debug\SD\utility\SdVolume.cpp.o
                0x00081e8c                SdVolume::cacheZeroBlock(unsigned long)
 .text._ZNK8SdVolume6fatGetEmPm
                0x00081ec4       0x64 C:\Users\david\AppData\Local\Temp\VMBuilds\Rhino\arduino_due_x_dbg\Debug\SD\utility\SdVolume.cpp.o
                0x00081ec4                SdVolume::fatGet(unsigned long, unsigned long*) const
 .text._ZNK8SdVolume9chainSizeEmPm
                0x00081f28       0x44 C:\Users\david\AppData\Local\Temp\VMBuilds\Rhino\arduino_due_x_dbg\Debug\SD\utility\SdVolume.cpp.o
                0x00081f28                SdVolume::chainSize(unsigned long, unsigned long*) const
 .text._ZN8SdVolume6fatPutEmm
                0x00081f6c       0x84 C:\Users\david\AppData\Local\Temp\VMBuilds\Rhino\arduino_due_x_dbg\Debug\SD\utility\SdVolume.cpp.o
                0x00081f6c                SdVolume::fatPut(unsigned long, unsigned long)
 .text._ZN8SdVolume15allocContiguousEmPm
                0x00081ff0       0xb4 C:\Users\david\AppData\Local\Temp\VMBuilds\Rhino\arduino_due_x_dbg\Debug\SD\utility\SdVolume.cpp.o
                0x00081ff0                SdVolume::allocContiguous(unsigned long, unsigned long*)
 .text._ZN8SdVolume9freeChainEm
                0x000820a4       0x48 C:\Users\david\AppData\Local\Temp\VMBuilds\Rhino\arduino_due_x_dbg\Debug\SD\utility\SdVolume.cpp.o
                0x000820a4                SdVolume::freeChain(unsigned long)
 .text._ZN8SdVolume4initEP7Sd2Cardh
                0x000820ec       0xf4 C:\Users\david\AppData\Local\Temp\VMBuilds\Rhino\arduino_due_x_dbg\Debug\SD\utility\SdVolume.cpp.o
                0x000820ec                SdVolume::init(Sd2Card*, unsigned char)
 .text._ZN8IcarusIOC2EP6Stream
                0x000821e0        0x4 C:\Users\david\AppData\Local\Temp\VMBuilds\Rhino\arduino_due_x_dbg\Debug\IcarusIO\IcarusIO.cpp.o
                0x000821e0                IcarusIO::IcarusIO(Stream*)
                0x000821e0                IcarusIO::IcarusIO(Stream*)
 .text._ZN10IcarusXbeeC2EP8IcarusIO13IcarusAddressP6Stream
                0x000821e4      0x254 C:\Users\david\AppData\Local\Temp\VMBuilds\Rhino\arduino_due_x_dbg\Debug\IcarusXbee\IcarusXbee.cpp.o
                0x000821e4                IcarusXbee::IcarusXbee(IcarusIO*, IcarusAddress, Stream*)
                0x000821e4                IcarusXbee::IcarusXbee(IcarusIO*, IcarusAddress, Stream*)
 .text._ZN10IcarusXbee12addToPayloadE8dataType
                0x00082438      0x3f4 C:\Users\david\AppData\Local\Temp\VMBuilds\Rhino\arduino_due_x_dbg\Debug\IcarusXbee\IcarusXbee.cpp.o
                0x00082438                IcarusXbee::addToPayload(dataType)
 .text._ZN10IcarusXbee4SendEv
                0x0008282c       0x70 C:\Users\david\AppData\Local\Temp\VMBuilds\Rhino\arduino_due_x_dbg\Debug\IcarusXbee\IcarusXbee.cpp.o
                0x0008282c                IcarusXbee::Send()
 .text._ZN10IcarusXbee19handleXbeeRxMessageEPhh
                0x0008289c      0x28a C:\Users\david\AppData\Local\Temp\VMBuilds\Rhino\arduino_due_x_dbg\Debug\IcarusXbee\IcarusXbee.cpp.o
                0x0008289c                IcarusXbee::handleXbeeRxMessage(unsigned char*, unsigned char)
 .text._ZN10IcarusXbee11SendCmdFireE11typeCmdFire
                0x00082b26       0x44 C:\Users\david\AppData\Local\Temp\VMBuilds\Rhino\arduino_due_x_dbg\Debug\IcarusXbee\IcarusXbee.cpp.o
                0x00082b26                IcarusXbee::SendCmdFire(typeCmdFire)
 .text._ZN10IcarusXbee11readCmdFireEv
                0x00082b6a       0x2e C:\Users\david\AppData\Local\Temp\VMBuilds\Rhino\arduino_due_x_dbg\Debug\IcarusXbee\IcarusXbee.cpp.o
                0x00082b6a                IcarusXbee::readCmdFire()
 .text._ZN10IcarusXbee6getCmdEv
                0x00082b98        0xe C:\Users\david\AppData\Local\Temp\VMBuilds\Rhino\arduino_due_x_dbg\Debug\IcarusXbee\IcarusXbee.cpp.o
                0x00082b98                IcarusXbee::getCmd()
 *fill*         0x00082ba6        0x2 
 .text._ZN10IcarusXbee4ReadEv
                0x00082ba8       0x8c C:\Users\david\AppData\Local\Temp\VMBuilds\Rhino\arduino_due_x_dbg\Debug\IcarusXbee\IcarusXbee.cpp.o
                0x00082ba8                IcarusXbee::Read()
 .text._ZN12ZBRxResponse13getDataOffsetEv
                0x00082c34        0x4 C:\Users\david\AppData\Local\Temp\VMBuilds\Rhino\arduino_due_x_dbg\Debug\xbee-arduino-master\XBee.cpp.o
                0x00082c34                ZBRxResponse::getDataOffset()
 .text._ZN12ZBRxResponse13getDataLengthEv
                0x00082c38       0x12 C:\Users\david\AppData\Local\Temp\VMBuilds\Rhino\arduino_due_x_dbg\Debug\xbee-arduino-master\XBee.cpp.o
                0x00082c38                ZBRxResponse::getDataLength()
 .text._ZN11ZBTxRequest18getFrameDataLengthEv
                0x00082c4a        0x8 C:\Users\david\AppData\Local\Temp\VMBuilds\Rhino\arduino_due_x_dbg\Debug\xbee-arduino-master\XBee.cpp.o
                0x00082c4a                ZBTxRequest::getFrameDataLength()
 .text._ZN11ZBTxRequest12getFrameDataEh
                0x00082c52       0x68 C:\Users\david\AppData\Local\Temp\VMBuilds\Rhino\arduino_due_x_dbg\Debug\xbee-arduino-master\XBee.cpp.o
                0x00082c52                ZBTxRequest::getFrameData(unsigned char)
 .text._ZN12XBeeResponseC2Ev
                0x00082cba        0x2 C:\Users\david\AppData\Local\Temp\VMBuilds\Rhino\arduino_due_x_dbg\Debug\xbee-arduino-master\XBee.cpp.o
                0x00082cba                XBeeResponse::XBeeResponse()
                0x00082cba                XBeeResponse::XBeeResponse()
 .text._ZN12XBeeResponse8getApiIdEv
                0x00082cbc        0x4 C:\Users\david\AppData\Local\Temp\VMBuilds\Rhino\arduino_due_x_dbg\Debug\xbee-arduino-master\XBee.cpp.o
                0x00082cbc                XBeeResponse::getApiId()
 .text._ZN12XBeeResponse11isAvailableEv
                0x00082cc0        0x4 C:\Users\david\AppData\Local\Temp\VMBuilds\Rhino\arduino_due_x_dbg\Debug\xbee-arduino-master\XBee.cpp.o
                0x00082cc0                XBeeResponse::isAvailable()
 .text._ZN12XBeeResponse7isErrorEv
                0x00082cc4        0xa C:\Users\david\AppData\Local\Temp\VMBuilds\Rhino\arduino_due_x_dbg\Debug\xbee-arduino-master\XBee.cpp.o
                0x00082cc4                XBeeResponse::isError()
 .text._ZN12XBeeResponse12getErrorCodeEv
                0x00082cce        0x4 C:\Users\david\AppData\Local\Temp\VMBuilds\Rhino\arduino_due_x_dbg\Debug\xbee-arduino-master\XBee.cpp.o
                0x00082cce                XBeeResponse::getErrorCode()
 .text._ZN12XBeeResponse9setCommonERS_
                0x00082cd2       0x1e C:\Users\david\AppData\Local\Temp\VMBuilds\Rhino\arduino_due_x_dbg\Debug\xbee-arduino-master\XBee.cpp.o
                0x00082cd2                XBeeResponse::setCommon(XBeeResponse&)
 .text._ZN18ZBTxStatusResponseC2Ev
                0x00082cf0        0x2 C:\Users\david\AppData\Local\Temp\VMBuilds\Rhino\arduino_due_x_dbg\Debug\xbee-arduino-master\XBee.cpp.o
                0x00082cf0                ZBTxStatusResponse::ZBTxStatusResponse()
                0x00082cf0                ZBTxStatusResponse::ZBTxStatusResponse()
 *fill*         0x00082cf2        0x2 
 .text._ZN12ZBRxResponseC2Ev
                0x00082cf4       0x10 C:\Users\david\AppData\Local\Temp\VMBuilds\Rhino\arduino_due_x_dbg\Debug\xbee-arduino-master\XBee.cpp.o
                0x00082cf4                ZBRxResponse::ZBRxResponse()
                0x00082cf4                ZBRxResponse::ZBRxResponse()
 .text._ZN12XBeeResponse15getZBRxResponseERS_
                0x00082d04       0x3e C:\Users\david\AppData\Local\Temp\VMBuilds\Rhino\arduino_due_x_dbg\Debug\xbee-arduino-master\XBee.cpp.o
                0x00082d04                XBeeResponse::getZBRxResponse(XBeeResponse&)
 .text._ZN14RxDataResponse7getDataEv
                0x00082d42        0xe C:\Users\david\AppData\Local\Temp\VMBuilds\Rhino\arduino_due_x_dbg\Debug\xbee-arduino-master\XBee.cpp.o
                0x00082d42                RxDataResponse::getData()
 .text._ZN12XBeeResponse5resetEv
                0x00082d50       0x12 C:\Users\david\AppData\Local\Temp\VMBuilds\Rhino\arduino_due_x_dbg\Debug\xbee-arduino-master\XBee.cpp.o
                0x00082d50                XBeeResponse::reset()
 .text._ZN4XBee13resetResponseEv
                0x00082d62        0xc C:\Users\david\AppData\Local\Temp\VMBuilds\Rhino\arduino_due_x_dbg\Debug\xbee-arduino-master\XBee.cpp.o
                0x00082d62                XBee::resetResponse()
 *fill*         0x00082d6e        0x2 
 .text._ZN4XBeeC2Ev
                0x00082d70       0x24 C:\Users\david\AppData\Local\Temp\VMBuilds\Rhino\arduino_due_x_dbg\Debug\xbee-arduino-master\XBee.cpp.o
                0x00082d70                XBee::XBee()
                0x00082d70                XBee::XBee()
 .text._ZN4XBee9setSerialER6Stream
                0x00082d94        0x6 C:\Users\david\AppData\Local\Temp\VMBuilds\Rhino\arduino_due_x_dbg\Debug\xbee-arduino-master\XBee.cpp.o
                0x00082d94                XBee::setSerial(Stream&)
 .text._ZN4XBee9availableEv
                0x00082d9a       0x14 C:\Users\david\AppData\Local\Temp\VMBuilds\Rhino\arduino_due_x_dbg\Debug\xbee-arduino-master\XBee.cpp.o
                0x00082d9a                XBee::available()
 .text._ZN4XBee4readEv
                0x00082dae       0x10 C:\Users\david\AppData\Local\Temp\VMBuilds\Rhino\arduino_due_x_dbg\Debug\xbee-arduino-master\XBee.cpp.o
                0x00082dae                XBee::read()
 .text._ZN4XBee5writeEh
                0x00082dbe        0xe C:\Users\david\AppData\Local\Temp\VMBuilds\Rhino\arduino_due_x_dbg\Debug\xbee-arduino-master\XBee.cpp.o
                0x00082dbe                XBee::write(unsigned char)
 .text._ZN4XBee11getResponseEv
                0x00082dcc        0x2 C:\Users\david\AppData\Local\Temp\VMBuilds\Rhino\arduino_due_x_dbg\Debug\xbee-arduino-master\XBee.cpp.o
                0x00082dcc                XBee::getResponse()
 .text._ZN4XBee10readPacketEv
                0x00082dce       0xe6 C:\Users\david\AppData\Local\Temp\VMBuilds\Rhino\arduino_due_x_dbg\Debug\xbee-arduino-master\XBee.cpp.o
                0x00082dce                XBee::readPacket()
 .text._ZN11ZBTxRequestC2Ev
                0x00082eb4       0x28 C:\Users\david\AppData\Local\Temp\VMBuilds\Rhino\arduino_due_x_dbg\Debug\xbee-arduino-master\XBee.cpp.o
                0x00082eb4                ZBTxRequest::ZBTxRequest()
                0x00082eb4                ZBTxRequest::ZBTxRequest()
 .text._ZN11ZBTxRequestC2ERK13XBeeAddress64Phh
                0x00082edc       0x38 C:\Users\david\AppData\Local\Temp\VMBuilds\Rhino\arduino_due_x_dbg\Debug\xbee-arduino-master\XBee.cpp.o
                0x00082edc                ZBTxRequest::ZBTxRequest(XBeeAddress64 const&, unsigned char*, unsigned char)
                0x00082edc                ZBTxRequest::ZBTxRequest(XBeeAddress64 const&, unsigned char*, unsigned char)
 .text._ZN4XBee8sendByteEhb
                0x00082f14       0x34 C:\Users\david\AppData\Local\Temp\VMBuilds\Rhino\arduino_due_x_dbg\Debug\xbee-arduino-master\XBee.cpp.o
                0x00082f14                XBee::sendByte(unsigned char, bool)
 .text._ZN4XBee4sendER11XBeeRequest
                0x00082f48       0xa0 C:\Users\david\AppData\Local\Temp\VMBuilds\Rhino\arduino_due_x_dbg\Debug\xbee-arduino-master\XBee.cpp.o
                0x00082f48                XBee::send(XBeeRequest&)
 .text._Z11serialEventv
                0x00082fe8        0x2 C:\Users\david\AppData\Local\Temp\VMBuilds\Rhino\arduino_due_x_dbg\Debug\variant\variant.cpp.o
                0x00082fe8                serialEvent()
 *fill*         0x00082fea        0x2 
 .text.UART_Handler
                0x00082fec        0xc C:\Users\david\AppData\Local\Temp\VMBuilds\Rhino\arduino_due_x_dbg\Debug\variant\variant.cpp.o
                0x00082fec                UART_Handler
 .text._Z12serialEvent1v
                0x00082ff8        0x2 C:\Users\david\AppData\Local\Temp\VMBuilds\Rhino\arduino_due_x_dbg\Debug\variant\variant.cpp.o
                0x00082ff8                serialEvent1()
 .text._Z12serialEvent2v
                0x00082ffa        0x2 C:\Users\david\AppData\Local\Temp\VMBuilds\Rhino\arduino_due_x_dbg\Debug\variant\variant.cpp.o
                0x00082ffa                serialEvent2()
 .text._Z12serialEvent3v
                0x00082ffc        0x2 C:\Users\david\AppData\Local\Temp\VMBuilds\Rhino\arduino_due_x_dbg\Debug\variant\variant.cpp.o
                0x00082ffc                serialEvent3()
 *fill*         0x00082ffe        0x2 
 .text.USART0_Handler
                0x00083000        0xc C:\Users\david\AppData\Local\Temp\VMBuilds\Rhino\arduino_due_x_dbg\Debug\variant\variant.cpp.o
                0x00083000                USART0_Handler
 .text.USART1_Handler
                0x0008300c        0xc C:\Users\david\AppData\Local\Temp\VMBuilds\Rhino\arduino_due_x_dbg\Debug\variant\variant.cpp.o
                0x0008300c                USART1_Handler
 .text.USART3_Handler
                0x00083018        0xc C:\Users\david\AppData\Local\Temp\VMBuilds\Rhino\arduino_due_x_dbg\Debug\variant\variant.cpp.o
                0x00083018                USART3_Handler
 .text.init     0x00083024      0x128 C:\Users\david\AppData\Local\Temp\VMBuilds\Rhino\arduino_due_x_dbg\Debug\variant\variant.cpp.o
                0x00083024                init
 .text.startup._GLOBAL__sub_I_g_APinDescription
                0x0008314c       0xd4 C:\Users\david\AppData\Local\Temp\VMBuilds\Rhino\arduino_due_x_dbg\Debug\variant\variant.cpp.o
 .text._Z14serialEventRunv
                0x00083220       0x44 C:\Users\david\AppData\Local\Temp\VMBuilds\Rhino\arduino_due_x_dbg\Debug\variant\variant.cpp.o
                0x00083220                serialEventRun()
 .text.PIO_PullUp
                0x00083264        0xa C:\Users\david\AppData\Local\arduino15\packages\arduino\hardware\sam\1.6.11\variants\arduino_due_x/libsam_sam3x8e_gcc_rel.a(pio.o)
                0x00083264                PIO_PullUp
 .text.PIO_Get  0x0008326e       0x14 C:\Users\david\AppData\Local\arduino15\packages\arduino\hardware\sam\1.6.11\variants\arduino_due_x/libsam_sam3x8e_gcc_rel.a(pio.o)
                0x0008326e                PIO_Get
 .text.PIO_SetPeripheral
                0x00083282       0x26 C:\Users\david\AppData\Local\arduino15\packages\arduino\hardware\sam\1.6.11\variants\arduino_due_x/libsam_sam3x8e_gcc_rel.a(pio.o)
                0x00083282                PIO_SetPeripheral
 .text.PIO_SetInput
                0x000832a8       0x26 C:\Users\david\AppData\Local\arduino15\packages\arduino\hardware\sam\1.6.11\variants\arduino_due_x/libsam_sam3x8e_gcc_rel.a(pio.o)
                0x000832a8                PIO_SetInput
 .text.PIO_SetOutput
                0x000832ce       0x24 C:\Users\david\AppData\Local\arduino15\packages\arduino\hardware\sam\1.6.11\variants\arduino_due_x/libsam_sam3x8e_gcc_rel.a(pio.o)
                0x000832ce                PIO_SetOutput
 *fill*         0x000832f2        0x2 
 .text.PIO_Configure
                0x000832f4       0x64 C:\Users\david\AppData\Local\arduino15\packages\arduino\hardware\sam\1.6.11\variants\arduino_due_x/libsam_sam3x8e_gcc_rel.a(pio.o)
                0x000832f4                PIO_Configure
 .text.PIO_GetOutputDataStatus
                0x00083358       0x14 C:\Users\david\AppData\Local\arduino15\packages\arduino\hardware\sam\1.6.11\variants\arduino_due_x/libsam_sam3x8e_gcc_rel.a(pio.o)
                0x00083358                PIO_GetOutputDataStatus
 .text.pmc_enable_upll_clock
                0x0008336c       0x14 C:\Users\david\AppData\Local\arduino15\packages\arduino\hardware\sam\1.6.11\variants\arduino_due_x/libsam_sam3x8e_gcc_rel.a(pmc.o)
                0x0008336c                pmc_enable_upll_clock
 .text.pmc_enable_periph_clk
                0x00083380       0x44 C:\Users\david\AppData\Local\arduino15\packages\arduino\hardware\sam\1.6.11\variants\arduino_due_x/libsam_sam3x8e_gcc_rel.a(pmc.o)
                0x00083380                pmc_enable_periph_clk
 .text.pmc_disable_periph_clk
                0x000833c4       0x40 C:\Users\david\AppData\Local\arduino15\packages\arduino\hardware\sam\1.6.11\variants\arduino_due_x/libsam_sam3x8e_gcc_rel.a(pmc.o)
                0x000833c4                pmc_disable_periph_clk
 .text.pmc_switch_udpck_to_upllck
                0x00083404       0x14 C:\Users\david\AppData\Local\arduino15\packages\arduino\hardware\sam\1.6.11\variants\arduino_due_x/libsam_sam3x8e_gcc_rel.a(pmc.o)
                0x00083404                pmc_switch_udpck_to_upllck
 .text.pmc_enable_udpck
                0x00083418        0xc C:\Users\david\AppData\Local\arduino15\packages\arduino\hardware\sam\1.6.11\variants\arduino_due_x/libsam_sam3x8e_gcc_rel.a(pmc.o)
                0x00083418                pmc_enable_udpck
 .text.SPI_Enable
                0x00083424        0x6 C:\Users\david\AppData\Local\arduino15\packages\arduino\hardware\sam\1.6.11\variants\arduino_due_x/libsam_sam3x8e_gcc_rel.a(spi.o)
                0x00083424                SPI_Enable
 *fill*         0x0008342a        0x2 
 .text.SPI_Configure
                0x0008342c       0x20 C:\Users\david\AppData\Local\arduino15\packages\arduino\hardware\sam\1.6.11\variants\arduino_due_x/libsam_sam3x8e_gcc_rel.a(spi.o)
                0x0008342c                SPI_Configure
 .text.SPI_ConfigureNPCS
                0x0008344c        0x8 C:\Users\david\AppData\Local\arduino15\packages\arduino\hardware\sam\1.6.11\variants\arduino_due_x/libsam_sam3x8e_gcc_rel.a(spi.o)
                0x0008344c                SPI_ConfigureNPCS
 .text.SystemInit
                0x00083454       0x88 C:\Users\david\AppData\Local\arduino15\packages\arduino\hardware\sam\1.6.11\variants\arduino_due_x/libsam_sam3x8e_gcc_rel.a(system_sam3xa.o)
                0x00083454                SystemInit
 .text.Reset_Handler
                0x000834dc       0x78 C:\Users\david\AppData\Local\arduino15\packages\arduino\hardware\sam\1.6.11\variants\arduino_due_x/libsam_sam3x8e_gcc_rel.a(startup_sam3xa.o)
                0x000834dc                Reset_Handler
 .text.adc_init
                0x00083554       0x98 C:\Users\david\AppData\Local\arduino15\packages\arduino\hardware\sam\1.6.11\variants\arduino_due_x/libsam_sam3x8e_gcc_rel.a(adc.o)
                0x00083554                adc_init
 .text.adc_configure_trigger
                0x000835ec        0xe C:\Users\david\AppData\Local\arduino15\packages\arduino\hardware\sam\1.6.11\variants\arduino_due_x/libsam_sam3x8e_gcc_rel.a(adc.o)
                0x000835ec                adc_configure_trigger
 .text.adc_configure_timing
                0x000835fa       0x1a C:\Users\david\AppData\Local\arduino15\packages\arduino\hardware\sam\1.6.11\variants\arduino_due_x/libsam_sam3x8e_gcc_rel.a(adc.o)
                0x000835fa                adc_configure_timing
 .text.adc_disable_channel
                0x00083614        0xa C:\Users\david\AppData\Local\arduino15\packages\arduino\hardware\sam\1.6.11\variants\arduino_due_x/libsam_sam3x8e_gcc_rel.a(adc.o)
                0x00083614                adc_disable_channel
 .text.adc_disable_all_channel
                0x0008361e        0x8 C:\Users\david\AppData\Local\arduino15\packages\arduino\hardware\sam\1.6.11\variants\arduino_due_x/libsam_sam3x8e_gcc_rel.a(adc.o)
                0x0008361e                adc_disable_all_channel
 .text.adc_disable_interrupt
                0x00083626        0x4 C:\Users\david\AppData\Local\arduino15\packages\arduino\hardware\sam\1.6.11\variants\arduino_due_x/libsam_sam3x8e_gcc_rel.a(adc.o)
                0x00083626                adc_disable_interrupt
 *fill*         0x0008362a        0x2 
 .text.UOTGHS_Handler
                0x0008362c       0x10 C:\Users\david\AppData\Local\arduino15\packages\arduino\hardware\sam\1.6.11\variants\arduino_due_x/libsam_sam3x8e_gcc_rel.a(uotghs.o)
                0x0008362c                UOTGHS_Handler
 .text.__halt   0x0008363c        0x2 C:\Users\david\AppData\Local\Temp\VMBuilds\Rhino\arduino_due_x_dbg\Debug/core.a(cortex_handlers.c.o)
                0x0008363c                DACC_Handler
                0x0008363c                DebugMon_Handler
                0x0008363c                DMAC_Handler
                0x0008363c                TRNG_Handler
                0x0008363c                HardFault_Handler
                0x0008363c                TC2_Handler
                0x0008363c                TWI1_Handler
                0x0008363c                NMI_Handler
                0x0008363c                TC7_Handler
                0x0008363c                ADC_Handler
                0x0008363c                SMC_Handler
                0x0008363c                RTT_Handler
                0x0008363c                EFC1_Handler
                0x0008363c                PIOB_Handler
                0x0008363c                RTC_Handler
                0x0008363c                UsageFault_Handler
                0x0008363c                TC6_Handler
                0x0008363c                WDT_Handler
                0x0008363c                CAN0_Handler
                0x0008363c                TC4_Handler
                0x0008363c                TC1_Handler
                0x0008363c                HSMCI_Handler
                0x0008363c                TC3_Handler
                0x0008363c                TWI0_Handler
                0x0008363c                PIOA_Handler
                0x0008363c                SSC_Handler
                0x0008363c                EFC0_Handler
                0x0008363c                PMC_Handler
                0x0008363c                PWM_Handler
                0x0008363c                CAN1_Handler
                0x0008363c                MemManage_Handler
                0x0008363c                SUPC_Handler
                0x0008363c                TC8_Handler
                0x0008363c                USART2_Handler
                0x0008363c                PIOD_Handler
                0x0008363c                EMAC_Handler
                0x0008363c                PIOC_Handler
                0x0008363c                BusFault_Handler
                0x0008363c                RSTC_Handler
                0x0008363c                TC0_Handler
                0x0008363c                TC5_Handler
                0x0008363c                SPI0_Handler
 .text.SVC_Handler
                0x0008363e        0x4 C:\Users\david\AppData\Local\Temp\VMBuilds\Rhino\arduino_due_x_dbg\Debug/core.a(cortex_handlers.c.o)
                0x0008363e                SVC_Handler
 .text.PendSV_Handler
                0x00083642        0x4 C:\Users\david\AppData\Local\Temp\VMBuilds\Rhino\arduino_due_x_dbg\Debug/core.a(cortex_handlers.c.o)
                0x00083642                PendSV_Handler
 .text.SysTick_Handler
                0x00083646       0x16 C:\Users\david\AppData\Local\Temp\VMBuilds\Rhino\arduino_due_x_dbg\Debug/core.a(cortex_handlers.c.o)
                0x00083646                SysTick_Handler
 .text.__empty  0x0008365c        0x2 C:\Users\david\AppData\Local\Temp\VMBuilds\Rhino\arduino_due_x_dbg\Debug/core.a(hooks.c.o)
                0x0008365c                yield
 .text.__false  0x0008365e        0x4 C:\Users\david\AppData\Local\Temp\VMBuilds\Rhino\arduino_due_x_dbg\Debug/core.a(hooks.c.o)
                0x0008365e                sysTickHook
 .text.__halt   0x00083662        0x2 C:\Users\david\AppData\Local\Temp\VMBuilds\Rhino\arduino_due_x_dbg\Debug/core.a(hooks.c.o)
                0x00083662                svcHook
                0x00083662                pendSVHook
 .text._sbrk    0x00083664       0x1c C:\Users\david\AppData\Local\Temp\VMBuilds\Rhino\arduino_due_x_dbg\Debug/core.a(syscalls_sam3.c.o)
                0x00083664                _sbrk
 .text.link     0x00083680        0x6 C:\Users\david\AppData\Local\Temp\VMBuilds\Rhino\arduino_due_x_dbg\Debug/core.a(syscalls_sam3.c.o)
                0x00083680                link
 .text._close   0x00083686        0x6 C:\Users\david\AppData\Local\Temp\VMBuilds\Rhino\arduino_due_x_dbg\Debug/core.a(syscalls_sam3.c.o)
                0x00083686                _close
 .text._fstat   0x0008368c        0xa C:\Users\david\AppData\Local\Temp\VMBuilds\Rhino\arduino_due_x_dbg\Debug/core.a(syscalls_sam3.c.o)
                0x0008368c                _fstat
 .text._isatty  0x00083696        0x4 C:\Users\david\AppData\Local\Temp\VMBuilds\Rhino\arduino_due_x_dbg\Debug/core.a(syscalls_sam3.c.o)
                0x00083696                _isatty
 .text._lseek   0x0008369a        0x4 C:\Users\david\AppData\Local\Temp\VMBuilds\Rhino\arduino_due_x_dbg\Debug/core.a(syscalls_sam3.c.o)
                0x0008369a                _lseek
 .text._read    0x0008369e        0x4 C:\Users\david\AppData\Local\Temp\VMBuilds\Rhino\arduino_due_x_dbg\Debug/core.a(syscalls_sam3.c.o)
                0x0008369e                _read
 *fill*         0x000836a2        0x2 
 .text._write   0x000836a4       0x24 C:\Users\david\AppData\Local\Temp\VMBuilds\Rhino\arduino_due_x_dbg\Debug/core.a(syscalls_sam3.c.o)
                0x000836a4                _write
 .text._exit    0x000836c8       0x10 C:\Users\david\AppData\Local\Temp\VMBuilds\Rhino\arduino_due_x_dbg\Debug/core.a(syscalls_sam3.c.o)
                0x000836c8                _exit
 .text._kill    0x000836d8        0x2 C:\Users\david\AppData\Local\Temp\VMBuilds\Rhino\arduino_due_x_dbg\Debug/core.a(syscalls_sam3.c.o)
                0x000836d8                _kill
 .text._getpid  0x000836da        0x6 C:\Users\david\AppData\Local\Temp\VMBuilds\Rhino\arduino_due_x_dbg\Debug/core.a(syscalls_sam3.c.o)
                0x000836da                _getpid
 .text.millis   0x000836e0        0x4 C:\Users\david\AppData\Local\Temp\VMBuilds\Rhino\arduino_due_x_dbg\Debug/core.a(wiring.c.o)
                0x000836e0                millis
 .text.delay    0x000836e4       0x1c C:\Users\david\AppData\Local\Temp\VMBuilds\Rhino\arduino_due_x_dbg\Debug/core.a(wiring.c.o)
                0x000836e4                delay
 .text.analogOutputInit
                0x00083700        0x2 C:\Users\david\AppData\Local\Temp\VMBuilds\Rhino\arduino_due_x_dbg\Debug/core.a(wiring_analog.c.o)
                0x00083700                analogOutputInit
 *fill*         0x00083702        0x2 
 .text.pinMode  0x00083704      0x108 C:\Users\david\AppData\Local\Temp\VMBuilds\Rhino\arduino_due_x_dbg\Debug/core.a(wiring_digital.c.o)
                0x00083704                pinMode
 .text.digitalWrite
                0x0008380c       0x70 C:\Users\david\AppData\Local\Temp\VMBuilds\Rhino\arduino_due_x_dbg\Debug/core.a(wiring_digital.c.o)
                0x0008380c                digitalWrite
 .text.digitalRead
                0x0008387c       0x44 C:\Users\david\AppData\Local\Temp\VMBuilds\Rhino\arduino_due_x_dbg\Debug/core.a(wiring_digital.c.o)
                0x0008387c                digitalRead
 .text.initVariant
                0x000838c0        0x2 C:\Users\david\AppData\Local\Temp\VMBuilds\Rhino\arduino_due_x_dbg\Debug/core.a(main.cpp.o)
                0x000838c0                initVariant
 *fill*         0x000838c2        0x2 
 .text.startup.main
                0x000838c4       0x38 C:\Users\david\AppData\Local\Temp\VMBuilds\Rhino\arduino_due_x_dbg\Debug/core.a(main.cpp.o)
                0x000838c4                main
 .text._ZN5Print5writeEPKhj
                0x000838fc       0x22 C:\Users\david\AppData\Local\Temp\VMBuilds\Rhino\arduino_due_x_dbg\Debug/core.a(Print.cpp.o)
                0x000838fc                Print::write(unsigned char const*, unsigned int)
 .text._ZN5Print5printEmi.part.3
                0x0008391e        0xc C:\Users\david\AppData\Local\Temp\VMBuilds\Rhino\arduino_due_x_dbg\Debug/core.a(Print.cpp.o)
 .text._ZN5Print5writeEPKc
                0x0008392a       0x1e C:\Users\david\AppData\Local\Temp\VMBuilds\Rhino\arduino_due_x_dbg\Debug/core.a(Print.cpp.o)
                0x0008392a                Print::write(char const*)
 .text._ZN5Print5printERK6String
                0x00083948       0x10 C:\Users\david\AppData\Local\Temp\VMBuilds\Rhino\arduino_due_x_dbg\Debug/core.a(Print.cpp.o)
                0x00083948                Print::print(String const&)
 .text._ZN5Print5printEPKc
                0x00083958        0x8 C:\Users\david\AppData\Local\Temp\VMBuilds\Rhino\arduino_due_x_dbg\Debug/core.a(Print.cpp.o)
                0x00083958                Print::print(char const*)
 .text._ZN5Print5printEc
                0x00083960        0xa C:\Users\david\AppData\Local\Temp\VMBuilds\Rhino\arduino_due_x_dbg\Debug/core.a(Print.cpp.o)
                0x00083960                Print::print(char)
 *fill*         0x0008396a        0x2 
 .text._ZN5Print7printlnEv
                0x0008396c       0x10 C:\Users\david\AppData\Local\Temp\VMBuilds\Rhino\arduino_due_x_dbg\Debug/core.a(Print.cpp.o)
                0x0008396c                Print::println()
 .text._ZN5Print7printlnERK6String
                0x0008397c       0x14 C:\Users\david\AppData\Local\Temp\VMBuilds\Rhino\arduino_due_x_dbg\Debug/core.a(Print.cpp.o)
                0x0008397c                Print::println(String const&)
 .text._ZN5Print7printlnEPKc
                0x00083990       0x14 C:\Users\david\AppData\Local\Temp\VMBuilds\Rhino\arduino_due_x_dbg\Debug/core.a(Print.cpp.o)
                0x00083990                Print::println(char const*)
 .text._ZN5Print11printNumberEmh
                0x000839a4       0x3e C:\Users\david\AppData\Local\Temp\VMBuilds\Rhino\arduino_due_x_dbg\Debug/core.a(Print.cpp.o)
                0x000839a4                Print::printNumber(unsigned long, unsigned char)
 .text._ZN5Print5printEli
                0x000839e2       0x3c C:\Users\david\AppData\Local\Temp\VMBuilds\Rhino\arduino_due_x_dbg\Debug/core.a(Print.cpp.o)
                0x000839e2                Print::print(long, int)
 .text._ZN5Print7printlnEii
                0x00083a1e       0x14 C:\Users\david\AppData\Local\Temp\VMBuilds\Rhino\arduino_due_x_dbg\Debug/core.a(Print.cpp.o)
                0x00083a1e                Print::println(int, int)
 .text._ZN5Print5printEmi
                0x00083a32        0xc C:\Users\david\AppData\Local\Temp\VMBuilds\Rhino\arduino_due_x_dbg\Debug/core.a(Print.cpp.o)
                0x00083a32                Print::print(unsigned long, int)
 .text._ZN5Print7printlnEhi
                0x00083a3e       0x14 C:\Users\david\AppData\Local\Temp\VMBuilds\Rhino\arduino_due_x_dbg\Debug/core.a(Print.cpp.o)
                0x00083a3e                Print::println(unsigned char, int)
 .text._ZN5Print7printlnEmi
                0x00083a52       0x14 C:\Users\david\AppData\Local\Temp\VMBuilds\Rhino\arduino_due_x_dbg\Debug/core.a(Print.cpp.o)
                0x00083a52                Print::println(unsigned long, int)
 *fill*         0x00083a66        0x2 
 .text.initiateReset
                0x00083a68        0xc C:\Users\david\AppData\Local\Temp\VMBuilds\Rhino\arduino_due_x_dbg\Debug/core.a(Reset.cpp.o)
                0x00083a68                initiateReset
 .text.cancelReset
                0x00083a74       0x10 C:\Users\david\AppData\Local\Temp\VMBuilds\Rhino\arduino_due_x_dbg\Debug/core.a(Reset.cpp.o)
                0x00083a74                cancelReset
 .text.tickReset
                0x00083a84       0x20 C:\Users\david\AppData\Local\Temp\VMBuilds\Rhino\arduino_due_x_dbg\Debug/core.a(Reset.cpp.o)
                0x00083a84                tickReset
 .text._ZN10RingBufferC2Ev
                0x00083aa4       0x1a C:\Users\david\AppData\Local\Temp\VMBuilds\Rhino\arduino_due_x_dbg\Debug/core.a(RingBuffer.cpp.o)
                0x00083aa4                RingBuffer::RingBuffer()
                0x00083aa4                RingBuffer::RingBuffer()
 .text._ZN10RingBuffer10store_charEh
                0x00083abe       0x1e C:\Users\david\AppData\Local\Temp\VMBuilds\Rhino\arduino_due_x_dbg\Debug/core.a(RingBuffer.cpp.o)
                0x00083abe                RingBuffer::store_char(unsigned char)
 .text._ZN9UARTClasscvbEv
                0x00083adc        0x4 C:\Users\david\AppData\Local\Temp\VMBuilds\Rhino\arduino_due_x_dbg\Debug/core.a(UARTClass.cpp.o)
                0x00083adc                UARTClass::operator bool()
 .text._ZN9UARTClass9availableEv
                0x00083ae0       0x12 C:\Users\david\AppData\Local\Temp\VMBuilds\Rhino\arduino_due_x_dbg\Debug/core.a(UARTClass.cpp.o)
                0x00083ae0                UARTClass::available()
 .text._ZN9UARTClass4peekEv
                0x00083af2       0x1c C:\Users\david\AppData\Local\Temp\VMBuilds\Rhino\arduino_due_x_dbg\Debug/core.a(UARTClass.cpp.o)
                0x00083af2                UARTClass::peek()
 .text._ZN9UARTClass4readEv
                0x00083b0e       0x2a C:\Users\david\AppData\Local\Temp\VMBuilds\Rhino\arduino_due_x_dbg\Debug/core.a(UARTClass.cpp.o)
                0x00083b0e                UARTClass::read()
 .text._ZN9UARTClass5flushEv
                0x00083b38       0x18 C:\Users\david\AppData\Local\Temp\VMBuilds\Rhino\arduino_due_x_dbg\Debug/core.a(UARTClass.cpp.o)
                0x00083b38                UARTClass::flush()
 .text._ZN9UARTClass5writeEh
                0x00083b50       0x54 C:\Users\david\AppData\Local\Temp\VMBuilds\Rhino\arduino_due_x_dbg\Debug/core.a(UARTClass.cpp.o)
                0x00083b50                UARTClass::write(unsigned char)
 .text._ZN9UARTClass3endEv
                0x00083ba4       0x3c C:\Users\david\AppData\Local\Temp\VMBuilds\Rhino\arduino_due_x_dbg\Debug/core.a(UARTClass.cpp.o)
                0x00083ba4                UARTClass::end()
 .text._ZN9UARTClassC2EP4Uart4IRQnmP10RingBufferS4_
                0x00083be0       0x24 C:\Users\david\AppData\Local\Temp\VMBuilds\Rhino\arduino_due_x_dbg\Debug/core.a(UARTClass.cpp.o)
                0x00083be0                UARTClass::UARTClass(Uart*, IRQn, unsigned long, RingBuffer*, RingBuffer*)
                0x00083be0                UARTClass::UARTClass(Uart*, IRQn, unsigned long, RingBuffer*, RingBuffer*)
 .text._ZN9UARTClass4initEmm
                0x00083c04       0x70 C:\Users\david\AppData\Local\Temp\VMBuilds\Rhino\arduino_due_x_dbg\Debug/core.a(UARTClass.cpp.o)
                0x00083c04                UARTClass::init(unsigned long, unsigned long)
 .text._ZN9UARTClass5beginEm
                0x00083c74        0x8 C:\Users\david\AppData\Local\Temp\VMBuilds\Rhino\arduino_due_x_dbg\Debug/core.a(UARTClass.cpp.o)
                0x00083c74                UARTClass::begin(unsigned long)
 .text._ZN9UARTClass10IrqHandlerEv
                0x00083c7c       0x5a C:\Users\david\AppData\Local\Temp\VMBuilds\Rhino\arduino_due_x_dbg\Debug/core.a(UARTClass.cpp.o)
                0x00083c7c                UARTClass::IrqHandler()
 .text._ZN10USARTClass5beginEm
                0x00083cd6        0x8 C:\Users\david\AppData\Local\Temp\VMBuilds\Rhino\arduino_due_x_dbg\Debug/core.a(USARTClass.cpp.o)
                0x00083cd6                USARTClass::begin(unsigned long)
 *fill*         0x00083cde        0x2 
 .text._ZN10USARTClassC2EP5Usart4IRQnmP10RingBufferS4_
                0x00083ce0       0x24 C:\Users\david\AppData\Local\Temp\VMBuilds\Rhino\arduino_due_x_dbg\Debug/core.a(USARTClass.cpp.o)
                0x00083ce0                USARTClass::USARTClass(Usart*, IRQn, unsigned long, RingBuffer*, RingBuffer*)
                0x00083ce0                USARTClass::USARTClass(Usart*, IRQn, unsigned long, RingBuffer*, RingBuffer*)
 .text._watchdogDefaultSetup
                0x00083d04        0xc C:\Users\david\AppData\Local\Temp\VMBuilds\Rhino\arduino_due_x_dbg\Debug/core.a(watchdog.cpp.o)
                0x00083d04                _watchdogDefaultSetup
                0x00083d04                watchdogSetup()
 .text._ZN6StringD2Ev
                0x00083d10        0xe C:\Users\david\AppData\Local\Temp\VMBuilds\Rhino\arduino_due_x_dbg\Debug/core.a(WString.cpp.o)
                0x00083d10                String::~String()
                0x00083d10                String::~String()
 .text._ZN6String10invalidateEv
                0x00083d1e       0x16 C:\Users\david\AppData\Local\Temp\VMBuilds\Rhino\arduino_due_x_dbg\Debug/core.a(WString.cpp.o)
                0x00083d1e                String::invalidate()
 .text._ZN6String12changeBufferEj
                0x00083d34       0x18 C:\Users\david\AppData\Local\Temp\VMBuilds\Rhino\arduino_due_x_dbg\Debug/core.a(WString.cpp.o)
                0x00083d34                String::changeBuffer(unsigned int)
 .text._ZN6String7reserveEj
                0x00083d4c       0x22 C:\Users\david\AppData\Local\Temp\VMBuilds\Rhino\arduino_due_x_dbg\Debug/core.a(WString.cpp.o)
                0x00083d4c                String::reserve(unsigned int)
 .text._ZN6String4copyEPKcj
                0x00083d6e       0x26 C:\Users\david\AppData\Local\Temp\VMBuilds\Rhino\arduino_due_x_dbg\Debug/core.a(WString.cpp.o)
                0x00083d6e                String::copy(char const*, unsigned int)
 .text._ZN6StringC2EPKc
                0x00083d94       0x24 C:\Users\david\AppData\Local\Temp\VMBuilds\Rhino\arduino_due_x_dbg\Debug/core.a(WString.cpp.o)
                0x00083d94                String::String(char const*)
                0x00083d94                String::String(char const*)
 .text._ZN6StringaSERKS_
                0x00083db8       0x1e C:\Users\david\AppData\Local\Temp\VMBuilds\Rhino\arduino_due_x_dbg\Debug/core.a(WString.cpp.o)
                0x00083db8                String::operator=(String const&)
 .text._ZN6StringC2ERKS_
                0x00083dd6       0x14 C:\Users\david\AppData\Local\Temp\VMBuilds\Rhino\arduino_due_x_dbg\Debug/core.a(WString.cpp.o)
                0x00083dd6                String::String(String const&)
                0x00083dd6                String::String(String const&)
 .text._ZN6StringaSEPKc
                0x00083dea       0x22 C:\Users\david\AppData\Local\Temp\VMBuilds\Rhino\arduino_due_x_dbg\Debug/core.a(WString.cpp.o)
                0x00083dea                String::operator=(char const*)
 .text._ZN6StringC2Eih
                0x00083e0c       0x24 C:\Users\david\AppData\Local\Temp\VMBuilds\Rhino\arduino_due_x_dbg\Debug/core.a(WString.cpp.o)
                0x00083e0c                String::String(int, unsigned char)
                0x00083e0c                String::String(int, unsigned char)
 .text._ZN6StringC2Emh
                0x00083e30       0x24 C:\Users\david\AppData\Local\Temp\VMBuilds\Rhino\arduino_due_x_dbg\Debug/core.a(WString.cpp.o)
                0x00083e30                String::String(unsigned long, unsigned char)
                0x00083e30                String::String(unsigned long, unsigned char)
 .text._ZN6String6concatEPKcj
                0x00083e54       0x2e C:\Users\david\AppData\Local\Temp\VMBuilds\Rhino\arduino_due_x_dbg\Debug/core.a(WString.cpp.o)
                0x00083e54                String::concat(char const*, unsigned int)
 .text._ZplRK15StringSumHelperRK6String
                0x00083e82       0x1a C:\Users\david\AppData\Local\Temp\VMBuilds\Rhino\arduino_due_x_dbg\Debug/core.a(WString.cpp.o)
                0x00083e82                operator+(StringSumHelper const&, String const&)
 .text._ZplRK15StringSumHelperPKc
                0x00083e9c       0x24 C:\Users\david\AppData\Local\Temp\VMBuilds\Rhino\arduino_due_x_dbg\Debug/core.a(WString.cpp.o)
                0x00083e9c                operator+(StringSumHelper const&, char const*)
 .text.unlikely._ZL11USB_SendZlpv
                0x00083ec0       0x20 C:\Users\david\AppData\Local\Temp\VMBuilds\Rhino\arduino_due_x_dbg\Debug/core.a(USBCore.cpp.o)
 .text._Z14USBD_Availablem
                0x00083ee0       0x2c C:\Users\david\AppData\Local\Temp\VMBuilds\Rhino\arduino_due_x_dbg\Debug/core.a(USBCore.cpp.o)
                0x00083ee0                USBD_Available(unsigned long)
 .text._Z9USBD_RecvmPvm
                0x00083f0c       0x7c C:\Users\david\AppData\Local\Temp\VMBuilds\Rhino\arduino_due_x_dbg\Debug/core.a(USBCore.cpp.o)
                0x00083f0c                USBD_Recv(unsigned long, void*, unsigned long)
 .text._Z9USBD_Recvm
                0x00083f88       0x22 C:\Users\david\AppData\Local\Temp\VMBuilds\Rhino\arduino_due_x_dbg\Debug/core.a(USBCore.cpp.o)
                0x00083f88                USBD_Recv(unsigned long)
 *fill*         0x00083faa        0x2 
 .text._Z9USBD_SendmPKvm
                0x00083fac       0x4c C:\Users\david\AppData\Local\Temp\VMBuilds\Rhino\arduino_due_x_dbg\Debug/core.a(USBCore.cpp.o)
                0x00083fac                USBD_Send(unsigned long, void const*, unsigned long)
 .text._Z16USBD_SendControlhPKvm
                0x00083ff8       0x40 C:\Users\david\AppData\Local\Temp\VMBuilds\Rhino\arduino_due_x_dbg\Debug/core.a(USBCore.cpp.o)
                0x00083ff8                USBD_SendControl(unsigned char, void const*, unsigned long)
 .text.unlikely._ZL24USB_SendStringDescriptorPKhi
                0x00084038       0x64 C:\Users\david\AppData\Local\Temp\VMBuilds\Rhino\arduino_due_x_dbg\Debug/core.a(USBCore.cpp.o)
 .text._Z16USBD_RecvControlPvm
                0x0008409c       0x1c C:\Users\david\AppData\Local\Temp\VMBuilds\Rhino\arduino_due_x_dbg\Debug/core.a(USBCore.cpp.o)
                0x0008409c                USBD_RecvControl(void*, unsigned long)
 .text._Z26USBD_ClassInterfaceRequestR8USBSetup
                0x000840b8       0x1e C:\Users\david\AppData\Local\Temp\VMBuilds\Rhino\arduino_due_x_dbg\Debug/core.a(USBCore.cpp.o)
                0x000840b8                USBD_ClassInterfaceRequest(USBSetup&)
 .text._Z19USBD_SendInterfacesv
                0x000840d6       0x22 C:\Users\david\AppData\Local\Temp\VMBuilds\Rhino\arduino_due_x_dbg\Debug/core.a(USBCore.cpp.o)
                0x000840d6                USBD_SendInterfaces()
 .text._Z24USBD_SendOtherInterfacesv
                0x000840f8       0x22 C:\Users\david\AppData\Local\Temp\VMBuilds\Rhino\arduino_due_x_dbg\Debug/core.a(USBCore.cpp.o)
                0x000840f8                USBD_SendOtherInterfaces()
 .text._Z10USBD_Flushm
                0x0008411a       0x16 C:\Users\david\AppData\Local\Temp\VMBuilds\Rhino\arduino_due_x_dbg\Debug/core.a(USBCore.cpp.o)
                0x0008411a                USBD_Flush(unsigned long)
 .text._ZN10USBDevice_C2Ev
                0x00084130       0x24 C:\Users\david\AppData\Local\Temp\VMBuilds\Rhino\arduino_due_x_dbg\Debug/core.a(USBCore.cpp.o)
                0x00084130                USBDevice_::USBDevice_()
                0x00084130                USBDevice_::USBDevice_()
 .text._ZN10USBDevice_6attachEv
                0x00084154       0x20 C:\Users\david\AppData\Local\Temp\VMBuilds\Rhino\arduino_due_x_dbg\Debug/core.a(USBCore.cpp.o)
                0x00084154                USBDevice_::attach()
 .text.startup._GLOBAL__sub_I_EndPoints
                0x00084174        0xc C:\Users\david\AppData\Local\Temp\VMBuilds\Rhino\arduino_due_x_dbg\Debug/core.a(USBCore.cpp.o)
 .text._ZL7USB_ISRv
                0x00084180      0x454 C:\Users\david\AppData\Local\Temp\VMBuilds\Rhino\arduino_due_x_dbg\Debug/core.a(USBCore.cpp.o)
 .text.ltoa     0x000845d4       0x6e C:\Users\david\AppData\Local\Temp\VMBuilds\Rhino\arduino_due_x_dbg\Debug/core.a(itoa.c.o)
                0x000845d4                ltoa
 .text.itoa     0x00084642        0x4 C:\Users\david\AppData\Local\Temp\VMBuilds\Rhino\arduino_due_x_dbg\Debug/core.a(itoa.c.o)
                0x00084642                itoa
 .text.ultoa    0x00084646       0x52 C:\Users\david\AppData\Local\Temp\VMBuilds\Rhino\arduino_due_x_dbg\Debug/core.a(itoa.c.o)
                0x00084646                ultoa
 .text._ZN7Serial_9availableEv
                0x00084698       0x18 C:\Users\david\AppData\Local\Temp\VMBuilds\Rhino\arduino_due_x_dbg\Debug/core.a(CDC.cpp.o)
                0x00084698                Serial_::available()
 .text._ZN7Serial_17availableForWriteEv
                0x000846b0        0x6 C:\Users\david\AppData\Local\Temp\VMBuilds\Rhino\arduino_due_x_dbg\Debug/core.a(CDC.cpp.o)
                0x000846b0                Serial_::availableForWrite()
 *fill*         0x000846b6        0x2 
 .text._ZN7Serial_4peekEv
                0x000846b8       0x20 C:\Users\david\AppData\Local\Temp\VMBuilds\Rhino\arduino_due_x_dbg\Debug/core.a(CDC.cpp.o)
                0x000846b8                Serial_::peek()
 .text._ZN7Serial_5writeEh
                0x000846d8       0x16 C:\Users\david\AppData\Local\Temp\VMBuilds\Rhino\arduino_due_x_dbg\Debug/core.a(CDC.cpp.o)
                0x000846d8                Serial_::write(unsigned char)
 *fill*         0x000846ee        0x2 
 .text._ZN7Serial_4readEv
                0x000846f0       0x44 C:\Users\david\AppData\Local\Temp\VMBuilds\Rhino\arduino_due_x_dbg\Debug/core.a(CDC.cpp.o)
                0x000846f0                Serial_::read()
 .text._ZN7Serial_5flushEv
                0x00084734        0x6 C:\Users\david\AppData\Local\Temp\VMBuilds\Rhino\arduino_due_x_dbg\Debug/core.a(CDC.cpp.o)
                0x00084734                Serial_::flush()
 *fill*         0x0008473a        0x2 
 .text._ZN7Serial_6acceptEv
                0x0008473c       0x70 C:\Users\david\AppData\Local\Temp\VMBuilds\Rhino\arduino_due_x_dbg\Debug/core.a(CDC.cpp.o)
                0x0008473c                Serial_::accept()
 .text._ZN7Serial_5writeEPKhj
                0x000847ac       0x2c C:\Users\david\AppData\Local\Temp\VMBuilds\Rhino\arduino_due_x_dbg\Debug/core.a(CDC.cpp.o)
                0x000847ac                Serial_::write(unsigned char const*, unsigned int)
 .text._Z16CDC_GetInterfacePh
                0x000847d8       0x14 C:\Users\david\AppData\Local\Temp\VMBuilds\Rhino\arduino_due_x_dbg\Debug/core.a(CDC.cpp.o)
                0x000847d8                CDC_GetInterface(unsigned char*)
 .text._Z21CDC_GetOtherInterfacePh
                0x000847ec       0x14 C:\Users\david\AppData\Local\Temp\VMBuilds\Rhino\arduino_due_x_dbg\Debug/core.a(CDC.cpp.o)
                0x000847ec                CDC_GetOtherInterface(unsigned char*)
 .text._Z9CDC_SetupR8USBSetup
                0x00084800       0x78 C:\Users\david\AppData\Local\Temp\VMBuilds\Rhino\arduino_due_x_dbg\Debug/core.a(CDC.cpp.o)
                0x00084800                CDC_Setup(USBSetup&)
 .text.startup._GLOBAL__sub_I_cdc_rx_buffer
                0x00084878       0x1c C:\Users\david\AppData\Local\Temp\VMBuilds\Rhino\arduino_due_x_dbg\Debug/core.a(CDC.cpp.o)
 .text._ZN13PluggableUSB_12getInterfaceEPh
                0x00084894       0x28 C:\Users\david\AppData\Local\Temp\VMBuilds\Rhino\arduino_due_x_dbg\Debug/core.a(PluggableUSB.cpp.o)
                0x00084894                PluggableUSB_::getInterface(unsigned char*)
 .text._ZN13PluggableUSB_13getDescriptorER8USBSetup
                0x000848bc       0x1c C:\Users\david\AppData\Local\Temp\VMBuilds\Rhino\arduino_due_x_dbg\Debug/core.a(PluggableUSB.cpp.o)
                0x000848bc                PluggableUSB_::getDescriptor(USBSetup&)
 .text._ZN13PluggableUSB_12getShortNameEPc
                0x000848d8       0x1c C:\Users\david\AppData\Local\Temp\VMBuilds\Rhino\arduino_due_x_dbg\Debug/core.a(PluggableUSB.cpp.o)
                0x000848d8                PluggableUSB_::getShortName(char*)
 .text._ZN13PluggableUSB_5setupER8USBSetup
                0x000848f4       0x20 C:\Users\david\AppData\Local\Temp\VMBuilds\Rhino\arduino_due_x_dbg\Debug/core.a(PluggableUSB.cpp.o)
                0x000848f4                PluggableUSB_::setup(USBSetup&)
 .text._Z12PluggableUSBv
                0x00084914       0x28 C:\Users\david\AppData\Local\Temp\VMBuilds\Rhino\arduino_due_x_dbg\Debug/core.a(PluggableUSB.cpp.o)
                0x00084914                PluggableUSB()
 .text.TimeTick_Increment
                0x0008493c       0x10 C:\Users\david\AppData\Local\arduino15\packages\arduino\hardware\sam\1.6.11\variants\arduino_due_x/libsam_sam3x8e_gcc_rel.a(timetick.o)
                0x0008493c                TimeTick_Increment
 .text.GetTickCount
                0x0008494c        0xc C:\Users\david\AppData\Local\arduino15\packages\arduino\hardware\sam\1.6.11\variants\arduino_due_x/libsam_sam3x8e_gcc_rel.a(timetick.o)
                0x0008494c                GetTickCount
 .text.WDT_Disable
                0x00084958        0x8 C:\Users\david\AppData\Local\arduino15\packages\arduino\hardware\sam\1.6.11\variants\arduino_due_x/libsam_sam3x8e_gcc_rel.a(wdt.o)
                0x00084958                WDT_Disable
 .text.UDD_SetStack
                0x00084960        0xc C:\Users\david\AppData\Local\arduino15\packages\arduino\hardware\sam\1.6.11\variants\arduino_due_x/libsam_sam3x8e_gcc_rel.a(uotghs_device.o)
                0x00084960                UDD_SetStack
 .text.UDD_Init
                0x0008496c       0xd0 C:\Users\david\AppData\Local\arduino15\packages\arduino\hardware\sam\1.6.11\variants\arduino_due_x/libsam_sam3x8e_gcc_rel.a(uotghs_device.o)
                0x0008496c                UDD_Init
 .text.UDD_Attach
                0x00084a3c       0x50 C:\Users\david\AppData\Local\arduino15\packages\arduino\hardware\sam\1.6.11\variants\arduino_due_x/libsam_sam3x8e_gcc_rel.a(uotghs_device.o)
                0x00084a3c                UDD_Attach
 .text.UDD_InitEP
                0x00084a8c       0x2c C:\Users\david\AppData\Local\arduino15\packages\arduino\hardware\sam\1.6.11\variants\arduino_due_x/libsam_sam3x8e_gcc_rel.a(uotghs_device.o)
                0x00084a8c                UDD_InitEP
 .text.UDD_InitEndpoints
                0x00084ab8       0x3c C:\Users\david\AppData\Local\arduino15\packages\arduino\hardware\sam\1.6.11\variants\arduino_due_x/libsam_sam3x8e_gcc_rel.a(uotghs_device.o)
                0x00084ab8                UDD_InitEndpoints
 .text.UDD_WaitIN
                0x00084af4       0x10 C:\Users\david\AppData\Local\arduino15\packages\arduino\hardware\sam\1.6.11\variants\arduino_due_x/libsam_sam3x8e_gcc_rel.a(uotghs_device.o)
                0x00084af4                UDD_WaitIN
 .text.UDD_WaitOUT
                0x00084b04       0x10 C:\Users\david\AppData\Local\arduino15\packages\arduino\hardware\sam\1.6.11\variants\arduino_due_x/libsam_sam3x8e_gcc_rel.a(uotghs_device.o)
                0x00084b04                UDD_WaitOUT
 .text.UDD_ClearIN
                0x00084b14       0x18 C:\Users\david\AppData\Local\arduino15\packages\arduino\hardware\sam\1.6.11\variants\arduino_due_x/libsam_sam3x8e_gcc_rel.a(uotghs_device.o)
                0x00084b14                UDD_ClearIN
 .text.UDD_ClearOUT
                0x00084b2c       0x18 C:\Users\david\AppData\Local\arduino15\packages\arduino\hardware\sam\1.6.11\variants\arduino_due_x/libsam_sam3x8e_gcc_rel.a(uotghs_device.o)
                0x00084b2c                UDD_ClearOUT
 .text.UDD_ReceivedSetupInt
                0x00084b44       0x10 C:\Users\david\AppData\Local\arduino15\packages\arduino\hardware\sam\1.6.11\variants\arduino_due_x/libsam_sam3x8e_gcc_rel.a(uotghs_device.o)
                0x00084b44                UDD_ReceivedSetupInt
 .text.UDD_ClearSetupInt
                0x00084b54       0x10 C:\Users\david\AppData\Local\arduino15\packages\arduino\hardware\sam\1.6.11\variants\arduino_due_x/libsam_sam3x8e_gcc_rel.a(uotghs_device.o)
                0x00084b54                UDD_ClearSetupInt
 .text.UDD_Send
                0x00084b64       0x88 C:\Users\david\AppData\Local\arduino15\packages\arduino\hardware\sam\1.6.11\variants\arduino_due_x/libsam_sam3x8e_gcc_rel.a(uotghs_device.o)
                0x00084b64                UDD_Send
 .text.UDD_Send8
                0x00084bec       0x24 C:\Users\david\AppData\Local\arduino15\packages\arduino\hardware\sam\1.6.11\variants\arduino_due_x/libsam_sam3x8e_gcc_rel.a(uotghs_device.o)
                0x00084bec                UDD_Send8
 .text.UDD_Recv8
                0x00084c10       0x28 C:\Users\david\AppData\Local\arduino15\packages\arduino\hardware\sam\1.6.11\variants\arduino_due_x/libsam_sam3x8e_gcc_rel.a(uotghs_device.o)
                0x00084c10                UDD_Recv8
 .text.UDD_Recv
                0x00084c38       0x34 C:\Users\david\AppData\Local\arduino15\packages\arduino\hardware\sam\1.6.11\variants\arduino_due_x/libsam_sam3x8e_gcc_rel.a(uotghs_device.o)
                0x00084c38                UDD_Recv
 .text.UDD_Stall
                0x00084c6c       0x14 C:\Users\david\AppData\Local\arduino15\packages\arduino\hardware\sam\1.6.11\variants\arduino_due_x/libsam_sam3x8e_gcc_rel.a(uotghs_device.o)
                0x00084c6c                UDD_Stall
 .text.UDD_FifoByteCount
                0x00084c80       0x14 C:\Users\david\AppData\Local\arduino15\packages\arduino\hardware\sam\1.6.11\variants\arduino_due_x/libsam_sam3x8e_gcc_rel.a(uotghs_device.o)
                0x00084c80                UDD_FifoByteCount
 .text.UDD_ReleaseRX
                0x00084c94       0x28 C:\Users\david\AppData\Local\arduino15\packages\arduino\hardware\sam\1.6.11\variants\arduino_due_x/libsam_sam3x8e_gcc_rel.a(uotghs_device.o)
                0x00084c94                UDD_ReleaseRX
 .text.UDD_ReleaseTX
                0x00084cbc       0x28 C:\Users\david\AppData\Local\arduino15\packages\arduino\hardware\sam\1.6.11\variants\arduino_due_x/libsam_sam3x8e_gcc_rel.a(uotghs_device.o)
                0x00084cbc                UDD_ReleaseTX
 .text.UDD_SetAddress
                0x00084ce4       0x20 C:\Users\david\AppData\Local\arduino15\packages\arduino\hardware\sam\1.6.11\variants\arduino_due_x/libsam_sam3x8e_gcc_rel.a(uotghs_device.o)
                0x00084ce4                UDD_SetAddress
 .text.__libc_init_array
                0x00084d04       0x50 c:/users/david/appdata/local/arduino15/packages/arduino/tools/arm-none-eabi-gcc/4.8.3-2014q1/bin/../lib/gcc/arm-none-eabi/4.8.3/../../../../arm-none-eabi/lib/armv7-m\libg.a(lib_a-init.o)
                0x00084d04                __libc_init_array
 .text.iprintf  0x00084d54       0x28 c:/users/david/appdata/local/arduino15/packages/arduino/tools/arm-none-eabi-gcc/4.8.3-2014q1/bin/../lib/gcc/arm-none-eabi/4.8.3/../../../../arm-none-eabi/lib/armv7-m\libg.a(lib_a-iprintf.o)
                0x00084d54                iprintf
 .text.malloc   0x00084d7c       0x10 c:/users/david/appdata/local/arduino15/packages/arduino/tools/arm-none-eabi-gcc/4.8.3-2014q1/bin/../lib/gcc/arm-none-eabi/4.8.3/../../../../arm-none-eabi/lib/armv7-m\libg.a(lib_a-malloc.o)
                0x00084d7c                malloc
 .text.free     0x00084d8c       0x10 c:/users/david/appdata/local/arduino15/packages/arduino/tools/arm-none-eabi-gcc/4.8.3-2014q1/bin/../lib/gcc/arm-none-eabi/4.8.3/../../../../arm-none-eabi/lib/armv7-m\libg.a(lib_a-malloc.o)
                0x00084d8c                free
 .text._malloc_r
                0x00084d9c      0x538 c:/users/david/appdata/local/arduino15/packages/arduino/tools/arm-none-eabi-gcc/4.8.3-2014q1/bin/../lib/gcc/arm-none-eabi/4.8.3/../../../../arm-none-eabi/lib/armv7-m\libg.a(lib_a-mallocr.o)
                0x00084d9c                _malloc_r
 .text.memcmp   0x000852d4       0x68 c:/users/david/appdata/local/arduino15/packages/arduino/tools/arm-none-eabi-gcc/4.8.3-2014q1/bin/../lib/gcc/arm-none-eabi/4.8.3/../../../../arm-none-eabi/lib/armv7-m\libg.a(lib_a-memcmp.o)
                0x000852d4                memcmp
 .text          0x0008533c       0xec c:/users/david/appdata/local/arduino15/packages/arduino/tools/arm-none-eabi-gcc/4.8.3-2014q1/bin/../lib/gcc/arm-none-eabi/4.8.3/../../../../arm-none-eabi/lib/armv7-m\libg.a(lib_a-memcpy.o)
                0x0008533c                memcpy
 .text.memmove  0x00085428       0xcc c:/users/david/appdata/local/arduino15/packages/arduino/tools/arm-none-eabi-gcc/4.8.3-2014q1/bin/../lib/gcc/arm-none-eabi/4.8.3/../../../../arm-none-eabi/lib/armv7-m\libg.a(lib_a-memmove.o)
                0x00085428                memmove
 .text.memset   0x000854f4       0x94 c:/users/david/appdata/local/arduino15/packages/arduino/tools/arm-none-eabi-gcc/4.8.3-2014q1/bin/../lib/gcc/arm-none-eabi/4.8.3/../../../../arm-none-eabi/lib/armv7-m\libg.a(lib_a-memset.o)
                0x000854f4                memset
 .text.__malloc_lock
                0x00085588        0x4 c:/users/david/appdata/local/arduino15/packages/arduino/tools/arm-none-eabi-gcc/4.8.3-2014q1/bin/../lib/gcc/arm-none-eabi/4.8.3/../../../../arm-none-eabi/lib/armv7-m\libg.a(lib_a-mlock.o)
                0x00085588                __malloc_lock
 .text.__malloc_unlock
                0x0008558c        0x4 c:/users/david/appdata/local/arduino15/packages/arduino/tools/arm-none-eabi-gcc/4.8.3-2014q1/bin/../lib/gcc/arm-none-eabi/4.8.3/../../../../arm-none-eabi/lib/armv7-m\libg.a(lib_a-mlock.o)
                0x0008558c                __malloc_unlock
 .text.realloc  0x00085590       0x10 c:/users/david/appdata/local/arduino15/packages/arduino/tools/arm-none-eabi-gcc/4.8.3-2014q1/bin/../lib/gcc/arm-none-eabi/4.8.3/../../../../arm-none-eabi/lib/armv7-m\libg.a(lib_a-realloc.o)
                0x00085590                realloc
 .text._realloc_r
                0x000855a0      0x3c0 c:/users/david/appdata/local/arduino15/packages/arduino/tools/arm-none-eabi-gcc/4.8.3-2014q1/bin/../lib/gcc/arm-none-eabi/4.8.3/../../../../arm-none-eabi/lib/armv7-m\libg.a(lib_a-reallocr.o)
                0x000855a0                _realloc_r
 .text._sbrk_r  0x00085960       0x24 c:/users/david/appdata/local/arduino15/packages/arduino/tools/arm-none-eabi-gcc/4.8.3-2014q1/bin/../lib/gcc/arm-none-eabi/4.8.3/../../../../arm-none-eabi/lib/armv7-m\libg.a(lib_a-sbrkr.o)
                0x00085960                _sbrk_r
 .text.strchr   0x00085984       0xf4 c:/users/david/appdata/local/arduino15/packages/arduino/tools/arm-none-eabi-gcc/4.8.3-2014q1/bin/../lib/gcc/arm-none-eabi/4.8.3/../../../../arm-none-eabi/lib/armv7-m\libg.a(lib_a-strchr.o)
                0x00085984                strchr
 .text          0x00085a78      0x23c c:/users/david/appdata/local/arduino15/packages/arduino/tools/arm-none-eabi-gcc/4.8.3-2014q1/bin/../lib/gcc/arm-none-eabi/4.8.3/../../../../arm-none-eabi/lib/armv7-m\libg.a(lib_a-strcmp.o)
                0x00085a78                strcmp
 .text.strcpy   0x00085cb4       0xbc c:/users/david/appdata/local/arduino15/packages/arduino/tools/arm-none-eabi-gcc/4.8.3-2014q1/bin/../lib/gcc/arm-none-eabi/4.8.3/../../../../arm-none-eabi/lib/armv7-m\libg.a(lib_a-strcpy.o)
                0x00085cb4                strcpy
 .text.strlen   0x00085d70       0x60 c:/users/david/appdata/local/arduino15/packages/arduino/tools/arm-none-eabi-gcc/4.8.3-2014q1/bin/../lib/gcc/arm-none-eabi/4.8.3/../../../../arm-none-eabi/lib/armv7-m\libg.a(lib_a-strlen.o)
                0x00085d70                strlen
 .text.strncpy  0x00085dd0       0x64 c:/users/david/appdata/local/arduino15/packages/arduino/tools/arm-none-eabi-gcc/4.8.3-2014q1/bin/../lib/gcc/arm-none-eabi/4.8.3/../../../../arm-none-eabi/lib/armv7-m\libg.a(lib_a-strncpy.o)
                0x00085dd0                strncpy
 .text.kill     0x00085e34       0x10 c:/users/david/appdata/local/arduino15/packages/arduino/tools/arm-none-eabi-gcc/4.8.3-2014q1/bin/../lib/gcc/arm-none-eabi/4.8.3/../../../../arm-none-eabi/lib/armv7-m\libg.a(lib_a-syskill.o)
                0x00085e34                kill
 .text.__sprint_r.part.0
                0x00085e44       0x78 c:/users/david/appdata/local/arduino15/packages/arduino/tools/arm-none-eabi-gcc/4.8.3-2014q1/bin/../lib/gcc/arm-none-eabi/4.8.3/../../../../arm-none-eabi/lib/armv7-m\libg.a(lib_a-vfiprintf.o)
 .text._vfiprintf_r
                0x00085ebc      0xc54 c:/users/david/appdata/local/arduino15/packages/arduino/tools/arm-none-eabi-gcc/4.8.3-2014q1/bin/../lib/gcc/arm-none-eabi/4.8.3/../../../../arm-none-eabi/lib/armv7-m\libg.a(lib_a-vfiprintf.o)
                0x00085ebc                _vfiprintf_r
 .text.__sbprintf
                0x00086b10       0x7c c:/users/david/appdata/local/arduino15/packages/arduino/tools/arm-none-eabi-gcc/4.8.3-2014q1/bin/../lib/gcc/arm-none-eabi/4.8.3/../../../../arm-none-eabi/lib/armv7-m\libg.a(lib_a-vfiprintf.o)
 .text.__swsetup_r
                0x00086b8c       0xc4 c:/users/david/appdata/local/arduino15/packages/arduino/tools/arm-none-eabi-gcc/4.8.3-2014q1/bin/../lib/gcc/arm-none-eabi/4.8.3/../../../../arm-none-eabi/lib/armv7-m\libg.a(lib_a-wsetup.o)
                0x00086b8c                __swsetup_r
 .text.startup.register_fini
                0x00086c50       0x14 c:/users/david/appdata/local/arduino15/packages/arduino/tools/arm-none-eabi-gcc/4.8.3-2014q1/bin/../lib/gcc/arm-none-eabi/4.8.3/../../../../arm-none-eabi/lib/armv7-m\libg.a(lib_a-__call_atexit.o)
 .text.atexit   0x00086c64        0xc c:/users/david/appdata/local/arduino15/packages/arduino/tools/arm-none-eabi-gcc/4.8.3-2014q1/bin/../lib/gcc/arm-none-eabi/4.8.3/../../../../arm-none-eabi/lib/armv7-m\libg.a(lib_a-atexit.o)
                0x00086c64                atexit
 .text.__sflush_r
                0x00086c70      0x148 c:/users/david/appdata/local/arduino15/packages/arduino/tools/arm-none-eabi-gcc/4.8.3-2014q1/bin/../lib/gcc/arm-none-eabi/4.8.3/../../../../arm-none-eabi/lib/armv7-m\libg.a(lib_a-fflush.o)
                0x00086c70                __sflush_r
 .text._fflush_r
                0x00086db8       0x2c c:/users/david/appdata/local/arduino15/packages/arduino/tools/arm-none-eabi-gcc/4.8.3-2014q1/bin/../lib/gcc/arm-none-eabi/4.8.3/../../../../arm-none-eabi/lib/armv7-m\libg.a(lib_a-fflush.o)
                0x00086db8                _fflush_r
 .text._cleanup_r
                0x00086de4        0xc c:/users/david/appdata/local/arduino15/packages/arduino/tools/arm-none-eabi-gcc/4.8.3-2014q1/bin/../lib/gcc/arm-none-eabi/4.8.3/../../../../arm-none-eabi/lib/armv7-m\libg.a(lib_a-findfp.o)
                0x00086de4                _cleanup_r
 .text.__sinit  0x00086df0       0xf4 c:/users/david/appdata/local/arduino15/packages/arduino/tools/arm-none-eabi-gcc/4.8.3-2014q1/bin/../lib/gcc/arm-none-eabi/4.8.3/../../../../arm-none-eabi/lib/armv7-m\libg.a(lib_a-findfp.o)
                0x00086df0                __sinit
 .text.__sfp_lock_acquire
                0x00086ee4        0x4 c:/users/david/appdata/local/arduino15/packages/arduino/tools/arm-none-eabi-gcc/4.8.3-2014q1/bin/../lib/gcc/arm-none-eabi/4.8.3/../../../../arm-none-eabi/lib/armv7-m\libg.a(lib_a-findfp.o)
                0x00086ee4                __sfp_lock_acquire
 .text.__sfp_lock_release
                0x00086ee8        0x4 c:/users/david/appdata/local/arduino15/packages/arduino/tools/arm-none-eabi-gcc/4.8.3-2014q1/bin/../lib/gcc/arm-none-eabi/4.8.3/../../../../arm-none-eabi/lib/armv7-m\libg.a(lib_a-findfp.o)
                0x00086ee8                __sfp_lock_release
 .text.__libc_fini_array
                0x00086eec       0x30 c:/users/david/appdata/local/arduino15/packages/arduino/tools/arm-none-eabi-gcc/4.8.3-2014q1/bin/../lib/gcc/arm-none-eabi/4.8.3/../../../../arm-none-eabi/lib/armv7-m\libg.a(lib_a-fini.o)
                0x00086eec                __libc_fini_array
 .text._fputwc_r
                0x00086f1c       0xc0 c:/users/david/appdata/local/arduino15/packages/arduino/tools/arm-none-eabi-gcc/4.8.3-2014q1/bin/../lib/gcc/arm-none-eabi/4.8.3/../../../../arm-none-eabi/lib/armv7-m\libg.a(lib_a-fputwc.o)
                0x00086f1c                _fputwc_r
 .text._malloc_trim_r
                0x00086fdc       0x9c c:/users/david/appdata/local/arduino15/packages/arduino/tools/arm-none-eabi-gcc/4.8.3-2014q1/bin/../lib/gcc/arm-none-eabi/4.8.3/../../../../arm-none-eabi/lib/armv7-m\libg.a(lib_a-freer.o)
                0x00086fdc                _malloc_trim_r
 .text._free_r  0x00087078      0x198 c:/users/david/appdata/local/arduino15/packages/arduino/tools/arm-none-eabi-gcc/4.8.3-2014q1/bin/../lib/gcc/arm-none-eabi/4.8.3/../../../../arm-none-eabi/lib/armv7-m\libg.a(lib_a-freer.o)
                0x00087078                _free_r
 .text.__sfvwrite_r
                0x00087210      0x314 c:/users/david/appdata/local/arduino15/packages/arduino/tools/arm-none-eabi-gcc/4.8.3-2014q1/bin/../lib/gcc/arm-none-eabi/4.8.3/../../../../arm-none-eabi/lib/armv7-m\libg.a(lib_a-fvwrite.o)
                0x00087210                __sfvwrite_r
 .text._fwalk   0x00087524       0x48 c:/users/david/appdata/local/arduino15/packages/arduino/tools/arm-none-eabi-gcc/4.8.3-2014q1/bin/../lib/gcc/arm-none-eabi/4.8.3/../../../../arm-none-eabi/lib/armv7-m\libg.a(lib_a-fwalk.o)
                0x00087524                _fwalk
 .text.__locale_charset
                0x0008756c        0x8 c:/users/david/appdata/local/arduino15/packages/arduino/tools/arm-none-eabi-gcc/4.8.3-2014q1/bin/../lib/gcc/arm-none-eabi/4.8.3/../../../../arm-none-eabi/lib/armv7-m\libg.a(lib_a-locale.o)
                0x0008756c                __locale_charset
 .text.__locale_mb_cur_max
                0x00087574        0xc c:/users/david/appdata/local/arduino15/packages/arduino/tools/arm-none-eabi-gcc/4.8.3-2014q1/bin/../lib/gcc/arm-none-eabi/4.8.3/../../../../arm-none-eabi/lib/armv7-m\libg.a(lib_a-locale.o)
                0x00087574                __locale_mb_cur_max
 .text.__smakebuf_r
                0x00087580       0xe0 c:/users/david/appdata/local/arduino15/packages/arduino/tools/arm-none-eabi-gcc/4.8.3-2014q1/bin/../lib/gcc/arm-none-eabi/4.8.3/../../../../arm-none-eabi/lib/armv7-m\libg.a(lib_a-makebuf.o)
                0x00087580                __smakebuf_r
 .text.memchr   0x00087660       0x94 c:/users/david/appdata/local/arduino15/packages/arduino/tools/arm-none-eabi-gcc/4.8.3-2014q1/bin/../lib/gcc/arm-none-eabi/4.8.3/../../../../arm-none-eabi/lib/armv7-m\libg.a(lib_a-memchr-stub.o)
                0x00087660                memchr
 .text._kill_r  0x000876f4       0x28 c:/users/david/appdata/local/arduino15/packages/arduino/tools/arm-none-eabi-gcc/4.8.3-2014q1/bin/../lib/gcc/arm-none-eabi/4.8.3/../../../../arm-none-eabi/lib/armv7-m\libg.a(lib_a-signalr.o)
                0x000876f4                _kill_r
 .text.__sread  0x0008771c       0x24 c:/users/david/appdata/local/arduino15/packages/arduino/tools/arm-none-eabi-gcc/4.8.3-2014q1/bin/../lib/gcc/arm-none-eabi/4.8.3/../../../../arm-none-eabi/lib/armv7-m\libg.a(lib_a-stdio.o)
                0x0008771c                __sread
 .text.__swrite
                0x00087740       0x38 c:/users/david/appdata/local/arduino15/packages/arduino/tools/arm-none-eabi-gcc/4.8.3-2014q1/bin/../lib/gcc/arm-none-eabi/4.8.3/../../../../arm-none-eabi/lib/armv7-m\libg.a(lib_a-stdio.o)
                0x00087740                __swrite
 .text.__sseek  0x00087778       0x20 c:/users/david/appdata/local/arduino15/packages/arduino/tools/arm-none-eabi-gcc/4.8.3-2014q1/bin/../lib/gcc/arm-none-eabi/4.8.3/../../../../arm-none-eabi/lib/armv7-m\libg.a(lib_a-stdio.o)
                0x00087778                __sseek
 .text.__sclose
                0x00087798        0x8 c:/users/david/appdata/local/arduino15/packages/arduino/tools/arm-none-eabi-gcc/4.8.3-2014q1/bin/../lib/gcc/arm-none-eabi/4.8.3/../../../../arm-none-eabi/lib/armv7-m\libg.a(lib_a-stdio.o)
                0x00087798                __sclose
 .text.__swbuf_r
                0x000877a0       0xa8 c:/users/david/appdata/local/arduino15/packages/arduino/tools/arm-none-eabi-gcc/4.8.3-2014q1/bin/../lib/gcc/arm-none-eabi/4.8.3/../../../../arm-none-eabi/lib/armv7-m\libg.a(lib_a-wbuf.o)
                0x000877a0                __swbuf_r
 .text._wcrtomb_r
                0x00087848       0x50 c:/users/david/appdata/local/arduino15/packages/arduino/tools/arm-none-eabi-gcc/4.8.3-2014q1/bin/../lib/gcc/arm-none-eabi/4.8.3/../../../../arm-none-eabi/lib/armv7-m\libg.a(lib_a-wcrtomb.o)
                0x00087848                _wcrtomb_r
 .text.__ascii_wctomb
                0x00087898       0x1c c:/users/david/appdata/local/arduino15/packages/arduino/tools/arm-none-eabi-gcc/4.8.3-2014q1/bin/../lib/gcc/arm-none-eabi/4.8.3/../../../../arm-none-eabi/lib/armv7-m\libg.a(lib_a-wctomb_r.o)
                0x00087898                __ascii_wctomb
 .text._write_r
                0x000878b4       0x28 c:/users/david/appdata/local/arduino15/packages/arduino/tools/arm-none-eabi-gcc/4.8.3-2014q1/bin/../lib/gcc/arm-none-eabi/4.8.3/../../../../arm-none-eabi/lib/armv7-m\libg.a(lib_a-writer.o)
                0x000878b4                _write_r
 .text.__register_exitproc
                0x000878dc       0xa8 c:/users/david/appdata/local/arduino15/packages/arduino/tools/arm-none-eabi-gcc/4.8.3-2014q1/bin/../lib/gcc/arm-none-eabi/4.8.3/../../../../arm-none-eabi/lib/armv7-m\libg.a(lib_a-__atexit.o)
                0x000878dc                __register_exitproc
 .text._close_r
                0x00087984       0x24 c:/users/david/appdata/local/arduino15/packages/arduino/tools/arm-none-eabi-gcc/4.8.3-2014q1/bin/../lib/gcc/arm-none-eabi/4.8.3/../../../../arm-none-eabi/lib/armv7-m\libg.a(lib_a-closer.o)
                0x00087984                _close_r
 .text._fclose_r
                0x000879a8       0x80 c:/users/david/appdata/local/arduino15/packages/arduino/tools/arm-none-eabi-gcc/4.8.3-2014q1/bin/../lib/gcc/arm-none-eabi/4.8.3/../../../../arm-none-eabi/lib/armv7-m\libg.a(lib_a-fclose.o)
                0x000879a8                _fclose_r
 .text.fclose   0x00087a28       0x10 c:/users/david/appdata/local/arduino15/packages/arduino/tools/arm-none-eabi-gcc/4.8.3-2014q1/bin/../lib/gcc/arm-none-eabi/4.8.3/../../../../arm-none-eabi/lib/armv7-m\libg.a(lib_a-fclose.o)
                0x00087a28                fclose
 .text._fstat_r
                0x00087a38       0x28 c:/users/david/appdata/local/arduino15/packages/arduino/tools/arm-none-eabi-gcc/4.8.3-2014q1/bin/../lib/gcc/arm-none-eabi/4.8.3/../../../../arm-none-eabi/lib/armv7-m\libg.a(lib_a-fstatr.o)
                0x00087a38                _fstat_r
 .text._isatty_r
                0x00087a60       0x24 c:/users/david/appdata/local/arduino15/packages/arduino/tools/arm-none-eabi-gcc/4.8.3-2014q1/bin/../lib/gcc/arm-none-eabi/4.8.3/../../../../arm-none-eabi/lib/armv7-m\libg.a(lib_a-isattyr.o)
                0x00087a60                _isatty_r
 .text._lseek_r
                0x00087a84       0x28 c:/users/david/appdata/local/arduino15/packages/arduino/tools/arm-none-eabi-gcc/4.8.3-2014q1/bin/../lib/gcc/arm-none-eabi/4.8.3/../../../../arm-none-eabi/lib/armv7-m\libg.a(lib_a-lseekr.o)
                0x00087a84                _lseek_r
 .text._read_r  0x00087aac       0x28 c:/users/david/appdata/local/arduino15/packages/arduino/tools/arm-none-eabi-gcc/4.8.3-2014q1/bin/../lib/gcc/arm-none-eabi/4.8.3/../../../../arm-none-eabi/lib/armv7-m\libg.a(lib_a-readr.o)
                0x00087aac                _read_r
 .text          0x00087ad4       0x2c c:/users/david/appdata/local/arduino15/packages/arduino/tools/arm-none-eabi-gcc/4.8.3-2014q1/bin/../lib/gcc/arm-none-eabi/4.8.3/armv7-m\libgcc.a(_aeabi_uldivmod.o)
                0x00087ad4                __aeabi_uldivmod
 .text          0x00087b00       0x60 c:/users/david/appdata/local/arduino15/packages/arduino/tools/arm-none-eabi-gcc/4.8.3-2014q1/bin/../lib/gcc/arm-none-eabi/4.8.3/armv7-m\libgcc.a(bpabi.o)
                0x00087b00                __gnu_ldivmod_helper
                0x00087b30                __gnu_uldivmod_helper
 .text          0x00087b60        0x4 c:/users/david/appdata/local/arduino15/packages/arduino/tools/arm-none-eabi-gcc/4.8.3-2014q1/bin/../lib/gcc/arm-none-eabi/4.8.3/armv7-m\libgcc.a(_dvmd_tls.o)
                0x00087b60                __aeabi_idiv0
                0x00087b60                __aeabi_ldiv0
 .text          0x00087b64      0x2a0 c:/users/david/appdata/local/arduino15/packages/arduino/tools/arm-none-eabi-gcc/4.8.3-2014q1/bin/../lib/gcc/arm-none-eabi/4.8.3/armv7-m\libgcc.a(_divdi3.o)
                0x00087b64                __divdi3
 .text          0x00087e04      0x290 c:/users/david/appdata/local/arduino15/packages/arduino/tools/arm-none-eabi-gcc/4.8.3-2014q1/bin/../lib/gcc/arm-none-eabi/4.8.3/armv7-m\libgcc.a(_udivdi3.o)
                0x00087e04                __udivdi3
 *(.glue_7t)
 .glue_7t       0x00000000        0x0 linker stubs
 *(.glue_7)
 .glue_7        0x00000000        0x0 linker stubs
 *(.rodata .rodata* .gnu.linkonce.r.*)
 .rodata.str1.1
                0x00088094      0x213 C:\Users\david\AppData\Local\Temp\VMBuilds\Rhino\arduino_due_x_dbg\Debug\Rhino.cpp.o
                                0x2db (size before relaxing)
 *fill*         0x000882a7        0x1 
 .rodata._ZTVN5SDLib4FileE
                0x000882a8       0x20 C:\Users\david\AppData\Local\Temp\VMBuilds\Rhino\arduino_due_x_dbg\Debug\SD\File.cpp.o
                0x000882a8                vtable for SDLib::File
 .rodata.str1.1
                0x000882c8        0x2 C:\Users\david\AppData\Local\Temp\VMBuilds\Rhino\arduino_due_x_dbg\Debug\SD\SD.cpp.o
 .rodata.str1.1
                0x000882ca       0x10 C:\Users\david\AppData\Local\Temp\VMBuilds\Rhino\arduino_due_x_dbg\Debug\SD\utility\SdFile.cpp.o
 *fill*         0x000882da        0x6 
 .rodata._ZTV6SdFile
                0x000882e0       0x10 C:\Users\david\AppData\Local\Temp\VMBuilds\Rhino\arduino_due_x_dbg\Debug\SD\utility\SdFile.cpp.o
                0x000882e0                vtable for SdFile
 .rodata        0x000882f0       0x88 C:\Users\david\AppData\Local\Temp\VMBuilds\Rhino\arduino_due_x_dbg\Debug\IcarusXbee\IcarusXbee.cpp.o
 .rodata.str1.1
                0x00088378       0x44 C:\Users\david\AppData\Local\Temp\VMBuilds\Rhino\arduino_due_x_dbg\Debug\IcarusXbee\IcarusXbee.cpp.o
 *fill*         0x000883bc        0x4 
 .rodata._ZTV11ZBTxRequest
                0x000883c0       0x10 C:\Users\david\AppData\Local\Temp\VMBuilds\Rhino\arduino_due_x_dbg\Debug\xbee-arduino-master\XBee.cpp.o
                0x000883c0                vtable for ZBTxRequest
 .rodata._ZTV12ZBRxResponse
                0x000883d0       0x10 C:\Users\david\AppData\Local\Temp\VMBuilds\Rhino\arduino_due_x_dbg\Debug\xbee-arduino-master\XBee.cpp.o
                0x000883d0                vtable for ZBRxResponse
 .rodata.g_APinDescription
                0x000883e0      0xa2c C:\Users\david\AppData\Local\Temp\VMBuilds\Rhino\arduino_due_x_dbg\Debug\variant\variant.cpp.o
                0x000883e0                g_APinDescription